[    0.000000] Linux version 6.17.7-decui-dirty (root@madiL192-7) (gcc (Ubuntu 11.4.0-1ubuntu1~22.04.2) 11.4.0, GNU ld (GNU Binutils for Ubuntu) 2.38) #5 SMP Thu Nov  6 09:44:28 UTC 2025
[    0.000000] Command line: BOOT_IMAGE=/boot/vmlinuz-6.17.7-decui-dirty root=UUID=85a32921-52b7-4d2d-9c02-a565b70bc919 ro console=tty1 console=ttyS0 earlyprintk=ttyS0 nvme_core.io_timeout=240 ignore_loglevel sysrq_always_enabled trace_buf_size=50M
[    0.000000] KERNEL supported cpus:
[    0.000000]   Intel GenuineIntel
[    0.000000]   AMD AuthenticAMD
[    0.000000]   Hygon HygonGenuine
[    0.000000]   Centaur CentaurHauls
[    0.000000]   zhaoxin   Shanghai  
[    0.000000] BIOS-provided physical RAM map:
[    0.000000] BIOS-e820: [mem 0x0000000000000000-0x000000000009ffff] usable
[    0.000000] BIOS-e820: [mem 0x00000000000c0000-0x00000000000fffff] reserved
[    0.000000] BIOS-e820: [mem 0x0000000000100000-0x00000000044d5fff] usable
[    0.000000] BIOS-e820: [mem 0x00000000044d6000-0x00000000044d7fff] reserved
[    0.000000] BIOS-e820: [mem 0x00000000044d8000-0x00000000044fefff] usable
[    0.000000] BIOS-e820: [mem 0x00000000044ff000-0x00000000048fefff] reserved
[    0.000000] BIOS-e820: [mem 0x00000000048ff000-0x0000000034e71fff] usable
[    0.000000] BIOS-e820: [mem 0x0000000034e72000-0x0000000034e80fff] ACPI data
[    0.000000] BIOS-e820: [mem 0x0000000034e81000-0x000000003ecf0fff] usable
[    0.000000] BIOS-e820: [mem 0x000000003ecf1000-0x000000003ecf8fff] ACPI NVS
[    0.000000] BIOS-e820: [mem 0x000000003ecf9000-0x000000003ff1efff] usable
[    0.000000] BIOS-e820: [mem 0x000000003ff1f000-0x000000003ffc8fff] reserved
[    0.000000] BIOS-e820: [mem 0x000000003ffc9000-0x000000003fffafff] ACPI data
[    0.000000] BIOS-e820: [mem 0x000000003fffb000-0x000000003fffefff] ACPI NVS
[    0.000000] BIOS-e820: [mem 0x000000003ffff000-0x000000003fffffff] usable
[    0.000000] BIOS-e820: [mem 0x0000000100000000-0x0000000fbfffffff] usable
[    0.000000] BIOS-e820: [mem 0x0000001000000000-0x000001caffffffff] usable
[    0.000000] printk: legacy bootconsole [earlyser0] enabled
[    0.000000] printk: debug: ignoring loglevel setting.
[    0.000000] NX (Execute Disable) protection: active
[    0.000000] APIC: Static calls initialized
[    0.000000] efi: EFI v2.7 by Microsoft
[    0.000000] efi: ACPI=0x3fffa000 ACPI 2.0=0x3fffa014 SMBIOS=0x3ff88000 SMBIOS 3.0=0x3ff86000 TPMFinalLog=0x3ecf1000 MEMATTR=0x3e952018 MOKvar=0x3ff84000 RNG=0x3ffd0018 TPMEventLog=0x34e72018 
[    0.000000] random: crng init done
[    0.000000] SMBIOS 3.1.0 present.
[    0.000000] DMI: Microsoft Corporation Virtual Machine/Virtual Machine, BIOS Hyper-V UEFI Release v4.1 07/25/2025
[    0.000000] DMI: Memory slots populated: 6/6
[    0.000000] Hypervisor detected: Microsoft Hyper-V
[    0.000000] Hyper-V: privilege flags low 0xae7f, high 0x3b8030, ext 0x62, hints 0x9e4e24, misc 0xe0bed7b2
[    0.000000] Hyper-V: Nested features: 0x3e0101
[    0.000000] Hyper-V: LAPIC Timer Frequency: 0x30d40
[    0.000000] Hyper-V: Using hypercall for remote TLB flush
[    0.000000] clocksource: hyperv_clocksource_tsc_page: mask: 0xffffffffffffffff max_cycles: 0x24e6a1710, max_idle_ns: 440795202120 ns
[    0.000000] clocksource: hyperv_clocksource_msr: mask: 0xffffffffffffffff max_cycles: 0x24e6a1710, max_idle_ns: 440795202120 ns
[    0.000000] tsc: Detected 2300.000 MHz processor
[    0.000005] e820: update [mem 0x00000000-0x00000fff] usable ==> reserved
[    0.004728] e820: remove [mem 0x000a0000-0x000fffff] usable
[    0.008611] last_pfn = 0x1cb00000 max_arch_pfn = 0x10000000000
[    0.012750] MTRR map: 4 entries (2 fixed + 2 variable; max 18), built from 8 variable MTRRs
[    0.018640] x86/PAT: Configuration [0-7]: WB  WC  UC- UC  WB  WP  UC- WT  
[    0.023577] e820: update [mem 0x48000000-0xffffffff] usable ==> reserved
[    0.030376] last_pfn = 0x40000 max_arch_pfn = 0x10000000000
[    0.040234] Using GB pages for direct mapping
[    0.043531] Secure boot disabled
[    0.045611] RAMDISK: [mem 0x34e83000-0x36107fff]
[    0.048905] ACPI: Early table checksum verification disabled
[    0.052865] ACPI: RSDP 0x000000003FFFA014 000024 (v02 VRTUAL)
[    0.056902] ACPI: XSDT 0x000000003FFF90E8 00006C (v01 VRTUAL MICROSFT 00000001 MSFT 00000001)
[    0.062918] ACPI: FACP 0x000000003FFF8000 000114 (v06 VRTUAL MICROSFT 00000001 MSFT 00000001)
[    0.068882] ACPI: DSDT 0x000000003FFD6000 01E22B (v02 MSFTVM DSDT01   00000001 INTL 20230628)
[    0.074833] ACPI: FACS 0x000000003FFFE000 000040
[    0.077947] ACPI: OEM0 0x000000003FFF7000 000064 (v01 VRTUAL MICROSFT 00000001 MSFT 00000001)
[    0.084207] ACPI: SPCR 0x000000003FFF6000 000050 (v02 VRTUAL MICROSFT 00000001 MSFT 00000001)
[    0.090182] ACPI: WAET 0x000000003FFF5000 000028 (v01 VRTUAL MICROSFT 00000001 MSFT 00000001)
[    0.096226] ACPI: APIC 0x000000003FFD5000 000648 (v05 HVLITE HVLITETB 00000000 MSHV 00000000)
[    0.102169] ACPI: SRAT 0x000000003FFD4000 000D20 (v03 HVLITE HVLITETB 00000000 MSHV 00000000)
[    0.108067] ACPI: SLIT 0x000000003FFD3000 00003C (v01 VRTUAL MICROSFT 00000001 MSFT 00000001)
[    0.114038] ACPI: TPM2 0x000000003FFD2000 000034 (v03 VRTUAL VTPM     00000001 MSFT 00000001)
[    0.119955] ACPI: BGRT 0x000000003FFD1000 000038 (v01 VRTUAL MICROSFT 00000001 MSFT 00000001)
[    0.125864] ACPI: Reserving FACP table memory at [mem 0x3fff8000-0x3fff8113]
[    0.130833] ACPI: Reserving DSDT table memory at [mem 0x3ffd6000-0x3fff422a]
[    0.135773] ACPI: Reserving FACS table memory at [mem 0x3fffe000-0x3fffe03f]
[    0.140648] ACPI: Reserving OEM0 table memory at [mem 0x3fff7000-0x3fff7063]
[    0.145742] ACPI: Reserving SPCR table memory at [mem 0x3fff6000-0x3fff604f]
[    0.150709] ACPI: Reserving WAET table memory at [mem 0x3fff5000-0x3fff5027]
[    0.155602] ACPI: Reserving APIC table memory at [mem 0x3ffd5000-0x3ffd5647]
[    0.160541] ACPI: Reserving SRAT table memory at [mem 0x3ffd4000-0x3ffd4d1f]
[    0.165522] ACPI: Reserving SLIT table memory at [mem 0x3ffd3000-0x3ffd303b]
[    0.172158] ACPI: Reserving TPM2 table memory at [mem 0x3ffd2000-0x3ffd2033]
[    0.177284] ACPI: Reserving BGRT table memory at [mem 0x3ffd1000-0x3ffd1037]
[    0.182348] ACPI: SRAT: Node 0 PXM 0 [mem 0x00000000-0x3fffffff]
[    0.186535] ACPI: SRAT: Node 0 PXM 0 [mem 0x100000000-0xfbfffffff]
[    0.190961] ACPI: SRAT: Node 0 PXM 0 [mem 0x1000000000-0x737fffffff]
[    0.195418] ACPI: SRAT: Node 1 PXM 1 [mem 0x7380000000-0xe5ffffffff]
[    0.199864] ACPI: SRAT: Node 2 PXM 2 [mem 0xe600000000-0x1587fffffff]
[    0.204260] ACPI: SRAT: Node 3 PXM 3 [mem 0x15880000000-0x1caffffffff]
[    0.209169] NUMA: Node 0 [mem 0x00001000-0x3fffffff] + [mem 0x100000000-0xfbfffffff] -> [mem 0x00001000-0xfbfffffff]
[    0.216560] NUMA: Node 0 [mem 0x00001000-0xfbfffffff] + [mem 0x1000000000-0x737fffffff] -> [mem 0x00001000-0x737fffffff]
[    0.224835] NODE_DATA(0) allocated [mem 0x737ffd5540-0x737fffffff]
[    0.229242] NODE_DATA(1) allocated [mem 0xe5fffd5540-0xe5ffffffff]
[    0.233554] NODE_DATA(2) allocated [mem 0x1587ffd5540-0x1587fffffff]
[    0.238061] NODE_DATA(3) allocated [mem 0x1cafffd2540-0x1caffffcfff]
[    0.243884] Zone ranges:
[    0.245559]   DMA      [mem 0x0000000000001000-0x0000000000ffffff]
[    0.249894]   DMA32    [mem 0x0000000001000000-0x00000000ffffffff]
[    0.254369]   Normal   [mem 0x0000000100000000-0x000001caffffffff]
[    0.258670]   Device   empty
[    0.260706] Movable zone start for each node
[    0.263723] Early memory node ranges
[    0.266240]   node   0: [mem 0x0000000000001000-0x000000000009ffff]
[    0.278164]   node   0: [mem 0x0000000000100000-0x00000000044d5fff]
[    0.282530]   node   0: [mem 0x00000000044d8000-0x00000000044fefff]
[    0.287103]   node   0: [mem 0x00000000048ff000-0x0000000034e71fff]
[    0.291522]   node   0: [mem 0x0000000034e81000-0x000000003ecf0fff]
[    0.295935]   node   0: [mem 0x000000003ecf9000-0x000000003ff1efff]
[    0.300408]   node   0: [mem 0x000000003ffff000-0x000000003fffffff]
[    0.304806]   node   0: [mem 0x0000000100000000-0x0000000fbfffffff]
[    0.309293]   node   0: [mem 0x0000001000000000-0x000000737fffffff]
[    0.313726]   node   1: [mem 0x0000007380000000-0x000000e5ffffffff]
[    0.318107]   node   2: [mem 0x000000e600000000-0x000001587fffffff]
[    0.322458]   node   3: [mem 0x0000015880000000-0x000001caffffffff]
[    0.326824] Initmem setup node 0 [mem 0x0000000000001000-0x000000737fffffff]
[    0.331765] Initmem setup node 1 [mem 0x0000007380000000-0x000000e5ffffffff]
[    0.336761] Initmem setup node 2 [mem 0x000000e600000000-0x000001587fffffff]
[    0.341793] Initmem setup node 3 [mem 0x0000015880000000-0x000001caffffffff]
[    0.346694] On node 0, zone DMA: 1 pages in unavailable ranges
[    0.351026] On node 0, zone DMA: 96 pages in unavailable ranges
[    0.355250] On node 0, zone DMA32: 2 pages in unavailable ranges
[    0.360832] On node 0, zone DMA32: 1024 pages in unavailable ranges
[    0.365537] On node 0, zone DMA32: 15 pages in unavailable ranges
[    0.369832] On node 0, zone DMA32: 8 pages in unavailable ranges
[    0.374015] On node 0, zone DMA32: 224 pages in unavailable ranges
[    4.376100] ACPI: PM-Timer IO Port: 0x408
[    4.378958] ACPI: LAPIC_NMI (acpi_id[0x01] dfl dfl lint[0x1])
[    4.383053] IOAPIC[0]: apic_id 0, version 17, address 0xfec00000, GSI 0-23
[    4.387943] ACPI: INT_SRC_OVR (bus 0 bus_irq 9 global_irq 9 high level)
[    4.392657] ACPI: Using ACPI (MADT) for SMP configuration information
[    4.397220] ACPI: SPCR: console: uart,io,0x3f8,115200
[    4.400818] TSC deadline timer available
[    4.403600] CPU topo: Max. logical packages:   2
[    4.406827] CPU topo: Max. logical dies:       2
[    4.410110] CPU topo: Max. dies per package:   1
[    4.413386] CPU topo: Max. threads per core:   2
[    4.416632] CPU topo: Num. cores per package:    48
[    4.420090] CPU topo: Num. threads per package:  96
[    4.423576] CPU topo: Allowing 192 present CPUs plus 0 hotplug CPUs
[    4.428012] PM: hibernation: Registered nosave memory: [mem 0x00000000-0x00000fff]
[    4.433611] PM: hibernation: Registered nosave memory: [mem 0x000a0000-0x000fffff]
[    4.438957] PM: hibernation: Registered nosave memory: [mem 0x044d6000-0x044d7fff]
[    4.444375] PM: hibernation: Registered nosave memory: [mem 0x044ff000-0x048fefff]
[    4.449854] PM: hibernation: Registered nosave memory: [mem 0x34e72000-0x34e80fff]
[    4.455246] PM: hibernation: Registered nosave memory: [mem 0x3ecf1000-0x3ecf8fff]
[    4.460534] PM: hibernation: Registered nosave memory: [mem 0x3ff1f000-0x3fffefff]
[    4.465872] PM: hibernation: Registered nosave memory: [mem 0x40000000-0xffffffff]
[    4.471132] PM: hibernation: Registered nosave memory: [mem 0xfc0000000-0xfffffffff]
[    4.476483] [mem 0x40000000-0xffffffff] available for PCI devices
[    4.480842] Booting paravirtualized kernel on Hyper-V
[    4.484362] clocksource: refined-jiffies: mask: 0xffffffff max_cycles: 0xffffffff, max_idle_ns: 1910969940391419 ns
[    4.491633] setup_percpu: NR_CPUS:8192 nr_cpumask_bits:192 nr_cpu_ids:192 nr_node_ids:4
[    4.515279] percpu: Embedded 82 pages/cpu s212992 r8192 d114688 u524288
[    4.519845] pcpu-alloc: s212992 r8192 d114688 u524288 alloc=1*2097152
[    4.524295] pcpu-alloc: [0] 000 001 002 003 [0] 004 005 006 007 
[    4.528662] pcpu-alloc: [0] 008 009 010 011 [0] 012 013 014 015 
[    4.532927] pcpu-alloc: [0] 016 017 018 019 [0] 020 021 022 023 
[    4.537215] pcpu-alloc: [0] 024 025 026 027 [0] 028 029 030 031 
[    4.541479] pcpu-alloc: [0] 032 033 034 035 [0] 036 037 038 039 
[    4.545721] pcpu-alloc: [0] 040 041 042 043 [0] 044 045 046 047 
[    4.550051] pcpu-alloc: [1] 048 049 050 051 [1] 052 053 054 055 
[    4.554311] pcpu-alloc: [1] 056 057 058 059 [1] 060 061 062 063 
[    4.558688] pcpu-alloc: [1] 064 065 066 067 [1] 068 069 070 071 
[    4.562975] pcpu-alloc: [1] 072 073 074 075 [1] 076 077 078 079 
[    4.567241] pcpu-alloc: [1] 080 081 082 083 [1] 084 085 086 087 
[    4.571417] pcpu-alloc: [1] 088 089 090 091 [1] 092 093 094 095 
[    4.575781] pcpu-alloc: [2] 096 097 098 099 [2] 100 101 102 103 
[    4.580049] pcpu-alloc: [2] 104 105 106 107 [2] 108 109 110 111 
[    4.584251] pcpu-alloc: [2] 112 113 114 115 [2] 116 117 118 119 
[    4.588574] pcpu-alloc: [2] 120 121 122 123 [2] 124 125 126 127 
[    4.592794] pcpu-alloc: [2] 128 129 130 131 [2] 132 133 134 135 
[    4.597019] pcpu-alloc: [2] 136 137 138 139 [2] 140 141 142 143 
[    4.601223] pcpu-alloc: [3] 144 145 146 147 [3] 148 149 150 151 
[    4.605593] pcpu-alloc: [3] 152 153 154 155 [3] 156 157 158 159 
[    4.609808] pcpu-alloc: [3] 160 161 162 163 [3] 164 165 166 167 
[    4.613995] pcpu-alloc: [3] 168 169 170 171 [3] 172 173 174 175 
[    4.618172] pcpu-alloc: [3] 176 177 178 179 [3] 180 181 182 183 
[    4.622458] pcpu-alloc: [3] 184 185 186 187 [3] 188 189 190 191 
[    4.626758] Hyper-V: PV spinlocks enabled
[    4.629485] PV qspinlock hash table entries: 512 (order: 1, 8192 bytes, linear)
[    4.634549] Kernel command line: BOOT_IMAGE=/boot/vmlinuz-6.17.7-decui-dirty root=UUID=85a32921-52b7-4d2d-9c02-a565b70bc919 ro console=tty1 console=ttyS0 earlyprintk=ttyS0 nvme_core.io_timeout=240 ignore_loglevel sysrq_always_enabled trace_buf_size=50M
[    4.650881] sysrq: sysrq always enabled.
[    4.653625] printk: log_buf_len individual max cpu contribution: 4096 bytes
[    4.658553] printk: log_buf_len total cpu_extra contributions: 782336 bytes
[    4.663418] printk: log_buf_len min size: 262144 bytes
[    4.668213] printk: log buffer data + meta data: 1048576 + 3670016 = 4718592 bytes
[    4.673656] printk: early log buf free: 249576(95%)
[    4.680860] software IO TLB: area num 256.
[    4.697775] Fallback order for Node 0: 0 1 2 3 
[    4.697779] Fallback order for Node 1: 1 0 3 2 
[    4.697781] Fallback order for Node 2: 2 3 0 1 
[    4.697783] Fallback order for Node 3: 3 2 1 0 
[    4.697807] Built 4 zonelists, mobility grouping on.  Total pages: 480246438
[    4.716284] Policy zone: Normal
[    4.718498] mem auto-init: stack:off, heap alloc:on, heap free:off
[    8.331378] SLUB: HWalign=64, Order=0-3, MinObjects=0, CPUs=192, Nodes=4
[    8.353311] ftrace: allocating 54469 entries in 216 pages
[    8.357048] ftrace: allocated 216 pages with 4 groups

[    8.361739] **********************************************************
[    8.366455] **   NOTICE NOTICE NOTICE NOTICE NOTICE NOTICE NOTICE   **
[    8.371079] **                                                      **
[    8.375682] ** trace_printk() being used. Allocating extra memory.  **
[    8.380276] **                                                      **
[    8.384928] ** This means that this is a DEBUG kernel and it is     **
[    8.389547] ** unsafe for production use.                           **
[    8.394137] **                                                      **
[    8.398748] ** If you see this message and you are not debugging    **
[    8.403309] ** the kernel, report this immediately to your vendor!  **
[    8.407880] **                                                      **
[    8.412429] **   NOTICE NOTICE NOTICE NOTICE NOTICE NOTICE NOTICE   **
[    8.417003] **********************************************************
[    8.432058] rcu: Hierarchical RCU implementation.
[    8.435391] rcu: 	RCU restricting CPUs from NR_CPUS=8192 to nr_cpu_ids=192.
[    8.440368] 	Rude variant of Tasks RCU enabled.
[    8.443510] 	Tracing variant of Tasks RCU enabled.
[    8.446920] rcu: RCU calculated value of scheduler-enlistment delay is 100 jiffies.
[    8.452405] rcu: Adjusting geometry for rcu_fanout_leaf=16, nr_cpu_ids=192
[    8.457592] RCU Tasks Rude: Setting shift to 8 and lim to 1 rcu_task_cb_adjust=1 rcu_task_cpu_ids=192.
[    8.464195] RCU Tasks Trace: Setting shift to 8 and lim to 1 rcu_task_cb_adjust=1 rcu_task_cpu_ids=192.
[    8.474012] Using NULL legacy PIC
[    8.476311] NR_IRQS: 524544, nr_irqs: 1960, preallocated irqs: 0
[    8.480977] rcu: srcu_init: Setting srcu_struct sizes to big.
[    8.486347] Console: colour dummy device 80x25
[    8.489250] printk: legacy console [tty1] enabled
[    8.492869] printk: legacy console [ttyS0] enabled
[    8.523887] printk: legacy bootconsole [earlyser0] disabled
[    8.561859] mempolicy: Enabling automatic NUMA balancing. Configure with numa_balancing= or the kernel.numa_balancing sysctl
[    8.627119] ACPI: Core revision 20250404
[    8.650752] Failed to register legacy timer interrupt
[    8.680323] APIC: Switch to symmetric I/O mode setup
[    8.709342] x2apic enabled
[    8.725082] APIC: Switched APIC routing to: physical x2apic
[    8.757726] Hyper-V: Host Build 10.0.26102.1172-1-0
[    8.786279] Hyper-V: enabling crash_kexec_post_notifiers
[    8.817065] Hyper-V: Using IPI hypercalls
[    8.840525] APIC: send_IPI() replaced with hv_send_ipi()
[    8.871129] APIC: send_IPI_mask() replaced with hv_send_ipi_mask()
[    8.907826] APIC: send_IPI_mask_allbutself() replaced with hv_send_ipi_mask_allbutself()
[    8.954733] APIC: send_IPI_allbutself() replaced with hv_send_ipi_allbutself()
[    8.997553] APIC: send_IPI_all() replaced with hv_send_ipi_all()
[    9.032227] APIC: send_IPI_self() replaced with hv_send_ipi_self()
[    9.069248] clocksource: tsc-early: mask: 0xffffffffffffffff max_cycles: 0x212735223b2, max_idle_ns: 440795277976 ns
[    9.130430] Calibrating delay loop (skipped), value calculated using timer frequency.. 4600.00 BogoMIPS (lpj=2300000)
[    9.131427] x86/cpu: User Mode Instruction Prevention (UMIP) activated
[    9.131427] Last level iTLB entries: 4KB 0, 2MB 0, 4MB 0
[    9.131427] Last level dTLB entries: 4KB 0, 2MB 0, 4MB 0, 1GB 0
[    9.131427] mitigations: Enabled attack vectors: user_kernel, user_user, guest_host, guest_guest, SMT mitigations: auto
[    9.131427] Speculative Store Bypass: Vulnerable
[    9.131427] Spectre V2 : Mitigation: Retpolines
[    9.131427] RETBleed: Vulnerable
[    9.131427] ITS: Mitigation: Aligned branch/return thunks
[    9.131427] Spectre V1 : Mitigation: usercopy/swapgs barriers and __user pointer sanitization
[    9.131427] Spectre V2 : Spectre v2 / SpectreRSB: Filling RSB on context switch and VMEXIT
[    9.131427] active return thunk: its_return_thunk
[    9.131427] x86/fpu: Supporting XSAVE feature 0x001: 'x87 floating point registers'
[    9.131427] x86/fpu: Supporting XSAVE feature 0x002: 'SSE registers'
[    9.131427] x86/fpu: Supporting XSAVE feature 0x004: 'AVX registers'
[    9.131427] x86/fpu: Supporting XSAVE feature 0x020: 'AVX-512 opmask'
[    9.131427] x86/fpu: Supporting XSAVE feature 0x040: 'AVX-512 Hi256'
[    9.131427] x86/fpu: Supporting XSAVE feature 0x080: 'AVX-512 ZMM_Hi256'
[    9.131427] x86/fpu: Supporting XSAVE feature 0x800: 'Control-flow User registers'
[    9.131427] x86/fpu: Supporting XSAVE feature 0x1000: 'Control-flow Kernel registers (KVM only)'
[    9.131427] x86/fpu: Supporting XSAVE feature 0x20000: 'AMX Tile config'
[    9.131427] x86/fpu: Supporting XSAVE feature 0x40000: 'AMX Tile data'
[    9.131427] x86/fpu: xstate_offset[2]:  576, xstate_sizes[2]:  256
[    9.131427] x86/fpu: xstate_offset[5]:  832, xstate_sizes[5]:   64
[    9.131427] x86/fpu: xstate_offset[6]:  896, xstate_sizes[6]:  512
[    9.131427] x86/fpu: xstate_offset[7]: 1408, xstate_sizes[7]: 1024
[    9.131427] x86/fpu: xstate_offset[11]: 2432, xstate_sizes[11]:   16
[    9.131427] x86/fpu: xstate_offset[12]: 2448, xstate_sizes[12]:   24
[    9.131427] x86/fpu: xstate_offset[17]: 2496, xstate_sizes[17]:   64
[    9.131427] x86/fpu: xstate_offset[18]: 2560, xstate_sizes[18]: 8192
[    9.131427] x86/fpu: Enabled xstate features 0x618e7, context size is 10752 bytes, using 'compacted' format.
[    9.131427] Freeing SMP alternatives memory: 52K
[    9.131427] pid_max: default: 196608 minimum: 1536
[    9.131427] LSM: initializing lsm=lockdown,capability,landlock,yama,apparmor,ima,evm
[    9.131427] landlock: Up and running.
[    9.131427] Yama: becoming mindful.
[    9.131427] AppArmor: AppArmor initialized
[    9.131427] Dentry cache hash table entries: 33554432 (order: 16, 268435456 bytes, vmalloc hugepage)
[    9.131427] Inode-cache hash table entries: 16777216 (order: 15, 134217728 bytes, vmalloc hugepage)
[    9.131427] Mount-cache hash table entries: 524288 (order: 10, 4194304 bytes, vmalloc hugepage)
[    9.131427] Mountpoint-cache hash table entries: 524288 (order: 10, 4194304 bytes, vmalloc hugepage)
[    9.131427] smpboot: CPU0: Intel INTEL(R) XEON(R) PLATINUM 8573C (family: 0x6, model: 0xcf, stepping: 0x2)
[    9.131976] Performance Events: unsupported CPU family 6 model 207 no PMU driver, software events only.
[    9.132595] signal: max sigframe size: 11952
[    9.133509] rcu: Hierarchical SRCU implementation.
[    9.134429] rcu: 	Max phase no-delay instances is 400.
[    9.135510] Timer migration: 3 hierarchy levels; 8 children per group; 2 crossnode level
[    9.138431] NMI watchdog: Perf NMI watchdog permanently disabled
[    9.141271] smp: Bringing up secondary CPUs ...
[    9.149755] smpboot: x86: Booting SMP configuration:
[    9.150430] .... node  #0, CPUs:          #2   #4   #6   #8  #10  #12  #14  #16  #18  #20  #22  #24  #26  #28  #30  #32  #34  #36  #38  #40  #42  #44  #46
[    9.344431] .... node  #1, CPUs:    #48  #50  #52  #54  #56  #58  #60  #62  #64  #66  #68  #70  #72  #74  #76  #78  #80  #82  #84  #86  #88  #90  #92  #94
[    9.555431] .... node  #2, CPUs:    #96  #98 #100 #102 #104 #106 #108 #110 #112 #114 #116 #118 #120 #122 #124 #126 #128 #130 #132 #134 #136 #138 #140 #142
[    9.862432] .... node  #3, CPUs:   #144 #146 #148 #150 #152 #154 #156 #158 #160 #162 #164 #166 #168 #170 #172 #174 #176 #178 #180 #182 #184 #186 #188 #190
[   12.705436] .... node  #0, CPUs:     #1   #3   #5   #7   #9  #11  #13  #15  #17  #19  #21  #23  #25  #27  #29  #31  #33  #35  #37  #39  #41  #43  #45  #47
[   12.938433] .... node  #1, CPUs:    #49  #51  #53  #55  #57  #59  #61  #63  #65  #67  #69  #71  #73  #75  #77  #79  #81  #83  #85  #87  #89  #91  #93  #95
[   13.174433] .... node  #2, CPUs:    #97  #99 #101 #103 #105 #107 #109 #111 #113 #115 #117 #119 #121 #123 #125 #127 #129 #131 #133 #135 #137 #139 #141 #143
[   13.501433] .... node  #3, CPUs:   #145 #147 #149 #151 #153 #155 #157 #159 #161 #163 #165 #167 #169 #171 #173 #175 #177 #179 #181 #183 #185 #187 #189 #191
[   15.624464] smp: Brought up 4 nodes, 192 CPUs
[   15.626437] smpboot: Total of 192 processors activated (883200.00 BogoMIPS)
[   15.636697] Memory: 1880153880K/1920985752K available (19751K kernel code, 4494K rwdata, 13780K rodata, 4768K init, 4884K bss, 30222984K reserved, 0K cma-reserved)
[   15.687506] devtmpfs: initialized
[   15.688572] x86/mm: Memory block size: 2048MB
[   15.698971] ACPI: PM: Registering ACPI NVS region [mem 0x3ecf1000-0x3ecf8fff] (32768 bytes)
[   15.699437] ACPI: PM: Registering ACPI NVS region [mem 0x3fffb000-0x3fffefff] (16384 bytes)
[   15.700552] clocksource: jiffies: mask: 0xffffffff max_cycles: 0xffffffff, max_idle_ns: 1911260446275000 ns
[   15.701763] posixtimers hash table entries: 131072 (order: 9, 2097152 bytes, vmalloc hugepage)
[   15.703392] futex hash table entries: 16384 (1048576 bytes on 4 NUMA nodes, total 4096 KiB, linear).
[   15.704155] pinctrl core: initialized pinctrl subsystem
[   15.704932] PM: RTC time: 09:46:16, date: 2025-11-06
[   15.711324] NET: Registered PF_NETLINK/PF_ROUTE protocol family
[   15.712006] DMA: preallocated 4096 KiB GFP_KERNEL pool for atomic allocations
[   15.712849] DMA: preallocated 4096 KiB GFP_KERNEL|GFP_DMA pool for atomic allocations
[   15.713823] DMA: preallocated 4096 KiB GFP_KERNEL|GFP_DMA32 pool for atomic allocations
[   15.714447] audit: initializing netlink subsys (disabled)
[   15.715469] audit: type=2000 audit(1762422372.585:1): state=initialized audit_enabled=0 res=1
[   15.715900] thermal_sys: Registered thermal governor 'fair_share'
[   15.716432] thermal_sys: Registered thermal governor 'bang_bang'
[   15.717430] thermal_sys: Registered thermal governor 'step_wise'
[   15.718430] thermal_sys: Registered thermal governor 'user_space'
[   15.719431] thermal_sys: Registered thermal governor 'power_allocator'
[   15.720505] cpuidle: using governor ladder
[   15.722494] cpuidle: using governor menu
[   15.724499] acpiphp: ACPI Hot Plug PCI Controller Driver version: 0.5
[   15.725662] e820: reserve RAM buffer [mem 0x044d6000-0x07ffffff]
[   15.726430] e820: reserve RAM buffer [mem 0x044ff000-0x07ffffff]
[   15.727430] e820: reserve RAM buffer [mem 0x34e72000-0x37ffffff]
[   15.728429] e820: reserve RAM buffer [mem 0x3ecf1000-0x3fffffff]
[   15.729430] e820: reserve RAM buffer [mem 0x3ff1f000-0x3fffffff]
[   15.730546] kprobes: kprobe jump-optimization is enabled. All kprobes are optimized if possible.
[   15.734106] HugeTLB: registered 1.00 GiB page size, pre-allocated 0 pages
[   15.734431] HugeTLB: 16380 KiB vmemmap can be freed for a 1.00 GiB page
[   15.735430] HugeTLB: registered 2.00 MiB page size, pre-allocated 0 pages
[   15.736430] HugeTLB: 28 KiB vmemmap can be freed for a 2.00 MiB page
[   15.766679] ACPI: Added _OSI(Module Device)
[   15.767431] ACPI: Added _OSI(Processor Device)
[   15.768430] ACPI: Added _OSI(Processor Aggregator Device)
[   15.777993] ACPI: 1 ACPI AML tables successfully acquired and loaded
[   15.785415] ACPI: Interpreter enabled
[   15.785443] ACPI: PM: (supports S0 S5)
[   15.786430] ACPI: Using IOAPIC for interrupt routing
[   15.787723] PCI: Using host bridge windows from ACPI; if necessary, use "pci=nocrs" and report a bug
[   15.788430] PCI: Ignoring E820 reservations for host bridge windows
[   15.790414] ACPI: Enabled 1 GPEs in block 00 to 0F
[   15.795832] iommu: Default domain type: Translated
[   15.796431] iommu: DMA domain TLB invalidation policy: lazy mode
[   15.812653] SCSI subsystem initialized
[   15.813520] libata version 3.00 loaded.
[   15.814447] ACPI: bus type USB registered
[   15.815444] usbcore: registered new interface driver usbfs
[   15.816438] usbcore: registered new interface driver hub
[   15.817475] usbcore: registered new device driver usb
[   15.818442] pps_core: LinuxPPS API ver. 1 registered
[   15.819430] pps_core: Software ver. 5.3.6 - Copyright 2005-2007 Rodolfo Giometti <giometti@linux.it>
[   15.820432] PTP clock support registered
[   15.821516] EDAC MC: Ver: 3.0.0
[   15.822544] efivars: Registered efivars operations
[   15.825432] hv_vmbus: Vmbus version:5.3
[   15.827937] NetLabel: Initializing
[   15.828431] NetLabel:  domain hash size = 128
[   15.829436] NetLabel:  protocols = UNLABELED CIPSOv4 CALIPSO
[   15.830444] NetLabel:  unlabeled traffic allowed by default
[   15.831470] mctp: management component transport protocol core
[   15.832434] NET: Registered PF_MCTP protocol family
[   15.833552] PCI: Using ACPI for IRQ routing
[   15.834430] PCI: System does not support PCI
[   15.835487] vgaarb: loaded
[   15.837762] clocksource: Switched to clocksource tsc-early
[   15.869770] VFS: Disk quotas dquot_6.6.0
[   15.892411] VFS: Dquot-cache hash table entries: 512 (order 0, 4096 bytes)
[   15.933617] AppArmor: AppArmor Filesystem Enabled
[   15.961267] pnp: PnP ACPI init
[   15.979293] pnp: PnP ACPI: found 3 devices
[   16.009979] clocksource: acpi_pm: mask: 0xffffff max_cycles: 0xffffff, max_idle_ns: 2085701024 ns
[   16.062274] NET: Registered PF_INET protocol family
[   16.091322] IP idents hash table entries: 262144 (order: 9, 2097152 bytes, vmalloc hugepage)
[   16.142932] tcp_listen_portaddr_hash hash table entries: 65536 (order: 8, 1048576 bytes, vmalloc)
[   16.195150] Table-perturb hash table entries: 65536 (order: 6, 262144 bytes, vmalloc)
[   16.241661] TCP established hash table entries: 524288 (order: 10, 4194304 bytes, vmalloc hugepage)
[   16.295517] TCP bind hash table entries: 65536 (order: 9, 2097152 bytes, vmalloc hugepage)
[   16.343790] TCP: Hash tables configured (established 524288 bind 65536)
[   16.383300] MPTCP token hash table entries: 65536 (order: 8, 1572864 bytes, vmalloc)
[   16.429127] UDP hash table entries: 65536 (order: 10, 4194304 bytes, vmalloc hugepage)
[   16.476220] UDP-Lite hash table entries: 65536 (order: 10, 4194304 bytes, vmalloc hugepage)
[   16.529004] NET: Registered PF_UNIX/PF_LOCAL protocol family
[   16.561794] NET: Registered PF_XDP protocol family
[   16.589454] PCI: CLS 0 bytes, default 64
[   16.611997] PCI-DMA: Using software bounce buffering for IO (SWIOTLB)
[   16.612058] Unpacking initramfs...
[   16.649893] software IO TLB: mapped [mem 0x0000000037eee000-0x000000003beee000] (64MB)
[   16.650011] clocksource: tsc: mask: 0xffffffffffffffff max_cycles: 0x212735223b2, max_idle_ns: 440795277976 ns
[   16.778586] Freeing initrd memory: 18964K
[   16.802445] clocksource: Switched to clocksource tsc
[   16.849967] Initialise system trusted keyrings
[   16.875637] Key type blacklist registered
[   16.899911] workingset: timestamp_bits=36 max_order=29 bucket_order=0
[   16.939211] squashfs: version 4.0 (2009/01/31) Phillip Lougher
[   16.973580] fuse: init (API version 7.44)
[   16.999216] integrity: Platform Keyring initialized
[   17.027875] integrity: Machine keyring initialized
[   17.062162] Key type asymmetric registered
[   17.085685] Asymmetric key parser 'x509' registered
[   17.114369] Block layer SCSI generic (bsg) driver version 0.4 loaded (major 243)
[   17.157676] io scheduler mq-deadline registered
[   17.199621] hv_vmbus: registering driver hv_pci
[   17.232865] hv_pci 7ad35d50-c05b-47ab-b3a0-56a9a845852b: PCI VMBus probing: Using version 0x10004
[   17.286629] hv_pci 7ad35d50-c05b-47ab-b3a0-56a9a845852b: PCI host bridge to bus c05b:00
[   17.333605] pci_bus c05b:00: root bus resource [mem 0xfc0000000-0xfc007ffff window]
[   17.378593] pci_bus c05b:00: No busn resource found for root bus, will use [bus 00-ff]
[   17.427425] pci c05b:00:00.0: [1414:00a9] type 00 class 0x010802 PCIe Endpoint
[   17.475958] pci c05b:00:00.0: BAR 0 [mem 0xfc0000000-0xfc007ffff 64bit]
[   17.548119] pci_bus c05b:00: busn_res: [bus 00-ff] end is updated to 00
[   17.586904] pci c05b:00:00.0: BAR 0 [mem 0xfc0000000-0xfc007ffff 64bit]: assigned
[   17.634802] hv_pci 202ef248-346d-4031-9806-793a788e06d3: PCI VMBus probing: Using version 0x10004
[   17.688248] hv_pci 202ef248-346d-4031-9806-793a788e06d3: PCI host bridge to bus 346d:00
[   17.735202] pci_bus 346d:00: root bus resource [mem 0xfc0100000-0xfc01fffff window]
[   17.780148] pci_bus 346d:00: No busn resource found for root bus, will use [bus 00-ff]
[   17.829028] pci 346d:00:00.0: [1414:b111] type 00 class 0x010802 PCIe Endpoint
[   17.877566] pci 346d:00:00.0: BAR 0 [mem 0xfc0100000-0xfc01fffff 64bit]
[   17.962396] pci_bus 346d:00: busn_res: [bus 00-ff] end is updated to 00
[   18.001195] pci 346d:00:00.0: BAR 0 [mem 0xfc0100000-0xfc01fffff 64bit]: assigned
[   18.049696] hv_pci 7848b3da-8010-48c8-a966-a2e23696d3ce: PCI VMBus probing: Using version 0x10004
[   18.103164] hv_pci 7848b3da-8010-48c8-a966-a2e23696d3ce: PCI host bridge to bus 8010:00
[   18.151168] pci_bus 8010:00: root bus resource [mem 0xfc0200000-0xfc02fffff window]
[   18.196080] pci_bus 8010:00: No busn resource found for root bus, will use [bus 00-ff]
[   18.245086] pci 8010:00:00.0: [1414:b111] type 00 class 0x010802 PCIe Endpoint
[   18.295158] pci 8010:00:00.0: BAR 0 [mem 0xfc0200000-0xfc02fffff 64bit]
[   18.379771] pci_bus 8010:00: busn_res: [bus 00-ff] end is updated to 00
[   18.418560] pci 8010:00:00.0: BAR 0 [mem 0xfc0200000-0xfc02fffff 64bit]: assigned
[   18.465625] hv_pci 462bb23a-bb5d-4086-9895-598d13fda4e2: PCI VMBus probing: Using version 0x10004
[   18.518902] hv_pci 462bb23a-bb5d-4086-9895-598d13fda4e2: PCI host bridge to bus bb5d:00
[   18.565854] pci_bus bb5d:00: root bus resource [mem 0xfc0300000-0xfc03fffff window]
[   18.610766] pci_bus bb5d:00: No busn resource found for root bus, will use [bus 00-ff]
[   18.659537] pci bb5d:00:00.0: [1414:b111] type 00 class 0x010802 PCIe Endpoint
[   18.708008] pci bb5d:00:00.0: BAR 0 [mem 0xfc0300000-0xfc03fffff 64bit]
[   18.792263] pci_bus bb5d:00: busn_res: [bus 00-ff] end is updated to 00
[   18.831097] pci bb5d:00:00.0: BAR 0 [mem 0xfc0300000-0xfc03fffff 64bit]: assigned
[   18.879836] hv_pci d2d6317a-374d-4343-b536-f5dc5f65fdde: PCI VMBus probing: Using version 0x10004
[   18.933548] hv_pci d2d6317a-374d-4343-b536-f5dc5f65fdde: PCI host bridge to bus 374d:00
[   18.980504] pci_bus 374d:00: root bus resource [mem 0xfc0400000-0xfc04fffff window]
[   19.025417] pci_bus 374d:00: No busn resource found for root bus, will use [bus 00-ff]
[   19.074204] pci 374d:00:00.0: [1414:b111] type 00 class 0x010802 PCIe Endpoint
[   19.122578] pci 374d:00:00.0: BAR 0 [mem 0xfc0400000-0xfc04fffff 64bit]
[   19.206993] pci_bus 374d:00: busn_res: [bus 00-ff] end is updated to 00
[   19.245793] pci 374d:00:00.0: BAR 0 [mem 0xfc0400000-0xfc04fffff 64bit]: assigned
[   19.292342] hv_pci c1fb24f6-36e8-4a0b-83dd-095875c804cd: PCI VMBus probing: Using version 0x10004
[   19.345951] hv_pci c1fb24f6-36e8-4a0b-83dd-095875c804cd: PCI host bridge to bus 36e8:00
[   19.391948] pci_bus 36e8:00: root bus resource [mem 0xfc0500000-0xfc05fffff window]
[   19.436856] pci_bus 36e8:00: No busn resource found for root bus, will use [bus 00-ff]
[   19.485641] pci 36e8:00:00.0: [1414:b111] type 00 class 0x010802 PCIe Endpoint
[   19.534142] pci 36e8:00:00.0: BAR 0 [mem 0xfc0500000-0xfc05fffff 64bit]
[   19.618785] pci_bus 36e8:00: busn_res: [bus 00-ff] end is updated to 00
[   19.657567] pci 36e8:00:00.0: BAR 0 [mem 0xfc0500000-0xfc05fffff 64bit]: assigned
[   19.705947] hv_pci 1545a302-decd-4196-99d0-922a619b43ac: PCI VMBus probing: Using version 0x10004
[   19.759299] hv_pci 1545a302-decd-4196-99d0-922a619b43ac: PCI host bridge to bus decd:00
[   19.806265] pci_bus decd:00: root bus resource [mem 0xfc0600000-0xfc06fffff window]
[   19.856230] pci_bus decd:00: No busn resource found for root bus, will use [bus 00-ff]
[   19.904964] pci decd:00:00.0: [1414:b111] type 00 class 0x010802 PCIe Endpoint
[   19.953510] pci decd:00:00.0: BAR 0 [mem 0xfc0600000-0xfc06fffff 64bit]
[   20.037838] pci_bus decd:00: busn_res: [bus 00-ff] end is updated to 00
[   20.076623] pci decd:00:00.0: BAR 0 [mem 0xfc0600000-0xfc06fffff 64bit]: assigned
[   20.150660] Serial: 8250/16550 driver, 32 ports, IRQ sharing enabled
[   20.208794] 00:00: ttyS0 at I/O 0x3f8 (irq = 4, base_baud = 115200) is a 16550A
[   20.273034] 00:01: ttyS1 at I/O 0x2f8 (irq = 3, base_baud = 115200) is a 16550A
[   20.337248] serial8250: ttyS2 at I/O 0x3e8 (irq = 4, base_baud = 115200) is a 16550A
[   20.383745] Linux agpgart interface v0.103
[   20.417256] ACPI: bus type drm_connector registered
[   20.485407] loop: module loaded
[   20.504232] hv_vmbus: registering driver hv_storvsc
[   20.532903] Key type psk registered
[   20.537643] scsi host0: storvsc_host_t
[   20.556120] nvme nvme0: pci function c05b:00:00.0
[   20.556131] tun: Universal TUN/TAP device driver, 1.6
[   20.556310] PPP generic driver version 2.4.2
[   20.556489] i8042: PNP: No PS/2 controller found.
[   20.556550] mousedev: PS/2 mouse device common for all mice
[   20.557331] rtc_cmos 00:02: registered as rtc0
[   20.557462] rtc_cmos 00:02: setting system clock to 2025-11-06T09:46:23 UTC (1762422383)
[   20.557511] rtc_cmos 00:02: alarms up to one month, 114 bytes nvram
[   20.557528] device-mapper: core: CONFIG_IMA_DISABLE_HTABLE is disabled. Duplicate IMA measurements will not be recorded in the IMA log.
[   20.557591] device-mapper: uevent: version 1.0.3
[   20.557726] device-mapper: ioctl: 4.50.0-ioctl (2025-04-28) initialised: dm-devel@lists.linux.dev
[   20.576156] intel_pstate: Intel P-state driver initializing
[   20.576221] blk-mq: reduced tag depth to 10240
[   20.604436] nvme c05b:00:00.0: enabling device (0000 -> 0002)
[   20.775384] [drm] Initialized simpledrm 1.0.0 for simple-framebuffer.0 on minor 0
[   20.800971] nvme nvme1: pci function 346d:00:00.0
[   21.150190] nvme 346d:00:00.0: enabling device (0000 -> 0002)
[   21.152033] Console: switching to colour frame buffer device 128x48
[   21.176292] nvme nvme2: pci function 8010:00:00.0
[   21.186391] simple-framebuffer simple-framebuffer.0: [drm] fb0: simpledrmdrmfb frame buffer device
[   21.223799] nvme 8010:00:00.0: enabling device (0000 -> 0002)
[   21.338411] hv_utils: Registering HyperV Utility Driver
[   21.367198] nvme nvme4: pci function 374d:00:00.0
[   21.369126] hv_vmbus: registering driver hv_utils
[   21.395838] workqueue: work_for_cpu_fn hogged CPU for >10000us 4 times, consider switching to WQ_UNBOUND
[   21.396440] nvme 374d:00:00.0: enabling device (0000 -> 0002)
[   21.423531] hv_vmbus: registering driver hv_balloon
[   21.480225] hv_utils: Shutdown IC version 3.2
[   21.512788] drop_monitor: Initializing network drop monitor service
[   21.542045] hv_utils: Heartbeat IC version 3.0
[   21.580005] NET: Registered PF_INET6 protocol family
[   21.604184] hv_utils: TimeSync IC version 4.0
[   21.631250] Segment Routing with IPv6
[   21.660148] hv_balloon: Using Dynamic Memory protocol version 2.0
[   21.662078] nvme nvme3: pci function bb5d:00:00.0
[   21.662528] nvme bb5d:00:00.0: enabling device (0000 -> 0002)
[   21.674928] workqueue: work_for_cpu_fn hogged CPU for >10000us 5 times, consider switching to WQ_UNBOUND
[   21.683933] In-situ OAM (IOAM) with IPv6
[   21.824121] nvme nvme5: pci function 36e8:00:00.0
[   21.859405] NET: Registered PF_PACKET protocol family
[   21.882522] nvme 36e8:00:00.0: enabling device (0000 -> 0002)
[   21.910012] Key type dns_resolver registered
[   21.996974] nvme nvme6: pci function decd:00:00.0
[   22.025496] workqueue: work_for_cpu_fn hogged CPU for >10000us 7 times, consider switching to WQ_UNBOUND
[   22.086219] nvme decd:00:00.0: enabling device (0000 -> 0002)
[   22.145668] IPI shorthand broadcast: enabled
[   22.173265] sched_clock: Marking stable (21528005998, 644913011)->(27308579004, -5135659995)
[   22.225624] registered taskstats version 1
[   22.266120] Loading compiled-in X.509 certificates
[   22.295811] Loaded X.509 cert 'Build time autogenerated kernel key: a436b153e82af29216400c176a0cfa40a8b44fc2'
[   22.362840] Demotion targets for Node 0: null
[   22.391652] Demotion targets for Node 1: null
[   22.423437] Demotion targets for Node 2: null
[   22.474261] Demotion targets for Node 3: null
[   22.500896] Key type .fscrypt registered
[   22.524028] Key type fscrypt-provisioning registered
[   22.553281] Key type trusted registered
[   23.140428] nvme nvme0: 124/0/0 default/read/poll queues
[   23.296323]  nvme0n2: p1
[   23.302129]  nvme0n1: p1 p14 p15
[   27.119158] nvme nvme3: 126/0/0 default/read/poll queues
[   27.215976] nvme nvme1: 126/0/0 default/read/poll queues
[   27.326428] nvme nvme2: 126/0/0 default/read/poll queues
[   27.404080] nvme nvme5: 126/0/0 default/read/poll queues
[   27.436318] nvme nvme6: 126/0/0 default/read/poll queues
[   27.469251] nvme nvme4: 126/0/0 default/read/poll queues
[   27.603841] Key type encrypted registered
[   27.627550] AppArmor: AppArmor sha256 policy hashing enabled
[   27.661776] integrity: Loading X.509 certificate: UEFI:db
[   27.693978] integrity: Loaded X.509 cert 'Microsoft Corporation UEFI CA 2011: 13adbf4309bd82709c8cd54f316ed522988a1bd4'
[   27.757446] integrity: Loading X.509 certificate: UEFI:db
[   27.790336] integrity: Loaded X.509 cert 'Microsoft UEFI CA 2023: 81aa6b3244c935bce0d6628af39827421e32497d'
[   27.847683] integrity: Loading X.509 certificate: UEFI:db
[   27.880512] integrity: Loaded X.509 cert 'Microsoft Corporation: Azure Services Linux Kmod PCA: 697cc4f41a2209a7abd0604c1f196f4d8c5735d9'
[   27.955176] Loading compiled-in module X.509 certificates
[   27.987773] Loaded X.509 cert 'Build time autogenerated kernel key: a436b153e82af29216400c176a0cfa40a8b44fc2'
[   28.047165] ima: Allocated hash algorithm: sha256
[   28.084146] ima: No architecture policies found
[   28.110992] evm: Initialising EVM extended attributes:
[   28.140828] evm: security.selinux
[   28.160378] evm: security.SMACK64
[   28.179944] evm: security.SMACK64EXEC
[   28.201535] evm: security.SMACK64TRANSMUTE
[   28.225174] evm: security.SMACK64MMAP
[   28.246751] evm: security.apparmor
[   28.266297] evm: security.ima
[   28.283789] evm: security.capability
[   28.304355] evm: HMAC attrs: 0x1
[   28.323369] PM:   Magic number: 1:670:777
[   28.347268] misc rfkill: hash matches
[   28.372548] RAS: Correctable Errors collector initialized.
[   28.415804] clk: Disabling unused clocks
[   28.446099] Freeing unused decrypted memory: 2028K
[   28.453160] Freeing unused kernel image (initmem) memory: 4768K
[   28.458698] Write protecting the kernel read-only data: 34816k
[   28.466668] Freeing unused kernel image (text/rodata gap) memory: 728K
[   28.473641] Freeing unused kernel image (rodata/data gap) memory: 556K
[   28.527995] x86/mm: Checked W+X mappings: passed, no W+X pages found.
[   28.534076] Run /init as init process
[   28.537421]   with arguments:
[   28.540686]     /init
[   28.542912]   with environment:
[   28.546175]     HOME=/
[   28.548398]     TERM=linux
[   28.655091] hv_vmbus: registering driver hyperv_drm
[   28.655747] hv_vmbus: registering driver hyperv_keyboard
[   28.660785] hyperv_drm 5620e0c7-8062-4dce-aeb7-520c7ef76171: [drm] Synthvid Version major 3, minor 5
[   28.664543] input: AT Translated Set 2 keyboard as /devices/LNXSYSTM:00/LNXSYBUS:00/ACPI0004:00/MSFT1000:00/d34b2567-b9b6-42b9-8778-0a4ec0b955bf/serio0/input/input0
[   28.683784] Console: switching to colour dummy device 80x25
[   28.684009] hid: raw HID events driver (C) Jiri Kosina
[   28.699966] hv_vmbus: registering driver hv_netvsc
[   28.713316] hv_netvsc f8615163-0000-1000-2000-6045bda67ddf (unnamed net_device) (uninitialized): VF slot 1 added
[   28.718367] [drm] Initialized hyperv_drm 1.0.0 for 5620e0c7-8062-4dce-aeb7-520c7ef76171 on minor 1
[   28.738307] Console: switching to colour frame buffer device 128x48
[   28.744831] hyperv_drm 5620e0c7-8062-4dce-aeb7-520c7ef76171: [drm] fb0: hyperv_drmdrmfb frame buffer device
[   28.773702] hv_vmbus: registering driver hid_hyperv
[   28.784848] input: Microsoft Vmbus HID-compliant Mouse as /devices/0006:045E:0621.0001/input/input1
[   28.797990] hid-hyperv 0006:045E:0621.0001: input: VIRTUAL HID v0.01 Mouse [Microsoft Vmbus HID-compliant Mouse] on 
[   29.879185] hv_pci 00000001-7870-47b5-b203-907d12ca697e: PCI VMBus probing: Using version 0x10004
[   29.887171] hv_pci 00000001-7870-47b5-b203-907d12ca697e: PCI host bridge to bus 7870:00
[   29.893724] pci_bus 7870:00: root bus resource [mem 0xfc2000000-0xfc4007fff window]
[   29.899302] pci_bus 7870:00: No busn resource found for root bus, will use [bus 00-ff]
[   29.902952] pci 7870:00:00.0: [1414:00ba] type 00 class 0x020000 PCIe Endpoint
[   29.919744] pci 7870:00:00.0: BAR 0 [mem 0xfc2000000-0xfc3ffffff 64bit pref]
[   29.926945] pci 7870:00:00.0: BAR 4 [mem 0xfc4000000-0xfc4007fff 64bit pref]
[   29.933153] pci 7870:00:00.0: enabling Extended Tags
[   29.975918] raid6: avx512x4 gen() 44069 MB/s
[   29.977903] pci_bus 7870:00: busn_res: [bus 00-ff] end is updated to 00
[   29.984738] pci 7870:00:00.0: BAR 0 [mem 0xfc2000000-0xfc3ffffff 64bit pref]: assigned
[   29.993086] pci 7870:00:00.0: BAR 4 [mem 0xfc4000000-0xfc4007fff 64bit pref]: assigned
[   29.995921] raid6: avx512x2 gen() 45859 MB/s
[   30.001569] mana 7870:00:00.0: enabling device (0000 -> 0002)
[   30.018925] raid6: avx512x1 gen() 28895 MB/s
[   30.038925] raid6: avx2x4   gen() 40838 MB/s
[   30.039722] mana 7870:00:00.0: Microsoft Azure Network Adapter protocol version: 0.1.1
[   30.057639] hv_netvsc f8615163-0000-1000-2000-6045bda67ddf eth0: VF registering: eth1
[   30.058928] raid6: avx2x2   gen() 41447 MB/s
[   30.063286] mana 7870:00:00.0 eth1: joined to eth0
[   30.071509] mana 7870:00:00.0 enP30832s1: renamed from eth1
[   30.082926] raid6: avx2x1   gen() 32950 MB/s
[   30.086340] raid6: using algorithm avx512x2 gen() 45859 MB/s
[   30.106921] raid6: .... xor() 36049 MB/s, rmw enabled
[   30.111329] raid6: using avx512x2 recovery algorithm
[   30.122815] xor: automatically using best checksumming function   avx       
[   30.134242] async_tx: api initialized (async)
[   30.389773] Btrfs loaded, zoned=yes, fsverity=yes
[   30.474217] EXT4-fs (nvme0n1p1): Supports (experimental) DIO atomic writes awu_min: 4096, awu_max: 4096
[   30.483473] EXT4-fs (nvme0n1p1): mounted filesystem 85a32921-52b7-4d2d-9c02-a565b70bc919 ro with ordered data mode. Quota mode: none.
[   30.634403] systemd[1]: Inserted module 'autofs4'
[   30.645753] systemd[1]: systemd 249.11-0ubuntu3.17 running in system mode (+PAM +AUDIT +SELINUX +APPARMOR +IMA +SMACK +SECCOMP +GCRYPT +GNUTLS +OPENSSL +ACL +BLKID +CURL +ELFUTILS +FIDO2 +IDN2 -IDN +IPTC +KMOD +LIBCRYPTSETUP +LIBFDISK +PCRE2 -PWQUALITY -P11KIT -QRENCODE +BZIP2 +LZ4 +XZ +ZLIB +ZSTD -XKBCOMMON +UTMP +SYSVINIT default-hierarchy=unified)
[   30.671002] systemd[1]: Detected virtualization microsoft.
[   30.675748] systemd[1]: Detected architecture x86-64.
[   30.682551] systemd[1]: Hostname set to <madiL192-7>.
[   30.775502] block nvme0n1: the capability attribute has been deprecated.
[   30.858666] systemd[1]: Configuration file /run/systemd/system/netplan-ovs-cleanup.service is marked world-inaccessible. This has no effect as configuration data is accessible via APIs without restrictions. Proceeding anyway.
[   30.894485] systemd[1]: /lib/systemd/system/snapd.service:23: Unknown key name 'RestartMode' in section 'Service', ignoring.
[   30.965993] systemd[1]: Queued start job for default target Graphical Interface.
[   30.972765] systemd[1]: Unnecessary job was removed for /sys/devices/virtual/misc/vmbus!hv_vss.
[   30.980678] systemd[1]: Unnecessary job was removed for /sys/devices/virtual/misc/vmbus!hv_fcopy.
[   31.011192] systemd[1]: Created slice Slice for Azure VM Agent and Extensions.
[   31.023230] systemd[1]: Created slice Slice /system/modprobe.
[   31.032393] systemd[1]: Created slice Slice /system/serial-getty.
[   31.041474] systemd[1]: Created slice Slice /system/systemd-fsck.
[   31.050335] systemd[1]: Created slice User and Session Slice.
[   31.058000] systemd[1]: Started Forward Password Requests to Wall Directory Watch.
[   31.065365] systemd[1]: Set up automount Arbitrary Executable File Formats File System Automount Point.
[   31.073667] systemd[1]: Reached target Slice Units.
[   31.078623] systemd[1]: Reached target Mounting snaps.
[   31.084979] systemd[1]: Reached target Swaps.
[   31.090947] systemd[1]: Reached target System Time Set.
[   31.097971] systemd[1]: Reached target Local Verity Protected Volumes.
[   31.106009] systemd[1]: Listening on Device-mapper event daemon FIFOs.
[   31.114045] systemd[1]: Listening on LVM2 poll daemon socket.
[   31.122016] systemd[1]: Listening on multipathd control socket.
[   31.128107] systemd[1]: Listening on Syslog Socket.
[   31.133090] systemd[1]: Listening on fsck to fsckd communication Socket.
[   31.140983] systemd[1]: Listening on initctl Compatibility Named Pipe.
[   31.149055] systemd[1]: Listening on Journal Audit Socket.
[   31.156005] systemd[1]: Listening on Journal Socket (/dev/log).
[   31.164010] systemd[1]: Listening on Journal Socket.
[   31.169060] systemd[1]: Listening on Network Service Netlink Socket.
[   31.175155] systemd[1]: Listening on udev Control Socket.
[   31.181998] systemd[1]: Listening on udev Kernel Socket.
[   31.199993] systemd[1]: Mounting Huge Pages File System...
[   31.209273] systemd[1]: Mounting POSIX Message Queue File System...
[   31.218546] systemd[1]: Mounting Kernel Debug File System...
[   31.227291] systemd[1]: Mounting Kernel Trace File System...
[   31.237385] systemd[1]: Starting Journal Service...
[   31.246087] systemd[1]: Starting Set the console keyboard layout...
[   31.255459] systemd[1]: Starting Create List of Static Device Nodes...
[   31.264166] systemd[1]: Starting Monitoring of LVM2 mirrors, snapshots etc. using dmeventd or progress polling...
[   31.274975] systemd[1]: Condition check resulted in LXD - agent being skipped.
[   31.282673] systemd[1]: Starting Load Kernel Module configfs...
[   31.289526] systemd[1]: Starting Load Kernel Module drm...
[   31.297232] systemd[1]: Starting Load Kernel Module efi_pstore...
[   31.305949] pstore: Using crash dump compression: deflate
[   31.306872] systemd[1]: Starting Load Kernel Module fuse...
[   31.311667] pstore: Registered efi_pstore as persistent store backend
[   31.321971] systemd[1]: Condition check resulted in OpenVSwitch configuration for cleanup being skipped.
[   31.329799] systemd[1]: Condition check resulted in File System Check on Root Device being skipped.
[   31.360138] systemd[1]: Starting Load Kernel Modules...
[   31.368008] systemd[1]: Starting Remount Root and Kernel File Systems...
[   31.377544] systemd[1]: Starting Coldplug All udev Devices...
[   31.384400] systemd[1]: Started Journal Service.
[   31.393535] EXT4-fs (nvme0n1p1): re-mounted 85a32921-52b7-4d2d-9c02-a565b70bc919 r/w.
[   31.457458] alua: device handler registered
[   31.458024] systemd-journald[1990]: Received client request to flush runtime journal.
[   31.471432] emc: device handler registered
[   31.482168] rdac: device handler registered
[   31.660354] nvme nvme6: using unchecked data buffer
[   32.107354] loop0: detected capacity change from 0 to 130608
[   32.114951] loop1: detected capacity change from 0 to 187192
[   32.122434] loop2: detected capacity change from 0 to 104296
[   32.271970] audit: type=1400 audit(1762422395.038:2): apparmor="STATUS" operation="profile_load" profile="unconfined" name="lsb_release" pid=2417 comm="apparmor_parser"
[   32.284582] audit: type=1400 audit(1762422395.039:3): apparmor="STATUS" operation="profile_load" profile="unconfined" name="/usr/bin/man" pid=2422 comm="apparmor_parser"
[   32.297974] audit: type=1400 audit(1762422395.039:4): apparmor="STATUS" operation="profile_load" profile="unconfined" name="man_filter" pid=2422 comm="apparmor_parser"
[   32.313559] audit: type=1400 audit(1762422395.039:5): apparmor="STATUS" operation="profile_load" profile="unconfined" name="man_groff" pid=2422 comm="apparmor_parser"
[   32.327016] audit: type=1400 audit(1762422395.039:6): apparmor="STATUS" operation="profile_load" profile="unconfined" name="nvidia_modprobe" pid=2418 comm="apparmor_parser"
[   32.339539] audit: type=1400 audit(1762422395.039:7): apparmor="STATUS" operation="profile_load" profile="unconfined" name="nvidia_modprobe//kmod" pid=2418 comm="apparmor_parser"
[   32.354111] audit: type=1400 audit(1762422395.039:8): apparmor="STATUS" operation="profile_load" profile="unconfined" name="/usr/lib/snapd/snap-confine" pid=2424 comm="apparmor_parser"
[   32.368645] audit: type=1400 audit(1762422395.039:9): apparmor="STATUS" operation="profile_load" profile="unconfined" name="/usr/lib/snapd/snap-confine//mount-namespace-capture-helper" pid=2424 comm="apparmor_parser"
[   32.384332] audit: type=1400 audit(1762422395.043:10): apparmor="STATUS" operation="profile_load" profile="unconfined" name="/usr/sbin/chronyd" pid=2425 comm="apparmor_parser"
[   32.398877] audit: type=1400 audit(1762422395.043:11): apparmor="STATUS" operation="profile_load" profile="unconfined" name="ubuntu_pro_apt_news" pid=2420 comm="apparmor_parser"
[   32.535440] kvm_intel: Using Hyper-V Enlightened VMCS
[   32.544390] cpu_based_exec_ctrl unsupported with eVMCS: 0x20000
[   32.941555] /dev/sr0: Can't lookup blockdev
[   33.030787] mana 7870:00:00.0 enP30832s1: Configured vPort 0 PD 18 DB 16
[   33.078618] mana 7870:00:00.0 enP30832s1: Configured steering vPort 0 entries 64
[   33.090606] hv_netvsc f8615163-0000-1000-2000-6045bda67ddf eth0: Data path switched to VF: enP30832s1
[   33.099387] mana 7870:00:00.0 mana_0: Port: 1 Link ACTIVE
[   33.234078] hv_netvsc f8615163-0000-1000-2000-6045bda67ddf eth0: Data path switched from VF: enP30832s1
[   33.242528] mana 7870:00:00.0 enP30832s1: Configured steering vPort 0 entries 64
[   33.271019] mana 7870:00:00.0 mana_0: Port: 1 Link DOWN
[   33.412898] mana 7870:00:00.0 enP30832s1: Configured vPort 0 PD 18 DB 16
[   33.459171] mana 7870:00:00.0 enP30832s1: Configured steering vPort 0 entries 64
[   33.470162] hv_netvsc f8615163-0000-1000-2000-6045bda67ddf eth0: Data path switched to VF: enP30832s1
[   33.478277] mana 7870:00:00.0 mana_0: Port: 1 Link ACTIVE
[    0.000000] Linux version 6.17.7-decui-dirty (root@madiL192-7) (gcc (Ubuntu 11.4.0-1ubuntu1~22.04.2) 11.4.0, GNU ld (GNU Binutils for Ubuntu) 2.38) #5 SMP Thu Nov  6 09:44:28 UTC 2025
[    0.000000] Command line: BOOT_IMAGE=/boot/vmlinuz-6.17.7-decui-dirty root=UUID=85a32921-52b7-4d2d-9c02-a565b70bc919 ro console=tty1 console=ttyS0 earlyprintk=ttyS0 nvme_core.io_timeout=240 ignore_loglevel sysrq_always_enabled trace_buf_size=50M
[    0.000000] KERNEL supported cpus:
[    0.000000]   Intel GenuineIntel
[    0.000000]   AMD AuthenticAMD
[    0.000000]   Hygon HygonGenuine
[    0.000000]   Centaur CentaurHauls
[    0.000000]   zhaoxin   Shanghai  
[    0.000000] BIOS-provided physical RAM map:
[    0.000000] BIOS-e820: [mem 0x0000000000000000-0x000000000009ffff] usable
[    0.000000] BIOS-e820: [mem 0x00000000000c0000-0x00000000000fffff] reserved
[    0.000000] BIOS-e820: [mem 0x0000000000100000-0x00000000044d5fff] usable
[    0.000000] BIOS-e820: [mem 0x00000000044d6000-0x00000000044d7fff] reserved
[    0.000000] BIOS-e820: [mem 0x00000000044d8000-0x00000000044fefff] usable
[    0.000000] BIOS-e820: [mem 0x00000000044ff000-0x00000000048fefff] reserved
[    0.000000] BIOS-e820: [mem 0x00000000048ff000-0x0000000034e71fff] usable
[    0.000000] BIOS-e820: [mem 0x0000000034e72000-0x0000000034e80fff] ACPI data
[    0.000000] BIOS-e820: [mem 0x0000000034e81000-0x000000003ecf0fff] usable
[    0.000000] BIOS-e820: [mem 0x000000003ecf1000-0x000000003ecf8fff] ACPI NVS
[    0.000000] BIOS-e820: [mem 0x000000003ecf9000-0x000000003ff1efff] usable
[    0.000000] BIOS-e820: [mem 0x000000003ff1f000-0x000000003ffc8fff] reserved
[    0.000000] BIOS-e820: [mem 0x000000003ffc9000-0x000000003fffafff] ACPI data
[    0.000000] BIOS-e820: [mem 0x000000003fffb000-0x000000003fffefff] ACPI NVS
[    0.000000] BIOS-e820: [mem 0x000000003ffff000-0x000000003fffffff] usable
[    0.000000] BIOS-e820: [mem 0x0000000100000000-0x0000000fbfffffff] usable
[    0.000000] BIOS-e820: [mem 0x0000001000000000-0x000001caffffffff] usable
[    0.000000] printk: legacy bootconsole [earlyser0] enabled
[    0.000000] printk: debug: ignoring loglevel setting.
[    0.000000] NX (Execute Disable) protection: active
[    0.000000] APIC: Static calls initialized
[    0.000000] efi: EFI v2.7 by Microsoft
[    0.000000] efi: ACPI=0x3fffa000 ACPI 2.0=0x3fffa014 SMBIOS=0x3ff88000 SMBIOS 3.0=0x3ff86000 TPMFinalLog=0x3ecf1000 MEMATTR=0x3e952018 MOKvar=0x3ff84000 RNG=0x3ffd0018 TPMEventLog=0x34e72018 
[    0.000000] random: crng init done
[    0.000000] SMBIOS 3.1.0 present.
[    0.000000] DMI: Microsoft Corporation Virtual Machine/Virtual Machine, BIOS Hyper-V UEFI Release v4.1 07/25/2025
[    0.000000] DMI: Memory slots populated: 6/6
[    0.000000] Hypervisor detected: Microsoft Hyper-V
[    0.000000] Hyper-V: privilege flags low 0xae7f, high 0x3b8030, ext 0x62, hints 0x9e4e24, misc 0xe0bed7b2
[    0.000000] Hyper-V: Nested features: 0x3e0101
[    0.000000] Hyper-V: LAPIC Timer Frequency: 0x30d40
[    0.000000] Hyper-V: Using hypercall for remote TLB flush
[    0.000000] clocksource: hyperv_clocksource_tsc_page: mask: 0xffffffffffffffff max_cycles: 0x24e6a1710, max_idle_ns: 440795202120 ns
[    0.000000] clocksource: hyperv_clocksource_msr: mask: 0xffffffffffffffff max_cycles: 0x24e6a1710, max_idle_ns: 440795202120 ns
[    0.000000] tsc: Detected 2300.000 MHz processor
[    0.000005] e820: update [mem 0x00000000-0x00000fff] usable ==> reserved
[    0.004708] e820: remove [mem 0x000a0000-0x000fffff] usable
[    0.008580] last_pfn = 0x1cb00000 max_arch_pfn = 0x10000000000
[    0.012739] MTRR map: 4 entries (2 fixed + 2 variable; max 18), built from 8 variable MTRRs
[    0.018587] x86/PAT: Configuration [0-7]: WB  WC  UC- UC  WB  WP  UC- WT  
[    0.023457] e820: update [mem 0x48000000-0xffffffff] usable ==> reserved
[    0.036340] last_pfn = 0x40000 max_arch_pfn = 0x10000000000
[    0.046148] Using GB pages for direct mapping
[    0.049393] Secure boot disabled
[    0.051535] RAMDISK: [mem 0x34e83000-0x36107fff]
[    0.054826] ACPI: Early table checksum verification disabled
[    0.058855] ACPI: RSDP 0x000000003FFFA014 000024 (v02 VRTUAL)
[    0.062940] ACPI: XSDT 0x000000003FFF90E8 00006C (v01 VRTUAL MICROSFT 00000001 MSFT 00000001)
[    0.069091] ACPI: FACP 0x000000003FFF8000 000114 (v06 VRTUAL MICROSFT 00000001 MSFT 00000001)
[    0.075217] ACPI: DSDT 0x000000003FFD6000 01E22B (v02 MSFTVM DSDT01   00000001 INTL 20230628)
[    0.081322] ACPI: FACS 0x000000003FFFE000 000040
[    0.084578] ACPI: OEM0 0x000000003FFF7000 000064 (v01 VRTUAL MICROSFT 00000001 MSFT 00000001)
[    0.090750] ACPI: SPCR 0x000000003FFF6000 000050 (v02 VRTUAL MICROSFT 00000001 MSFT 00000001)
[    0.096789] ACPI: WAET 0x000000003FFF5000 000028 (v01 VRTUAL MICROSFT 00000001 MSFT 00000001)
[    0.102850] ACPI: APIC 0x000000003FFD5000 000648 (v05 HVLITE HVLITETB 00000000 MSHV 00000000)
[    0.108957] ACPI: SRAT 0x000000003FFD4000 000D20 (v03 HVLITE HVLITETB 00000000 MSHV 00000000)
[    0.115045] ACPI: SLIT 0x000000003FFD3000 00003C (v01 VRTUAL MICROSFT 00000001 MSFT 00000001)
[    0.121189] ACPI: TPM2 0x000000003FFD2000 000034 (v03 VRTUAL VTPM     00000001 MSFT 00000001)
[    0.127247] ACPI: BGRT 0x000000003FFD1000 000038 (v01 VRTUAL MICROSFT 00000001 MSFT 00000001)
[    0.133240] ACPI: Reserving FACP table memory at [mem 0x3fff8000-0x3fff8113]
[    0.138261] ACPI: Reserving DSDT table memory at [mem 0x3ffd6000-0x3fff422a]
[    0.143237] ACPI: Reserving FACS table memory at [mem 0x3fffe000-0x3fffe03f]
[    0.148147] ACPI: Reserving OEM0 table memory at [mem 0x3fff7000-0x3fff7063]
[    0.153423] ACPI: Reserving SPCR table memory at [mem 0x3fff6000-0x3fff604f]
[    0.158507] ACPI: Reserving WAET table memory at [mem 0x3fff5000-0x3fff5027]
[    0.163451] ACPI: Reserving APIC table memory at [mem 0x3ffd5000-0x3ffd5647]
[    0.168496] ACPI: Reserving SRAT table memory at [mem 0x3ffd4000-0x3ffd4d1f]
[    0.173524] ACPI: Reserving SLIT table memory at [mem 0x3ffd3000-0x3ffd303b]
[    0.178495] ACPI: Reserving TPM2 table memory at [mem 0x3ffd2000-0x3ffd2033]
[    0.183453] ACPI: Reserving BGRT table memory at [mem 0x3ffd1000-0x3ffd1037]
[    0.188574] ACPI: SRAT: Node 0 PXM 0 [mem 0x00000000-0x3fffffff]
[    0.192770] ACPI: SRAT: Node 0 PXM 0 [mem 0x100000000-0xfbfffffff]
[    0.197318] ACPI: SRAT: Node 0 PXM 0 [mem 0x1000000000-0x737fffffff]
[    0.201915] ACPI: SRAT: Node 1 PXM 1 [mem 0x7380000000-0xe5ffffffff]
[    0.206532] ACPI: SRAT: Node 2 PXM 2 [mem 0xe600000000-0x1587fffffff]
[    0.211065] ACPI: SRAT: Node 3 PXM 3 [mem 0x15880000000-0x1caffffffff]
[    0.215763] NUMA: Node 0 [mem 0x00001000-0x3fffffff] + [mem 0x100000000-0xfbfffffff] -> [mem 0x00001000-0xfbfffffff]
[    0.223357] NUMA: Node 0 [mem 0x00001000-0xfbfffffff] + [mem 0x1000000000-0x737fffffff] -> [mem 0x00001000-0x737fffffff]
[    0.231118] NODE_DATA(0) allocated [mem 0x737ffd5540-0x737fffffff]
[    0.235543] NODE_DATA(1) allocated [mem 0xe5fffd5540-0xe5ffffffff]
[    0.240025] NODE_DATA(2) allocated [mem 0x1587ffd5540-0x1587fffffff]
[    0.244591] NODE_DATA(3) allocated [mem 0x1cafffd2540-0x1caffffcfff]
[    0.250533] Zone ranges:
[    0.252229]   DMA      [mem 0x0000000000001000-0x0000000000ffffff]
[    0.256621]   DMA32    [mem 0x0000000001000000-0x00000000ffffffff]
[    0.260973]   Normal   [mem 0x0000000100000000-0x000001caffffffff]
[    0.265461]   Device   empty
[    0.267536] Movable zone start for each node
[    0.270597] Early memory node ranges
[    0.273074]   node   0: [mem 0x0000000000001000-0x000000000009ffff]
[    0.277599]   node   0: [mem 0x0000000000100000-0x00000000044d5fff]
[    0.282088]   node   0: [mem 0x00000000044d8000-0x00000000044fefff]
[    0.286848]   node   0: [mem 0x00000000048ff000-0x0000000034e71fff]
[    0.291652]   node   0: [mem 0x0000000034e81000-0x000000003ecf0fff]
[    0.296526]   node   0: [mem 0x000000003ecf9000-0x000000003ff1efff]
[    0.301431]   node   0: [mem 0x000000003ffff000-0x000000003fffffff]
[    0.306029]   node   0: [mem 0x0000000100000000-0x0000000fbfffffff]
[    0.311067]   node   0: [mem 0x0000001000000000-0x000000737fffffff]
[    0.315728]   node   1: [mem 0x0000007380000000-0x000000e5ffffffff]
[    0.320313]   node   2: [mem 0x000000e600000000-0x000001587fffffff]
[    0.324979]   node   3: [mem 0x0000015880000000-0x000001caffffffff]
[    0.329452] Initmem setup node 0 [mem 0x0000000000001000-0x000000737fffffff]
[    0.334453] Initmem setup node 1 [mem 0x0000007380000000-0x000000e5ffffffff]
[    0.339485] Initmem setup node 2 [mem 0x000000e600000000-0x000001587fffffff]
[    0.344507] Initmem setup node 3 [mem 0x0000015880000000-0x000001caffffffff]
[    0.349499] On node 0, zone DMA: 1 pages in unavailable ranges
[    0.353820] On node 0, zone DMA: 96 pages in unavailable ranges
[    0.358109] On node 0, zone DMA32: 2 pages in unavailable ranges
[    0.363617] On node 0, zone DMA32: 1024 pages in unavailable ranges
[    0.368305] On node 0, zone DMA32: 15 pages in unavailable ranges
[    0.372586] On node 0, zone DMA32: 8 pages in unavailable ranges
[    0.376784] On node 0, zone DMA32: 224 pages in unavailable ranges
[    4.384400] ACPI: PM-Timer IO Port: 0x408
[    4.387317] ACPI: LAPIC_NMI (acpi_id[0x01] dfl dfl lint[0x1])
[    4.391451] IOAPIC[0]: apic_id 0, version 17, address 0xfec00000, GSI 0-23
[    4.396381] ACPI: INT_SRC_OVR (bus 0 bus_irq 9 global_irq 9 high level)
[    4.401081] ACPI: Using ACPI (MADT) for SMP configuration information
[    4.405734] ACPI: SPCR: console: uart,io,0x3f8,115200
[    4.409253] TSC deadline timer available
[    4.412090] CPU topo: Max. logical packages:   2
[    4.415416] CPU topo: Max. logical dies:       2
[    4.418734] CPU topo: Max. dies per package:   1
[    4.422052] CPU topo: Max. threads per core:   2
[    4.425259] CPU topo: Num. cores per package:    48
[    4.428930] CPU topo: Num. threads per package:  96
[    4.432418] CPU topo: Allowing 192 present CPUs plus 0 hotplug CPUs
[    4.436954] PM: hibernation: Registered nosave memory: [mem 0x00000000-0x00000fff]
[    4.442425] PM: hibernation: Registered nosave memory: [mem 0x000a0000-0x000fffff]
[    4.447839] PM: hibernation: Registered nosave memory: [mem 0x044d6000-0x044d7fff]
[    4.453210] PM: hibernation: Registered nosave memory: [mem 0x044ff000-0x048fefff]
[    4.458619] PM: hibernation: Registered nosave memory: [mem 0x34e72000-0x34e80fff]
[    4.463997] PM: hibernation: Registered nosave memory: [mem 0x3ecf1000-0x3ecf8fff]
[    4.469400] PM: hibernation: Registered nosave memory: [mem 0x3ff1f000-0x3fffefff]
[    4.474917] PM: hibernation: Registered nosave memory: [mem 0x40000000-0xffffffff]
[    4.480401] PM: hibernation: Registered nosave memory: [mem 0xfc0000000-0xfffffffff]
[    4.485916] [mem 0x40000000-0xffffffff] available for PCI devices
[    4.490234] Booting paravirtualized kernel on Hyper-V
[    4.493831] clocksource: refined-jiffies: mask: 0xffffffff max_cycles: 0xffffffff, max_idle_ns: 1910969940391419 ns
[    4.501260] setup_percpu: NR_CPUS:8192 nr_cpumask_bits:192 nr_cpu_ids:192 nr_node_ids:4
[    4.524869] percpu: Embedded 82 pages/cpu s212992 r8192 d114688 u524288
[    4.529511] pcpu-alloc: s212992 r8192 d114688 u524288 alloc=1*2097152
[    4.533966] pcpu-alloc: [0] 000 001 002 003 [0] 004 005 006 007 
[    4.538433] pcpu-alloc: [0] 008 009 010 011 [0] 012 013 014 015 
[    4.542729] pcpu-alloc: [0] 016 017 018 019 [0] 020 021 022 023 
[    4.547049] pcpu-alloc: [0] 024 025 026 027 [0] 028 029 030 031 
[    4.551305] pcpu-alloc: [0] 032 033 034 035 [0] 036 037 038 039 
[    4.555547] pcpu-alloc: [0] 040 041 042 043 [0] 044 045 046 047 
[    4.559786] pcpu-alloc: [1] 048 049 050 051 [1] 052 053 054 055 
[    4.563969] pcpu-alloc: [1] 056 057 058 059 [1] 060 061 062 063 
[    4.568246] pcpu-alloc: [1] 064 065 066 067 [1] 068 069 070 071 
[    4.572546] pcpu-alloc: [1] 072 073 074 075 [1] 076 077 078 079 
[    4.576879] pcpu-alloc: [1] 080 081 082 083 [1] 084 085 086 087 
[    4.581177] pcpu-alloc: [1] 088 089 090 091 [1] 092 093 094 095 
[    4.585575] pcpu-alloc: [2] 096 097 098 099 [2] 100 101 102 103 
[    4.589974] pcpu-alloc: [2] 104 105 106 107 [2] 108 109 110 111 
[    4.594272] pcpu-alloc: [2] 112 113 114 115 [2] 116 117 118 119 
[    4.598631] pcpu-alloc: [2] 120 121 122 123 [2] 124 125 126 127 
[    4.602888] pcpu-alloc: [2] 128 129 130 131 [2] 132 133 134 135 
[    4.607171] pcpu-alloc: [2] 136 137 138 139 [2] 140 141 142 143 
[    4.611401] pcpu-alloc: [3] 144 145 146 147 [3] 148 149 150 151 
[    4.615706] pcpu-alloc: [3] 152 153 154 155 [3] 156 157 158 159 
[    4.620041] pcpu-alloc: [3] 160 161 162 163 [3] 164 165 166 167 
[    4.624346] pcpu-alloc: [3] 168 169 170 171 [3] 172 173 174 175 
[    4.628606] pcpu-alloc: [3] 176 177 178 179 [3] 180 181 182 183 
[    4.632937] pcpu-alloc: [3] 184 185 186 187 [3] 188 189 190 191 
[    4.637281] Hyper-V: PV spinlocks enabled
[    4.640053] PV qspinlock hash table entries: 512 (order: 1, 8192 bytes, linear)
[    4.645751] Kernel command line: BOOT_IMAGE=/boot/vmlinuz-6.17.7-decui-dirty root=UUID=85a32921-52b7-4d2d-9c02-a565b70bc919 ro console=tty1 console=ttyS0 earlyprintk=ttyS0 nvme_core.io_timeout=240 ignore_loglevel sysrq_always_enabled trace_buf_size=50M
[    4.662008] sysrq: sysrq always enabled.
[    4.664696] printk: log_buf_len individual max cpu contribution: 4096 bytes
[    4.669656] printk: log_buf_len total cpu_extra contributions: 782336 bytes
[    4.674606] printk: log_buf_len min size: 262144 bytes
[    4.679593] printk: log buffer data + meta data: 1048576 + 3670016 = 4718592 bytes
[    4.684898] printk: early log buf free: 249576(95%)
[    4.691947] software IO TLB: area num 256.
[    4.708685] Fallback order for Node 0: 0 1 2 3 
[    4.708689] Fallback order for Node 1: 1 0 3 2 
[    4.708692] Fallback order for Node 2: 2 3 0 1 
[    4.708694] Fallback order for Node 3: 3 2 1 0 
[    4.708716] Built 4 zonelists, mobility grouping on.  Total pages: 480246438
[    4.726644] Policy zone: Normal
[    4.728871] mem auto-init: stack:off, heap alloc:on, heap free:off
[    8.337631] SLUB: HWalign=64, Order=0-3, MinObjects=0, CPUs=192, Nodes=4
[    8.355039] ftrace: allocating 54469 entries in 216 pages
[    8.358859] ftrace: allocated 216 pages with 4 groups

[    8.363553] **********************************************************
[    8.368069] **   NOTICE NOTICE NOTICE NOTICE NOTICE NOTICE NOTICE   **
[    8.372567] **                                                      **
[    8.377182] ** trace_printk() being used. Allocating extra memory.  **
[    8.381735] **                                                      **
[    8.386289] ** This means that this is a DEBUG kernel and it is     **
[    8.390799] ** unsafe for production use.                           **
[    8.395682] **                                                      **
[    8.400257] ** If you see this message and you are not debugging    **
[    8.404783] ** the kernel, report this immediately to your vendor!  **
[    8.409595] **                                                      **
[    8.414205] **   NOTICE NOTICE NOTICE NOTICE NOTICE NOTICE NOTICE   **
[    8.418848] **********************************************************
[    8.433422] rcu: Hierarchical RCU implementation.
[    8.436899] rcu: 	RCU restricting CPUs from NR_CPUS=8192 to nr_cpu_ids=192.
[    8.441871] 	Rude variant of Tasks RCU enabled.
[    8.445156] 	Tracing variant of Tasks RCU enabled.
[    8.448587] rcu: RCU calculated value of scheduler-enlistment delay is 100 jiffies.
[    8.454040] rcu: Adjusting geometry for rcu_fanout_leaf=16, nr_cpu_ids=192
[    8.459132] RCU Tasks Rude: Setting shift to 8 and lim to 1 rcu_task_cb_adjust=1 rcu_task_cpu_ids=192.
[    8.465719] RCU Tasks Trace: Setting shift to 8 and lim to 1 rcu_task_cb_adjust=1 rcu_task_cpu_ids=192.
[    8.475282] Using NULL legacy PIC
[    8.477538] NR_IRQS: 524544, nr_irqs: 1960, preallocated irqs: 0
[    8.482040] rcu: srcu_init: Setting srcu_struct sizes to big.
[    8.487124] Console: colour dummy device 80x25
[    8.490147] printk: legacy console [tty1] enabled
[    8.493721] printk: legacy console [ttyS0] enabled
[    8.524635] printk: legacy bootconsole [earlyser0] disabled
[    8.563032] mempolicy: Enabling automatic NUMA balancing. Configure with numa_balancing= or the kernel.numa_balancing sysctl
[    8.628303] ACPI: Core revision 20250404
[    8.651968] Failed to register legacy timer interrupt
[    8.681535] APIC: Switch to symmetric I/O mode setup
[    8.710554] x2apic enabled
[    8.726280] APIC: Switched APIC routing to: physical x2apic
[    8.758913] Hyper-V: Host Build 10.0.26102.1172-1-0
[    8.787464] Hyper-V: enabling crash_kexec_post_notifiers
[    8.818219] Hyper-V: Using IPI hypercalls
[    8.841678] APIC: send_IPI() replaced with hv_send_ipi()
[    8.872286] APIC: send_IPI_mask() replaced with hv_send_ipi_mask()
[    8.908980] APIC: send_IPI_mask_allbutself() replaced with hv_send_ipi_mask_allbutself()
[    8.955888] APIC: send_IPI_allbutself() replaced with hv_send_ipi_allbutself()
[    8.998713] APIC: send_IPI_all() replaced with hv_send_ipi_all()
[    9.033391] APIC: send_IPI_self() replaced with hv_send_ipi_self()
[    9.070401] clocksource: tsc-early: mask: 0xffffffffffffffff max_cycles: 0x212735223b2, max_idle_ns: 440795277976 ns
[    9.131590] Calibrating delay loop (skipped), value calculated using timer frequency.. 4600.00 BogoMIPS (lpj=2300000)
[    9.132587] x86/cpu: User Mode Instruction Prevention (UMIP) activated
[    9.132587] Last level iTLB entries: 4KB 0, 2MB 0, 4MB 0
[    9.132587] Last level dTLB entries: 4KB 0, 2MB 0, 4MB 0, 1GB 0
[    9.132587] mitigations: Enabled attack vectors: user_kernel, user_user, guest_host, guest_guest, SMT mitigations: auto
[    9.132587] Speculative Store Bypass: Vulnerable
[    9.132587] Spectre V2 : Mitigation: Retpolines
[    9.132587] RETBleed: Vulnerable
[    9.132587] ITS: Mitigation: Aligned branch/return thunks
[    9.132587] Spectre V1 : Mitigation: usercopy/swapgs barriers and __user pointer sanitization
[    9.132587] Spectre V2 : Spectre v2 / SpectreRSB: Filling RSB on context switch and VMEXIT
[    9.132587] active return thunk: its_return_thunk
[    9.132587] x86/fpu: Supporting XSAVE feature 0x001: 'x87 floating point registers'
[    9.132587] x86/fpu: Supporting XSAVE feature 0x002: 'SSE registers'
[    9.132587] x86/fpu: Supporting XSAVE feature 0x004: 'AVX registers'
[    9.132587] x86/fpu: Supporting XSAVE feature 0x020: 'AVX-512 opmask'
[    9.132587] x86/fpu: Supporting XSAVE feature 0x040: 'AVX-512 Hi256'
[    9.132587] x86/fpu: Supporting XSAVE feature 0x080: 'AVX-512 ZMM_Hi256'
[    9.132587] x86/fpu: Supporting XSAVE feature 0x800: 'Control-flow User registers'
[    9.132587] x86/fpu: Supporting XSAVE feature 0x1000: 'Control-flow Kernel registers (KVM only)'
[    9.132587] x86/fpu: Supporting XSAVE feature 0x20000: 'AMX Tile config'
[    9.132587] x86/fpu: Supporting XSAVE feature 0x40000: 'AMX Tile data'
[    9.132587] x86/fpu: xstate_offset[2]:  576, xstate_sizes[2]:  256
[    9.132587] x86/fpu: xstate_offset[5]:  832, xstate_sizes[5]:   64
[    9.132587] x86/fpu: xstate_offset[6]:  896, xstate_sizes[6]:  512
[    9.132587] x86/fpu: xstate_offset[7]: 1408, xstate_sizes[7]: 1024
[    9.132587] x86/fpu: xstate_offset[11]: 2432, xstate_sizes[11]:   16
[    9.132587] x86/fpu: xstate_offset[12]: 2448, xstate_sizes[12]:   24
[    9.132587] x86/fpu: xstate_offset[17]: 2496, xstate_sizes[17]:   64
[    9.132587] x86/fpu: xstate_offset[18]: 2560, xstate_sizes[18]: 8192
[    9.132587] x86/fpu: Enabled xstate features 0x618e7, context size is 10752 bytes, using 'compacted' format.
[    9.132587] Freeing SMP alternatives memory: 52K
[    9.132587] pid_max: default: 196608 minimum: 1536
[    9.132587] LSM: initializing lsm=lockdown,capability,landlock,yama,apparmor,ima,evm
[    9.132587] landlock: Up and running.
[    9.132587] Yama: becoming mindful.
[    9.132587] AppArmor: AppArmor initialized
[    9.132587] Dentry cache hash table entries: 33554432 (order: 16, 268435456 bytes, vmalloc hugepage)
[    9.132587] Inode-cache hash table entries: 16777216 (order: 15, 134217728 bytes, vmalloc hugepage)
[    9.132587] Mount-cache hash table entries: 524288 (order: 10, 4194304 bytes, vmalloc hugepage)
[    9.132587] Mountpoint-cache hash table entries: 524288 (order: 10, 4194304 bytes, vmalloc hugepage)
[    9.132587] smpboot: CPU0: Intel INTEL(R) XEON(R) PLATINUM 8573C (family: 0x6, model: 0xcf, stepping: 0x2)
[    9.133081] Performance Events: unsupported CPU family 6 model 207 no PMU driver, software events only.
[    9.133748] signal: max sigframe size: 11952
[    9.134660] rcu: Hierarchical SRCU implementation.
[    9.135590] rcu: 	Max phase no-delay instances is 400.
[    9.136682] Timer migration: 3 hierarchy levels; 8 children per group; 2 crossnode level
[    9.139527] NMI watchdog: Perf NMI watchdog permanently disabled
[    9.141360] smp: Bringing up secondary CPUs ...
[    9.149962] smpboot: x86: Booting SMP configuration:
[    9.150591] .... node  #0, CPUs:          #2   #4   #6   #8  #10  #12  #14  #16  #18  #20  #22  #24  #26  #28  #30  #32  #34  #36  #38  #40  #42  #44  #46
[    9.344592] .... node  #1, CPUs:    #48  #50  #52  #54  #56  #58  #60  #62  #64  #66  #68  #70  #72  #74  #76  #78  #80  #82  #84  #86  #88  #90  #92  #94
[    9.556592] .... node  #2, CPUs:    #96  #98 #100 #102 #104 #106 #108 #110 #112 #114 #116 #118 #120 #122 #124 #126 #128 #130 #132 #134 #136 #138 #140 #142
[    9.864592] .... node  #3, CPUs:   #144 #146 #148 #150 #152 #154 #156 #158 #160 #162 #164 #166 #168 #170 #172 #174 #176 #178 #180 #182 #184 #186 #188 #190
[   11.349594] .... node  #0, CPUs:     #1   #3   #5   #7   #9  #11  #13  #15  #17  #19  #21  #23  #25  #27  #29  #31  #33  #35  #37  #39  #41  #43  #45  #47
[   11.582593] .... node  #1, CPUs:    #49  #51  #53  #55  #57  #59  #61  #63  #65  #67  #69  #71  #73  #75  #77  #79  #81  #83  #85  #87  #89  #91  #93  #95
[   11.819593] .... node  #2, CPUs:    #97  #99 #101 #103 #105 #107 #109 #111 #113 #115 #117 #119 #121 #123 #125 #127 #129 #131 #133 #135 #137 #139 #141 #143
[   12.149593] .... node  #3, CPUs:   #145 #147 #149 #151 #153 #155 #157 #159 #161 #163 #165 #167 #169 #171 #173 #175 #177 #179 #181 #183 #185 #187 #189 #191
[   15.927612] smp: Brought up 4 nodes, 192 CPUs
[   15.929598] smpboot: Total of 192 processors activated (883200.00 BogoMIPS)
[   15.939312] Memory: 1880153500K/1920985752K available (19751K kernel code, 4494K rwdata, 13780K rodata, 4768K init, 4884K bss, 30223052K reserved, 0K cma-reserved)
[   15.989342] devtmpfs: initialized
[   15.989723] x86/mm: Memory block size: 2048MB
[   15.999979] ACPI: PM: Registering ACPI NVS region [mem 0x3ecf1000-0x3ecf8fff] (32768 bytes)
[   16.000599] ACPI: PM: Registering ACPI NVS region [mem 0x3fffb000-0x3fffefff] (16384 bytes)
[   16.001703] clocksource: jiffies: mask: 0xffffffff max_cycles: 0xffffffff, max_idle_ns: 1911260446275000 ns
[   16.002813] posixtimers hash table entries: 131072 (order: 9, 2097152 bytes, vmalloc hugepage)
[   16.004476] futex hash table entries: 16384 (1048576 bytes on 4 NUMA nodes, total 4096 KiB, linear).
[   16.005299] pinctrl core: initialized pinctrl subsystem
[   16.006108] PM: RTC time: 09:47:21, date: 2025-11-06
[   16.012478] NET: Registered PF_NETLINK/PF_ROUTE protocol family
[   16.013371] DMA: preallocated 4096 KiB GFP_KERNEL pool for atomic allocations
[   16.014010] DMA: preallocated 4096 KiB GFP_KERNEL|GFP_DMA pool for atomic allocations
[   16.014979] DMA: preallocated 4096 KiB GFP_KERNEL|GFP_DMA32 pool for atomic allocations
[   16.015608] audit: initializing netlink subsys (disabled)
[   16.016635] audit: type=2000 audit(1762422436.885:1): state=initialized audit_enabled=0 res=1
[   16.017017] thermal_sys: Registered thermal governor 'fair_share'
[   16.017592] thermal_sys: Registered thermal governor 'bang_bang'
[   16.018591] thermal_sys: Registered thermal governor 'step_wise'
[   16.019591] thermal_sys: Registered thermal governor 'user_space'
[   16.020590] thermal_sys: Registered thermal governor 'power_allocator'
[   16.021663] cpuidle: using governor ladder
[   16.023655] cpuidle: using governor menu
[   16.025647] acpiphp: ACPI Hot Plug PCI Controller Driver version: 0.5
[   16.026805] e820: reserve RAM buffer [mem 0x044d6000-0x07ffffff]
[   16.027591] e820: reserve RAM buffer [mem 0x044ff000-0x07ffffff]
[   16.028590] e820: reserve RAM buffer [mem 0x34e72000-0x37ffffff]
[   16.029590] e820: reserve RAM buffer [mem 0x3ecf1000-0x3fffffff]
[   16.030591] e820: reserve RAM buffer [mem 0x3ff1f000-0x3fffffff]
[   16.031730] kprobes: kprobe jump-optimization is enabled. All kprobes are optimized if possible.
[   16.034861] HugeTLB: registered 1.00 GiB page size, pre-allocated 0 pages
[   16.035592] HugeTLB: 16380 KiB vmemmap can be freed for a 1.00 GiB page
[   16.036591] HugeTLB: registered 2.00 MiB page size, pre-allocated 0 pages
[   16.037590] HugeTLB: 28 KiB vmemmap can be freed for a 2.00 MiB page
[   16.068301] ACPI: Added _OSI(Module Device)
[   16.068592] ACPI: Added _OSI(Processor Device)
[   16.069591] ACPI: Added _OSI(Processor Aggregator Device)
[   16.077586] ACPI: 1 ACPI AML tables successfully acquired and loaded
[   16.085680] ACPI: Interpreter enabled
[   16.086602] ACPI: PM: (supports S0 S5)
[   16.087591] ACPI: Using IOAPIC for interrupt routing
[   16.088846] PCI: Using host bridge windows from ACPI; if necessary, use "pci=nocrs" and report a bug
[   16.089591] PCI: Ignoring E820 reservations for host bridge windows
[   16.091535] ACPI: Enabled 1 GPEs in block 00 to 0F
[   16.097394] iommu: Default domain type: Translated
[   16.097593] iommu: DMA domain TLB invalidation policy: lazy mode
[   16.111718] SCSI subsystem initialized
[   16.112682] libata version 3.00 loaded.
[   16.113606] ACPI: bus type USB registered
[   16.114604] usbcore: registered new interface driver usbfs
[   16.115597] usbcore: registered new interface driver hub
[   16.116674] usbcore: registered new device driver usb
[   16.117601] pps_core: LinuxPPS API ver. 1 registered
[   16.118590] pps_core: Software ver. 5.3.6 - Copyright 2005-2007 Rodolfo Giometti <giometti@linux.it>
[   16.119593] PTP clock support registered
[   16.120675] EDAC MC: Ver: 3.0.0
[   16.121709] efivars: Registered efivars operations
[   16.124593] hv_vmbus: Vmbus version:5.3
[   16.127096] NetLabel: Initializing
[   16.127592] NetLabel:  domain hash size = 128
[   16.128596] NetLabel:  protocols = UNLABELED CIPSOv4 CALIPSO
[   16.129604] NetLabel:  unlabeled traffic allowed by default
[   16.130629] mctp: management component transport protocol core
[   16.131594] NET: Registered PF_MCTP protocol family
[   16.132667] PCI: Using ACPI for IRQ routing
[   16.133590] PCI: System does not support PCI
[   16.134644] vgaarb: loaded
[   16.136798] clocksource: Switched to clocksource tsc-early
[   16.169046] VFS: Disk quotas dquot_6.6.0
[   16.191732] VFS: Dquot-cache hash table entries: 512 (order 0, 4096 bytes)
[   16.232785] AppArmor: AppArmor Filesystem Enabled
[   16.260438] pnp: PnP ACPI init
[   16.278489] pnp: PnP ACPI: found 3 devices
[   16.309253] clocksource: acpi_pm: mask: 0xffffff max_cycles: 0xffffff, max_idle_ns: 2085701024 ns
[   16.361472] NET: Registered PF_INET protocol family
[   16.390415] IP idents hash table entries: 262144 (order: 9, 2097152 bytes, vmalloc hugepage)
[   16.441948] tcp_listen_portaddr_hash hash table entries: 65536 (order: 8, 1048576 bytes, vmalloc)
[   16.494165] Table-perturb hash table entries: 65536 (order: 6, 262144 bytes, vmalloc)
[   16.540704] TCP established hash table entries: 524288 (order: 10, 4194304 bytes, vmalloc hugepage)
[   16.594528] TCP bind hash table entries: 65536 (order: 9, 2097152 bytes, vmalloc hugepage)
[   16.642757] TCP: Hash tables configured (established 524288 bind 65536)
[   16.682351] MPTCP token hash table entries: 65536 (order: 8, 1572864 bytes, vmalloc)
[   16.728004] UDP hash table entries: 65536 (order: 10, 4194304 bytes, vmalloc hugepage)
[   16.775142] UDP-Lite hash table entries: 65536 (order: 10, 4194304 bytes, vmalloc hugepage)
[   16.824974] NET: Registered PF_UNIX/PF_LOCAL protocol family
[   16.857726] NET: Registered PF_XDP protocol family
[   16.885417] PCI: CLS 0 bytes, default 64
[   16.907924] PCI-DMA: Using software bounce buffering for IO (SWIOTLB)
[   16.907978] Unpacking initramfs...
[   16.945737] software IO TLB: mapped [mem 0x0000000037eee000-0x000000003beee000] (64MB)
[   16.945854] clocksource: tsc: mask: 0xffffffffffffffff max_cycles: 0x212735223b2, max_idle_ns: 440795277976 ns
[   17.074107] Freeing initrd memory: 18964K
[   17.097990] clocksource: Switched to clocksource tsc
[   17.144053] Initialise system trusted keyrings
[   17.169641] Key type blacklist registered
[   17.194116] workingset: timestamp_bits=36 max_order=29 bucket_order=0
[   17.233290] squashfs: version 4.0 (2009/01/31) Phillip Lougher
[   17.267617] fuse: init (API version 7.44)
[   17.293426] integrity: Platform Keyring initialized
[   17.322078] integrity: Machine keyring initialized
[   17.356261] Key type asymmetric registered
[   17.379759] Asymmetric key parser 'x509' registered
[   17.408427] Block layer SCSI generic (bsg) driver version 0.4 loaded (major 243)
[   17.451567] io scheduler mq-deadline registered
[   17.495053] hv_vmbus: registering driver hv_pci
[   17.528451] hv_pci 7ad35d50-c05b-47ab-b3a0-56a9a845852b: PCI VMBus probing: Using version 0x10004
[   17.582515] hv_pci 7ad35d50-c05b-47ab-b3a0-56a9a845852b: PCI host bridge to bus c05b:00
[   17.629463] pci_bus c05b:00: root bus resource [mem 0xfc0000000-0xfc007ffff window]
[   17.674386] pci_bus c05b:00: No busn resource found for root bus, will use [bus 00-ff]
[   17.723503] pci c05b:00:00.0: [1414:00a9] type 00 class 0x010802 PCIe Endpoint
[   17.772134] pci c05b:00:00.0: BAR 0 [mem 0xfc0000000-0xfc007ffff 64bit]
[   17.843997] pci_bus c05b:00: busn_res: [bus 00-ff] end is updated to 00
[   17.882773] pci c05b:00:00.0: BAR 0 [mem 0xfc0000000-0xfc007ffff 64bit]: assigned
[   17.930927] hv_pci 202ef248-346d-4031-9806-793a788e06d3: PCI VMBus probing: Using version 0x10004
[   17.984397] hv_pci 202ef248-346d-4031-9806-793a788e06d3: PCI host bridge to bus 346d:00
[   18.031357] pci_bus 346d:00: root bus resource [mem 0xfc0100000-0xfc01fffff window]
[   18.076292] pci_bus 346d:00: No busn resource found for root bus, will use [bus 00-ff]
[   18.125185] pci 346d:00:00.0: [1414:b111] type 00 class 0x010802 PCIe Endpoint
[   18.173850] pci 346d:00:00.0: BAR 0 [mem 0xfc0100000-0xfc01fffff 64bit]
[   18.258224] pci_bus 346d:00: busn_res: [bus 00-ff] end is updated to 00
[   18.302076] pci 346d:00:00.0: BAR 0 [mem 0xfc0100000-0xfc01fffff 64bit]: assigned
[   18.350398] hv_pci 7848b3da-8010-48c8-a966-a2e23696d3ce: PCI VMBus probing: Using version 0x10004
[   18.403723] hv_pci 7848b3da-8010-48c8-a966-a2e23696d3ce: PCI host bridge to bus 8010:00
[   18.450710] pci_bus 8010:00: root bus resource [mem 0xfc0200000-0xfc02fffff window]
[   18.495611] pci_bus 8010:00: No busn resource found for root bus, will use [bus 00-ff]
[   18.544495] pci 8010:00:00.0: [1414:b111] type 00 class 0x010802 PCIe Endpoint
[   18.593391] pci 8010:00:00.0: BAR 0 [mem 0xfc0200000-0xfc02fffff 64bit]
[   18.677504] pci_bus 8010:00: busn_res: [bus 00-ff] end is updated to 00
[   18.716303] pci 8010:00:00.0: BAR 0 [mem 0xfc0200000-0xfc02fffff 64bit]: assigned
[   18.763146] hv_pci 462bb23a-bb5d-4086-9895-598d13fda4e2: PCI VMBus probing: Using version 0x10004
[   18.816540] hv_pci 462bb23a-bb5d-4086-9895-598d13fda4e2: PCI host bridge to bus bb5d:00
[   18.863508] pci_bus bb5d:00: root bus resource [mem 0xfc0300000-0xfc03fffff window]
[   18.908421] pci_bus bb5d:00: No busn resource found for root bus, will use [bus 00-ff]
[   18.957183] pci bb5d:00:00.0: [1414:b111] type 00 class 0x010802 PCIe Endpoint
[   19.005733] pci bb5d:00:00.0: BAR 0 [mem 0xfc0300000-0xfc03fffff 64bit]
[   19.089913] pci_bus bb5d:00: busn_res: [bus 00-ff] end is updated to 00
[   19.128710] pci bb5d:00:00.0: BAR 0 [mem 0xfc0300000-0xfc03fffff 64bit]: assigned
[   19.176956] hv_pci d2d6317a-374d-4343-b536-f5dc5f65fdde: PCI VMBus probing: Using version 0x10004
[   19.230331] hv_pci d2d6317a-374d-4343-b536-f5dc5f65fdde: PCI host bridge to bus 374d:00
[   19.277297] pci_bus 374d:00: root bus resource [mem 0xfc0400000-0xfc04fffff window]
[   19.322198] pci_bus 374d:00: No busn resource found for root bus, will use [bus 00-ff]
[   19.371050] pci 374d:00:00.0: [1414:b111] type 00 class 0x010802 PCIe Endpoint
[   19.419600] pci 374d:00:00.0: BAR 0 [mem 0xfc0400000-0xfc04fffff 64bit]
[   19.504094] pci_bus 374d:00: busn_res: [bus 00-ff] end is updated to 00
[   19.542887] pci 374d:00:00.0: BAR 0 [mem 0xfc0400000-0xfc04fffff 64bit]: assigned
[   19.589495] hv_pci c1fb24f6-36e8-4a0b-83dd-095875c804cd: PCI VMBus probing: Using version 0x10004
[   19.642841] hv_pci c1fb24f6-36e8-4a0b-83dd-095875c804cd: PCI host bridge to bus 36e8:00
[   19.689816] pci_bus 36e8:00: root bus resource [mem 0xfc0500000-0xfc05fffff window]
[   19.734715] pci_bus 36e8:00: No busn resource found for root bus, will use [bus 00-ff]
[   19.783535] pci 36e8:00:00.0: [1414:b111] type 00 class 0x010802 PCIe Endpoint
[   19.831697] pci 36e8:00:00.0: BAR 0 [mem 0xfc0500000-0xfc05fffff 64bit]
[   19.915856] pci_bus 36e8:00: busn_res: [bus 00-ff] end is updated to 00
[   19.954634] pci 36e8:00:00.0: BAR 0 [mem 0xfc0500000-0xfc05fffff 64bit]: assigned
[   20.002780] hv_pci 1545a302-decd-4196-99d0-922a619b43ac: PCI VMBus probing: Using version 0x10004
[   20.056270] hv_pci 1545a302-decd-4196-99d0-922a619b43ac: PCI host bridge to bus decd:00
[   20.103201] pci_bus decd:00: root bus resource [mem 0xfc0600000-0xfc06fffff window]
[   20.148096] pci_bus decd:00: No busn resource found for root bus, will use [bus 00-ff]
[   20.196886] pci decd:00:00.0: [1414:b111] type 00 class 0x010802 PCIe Endpoint
[   20.245401] pci decd:00:00.0: BAR 0 [mem 0xfc0600000-0xfc06fffff 64bit]
[   20.329003] pci_bus decd:00: busn_res: [bus 00-ff] end is updated to 00
[   20.367791] pci decd:00:00.0: BAR 0 [mem 0xfc0600000-0xfc06fffff 64bit]: assigned
[   20.446446] Serial: 8250/16550 driver, 32 ports, IRQ sharing enabled
[   20.504562] 00:00: ttyS0 at I/O 0x3f8 (irq = 4, base_baud = 115200) is a 16550A
[   20.568766] 00:01: ttyS1 at I/O 0x2f8 (irq = 3, base_baud = 115200) is a 16550A
[   20.632832] serial8250: ttyS2 at I/O 0x3e8 (irq = 4, base_baud = 115200) is a 16550A
[   20.679376] Linux agpgart interface v0.103
[   20.712384] ACPI: bus type drm_connector registered
[   20.781097] loop: module loaded
[   20.799873] hv_vmbus: registering driver hv_storvsc
[   20.828497] Key type psk registered
[   20.852042] scsi host0: storvsc_host_t
[   20.852849] tun: Universal TUN/TAP device driver, 1.6
[   20.853541] nvme nvme0: pci function c05b:00:00.0
[   20.854014] nvme c05b:00:00.0: enabling device (0000 -> 0002)
[   20.862650] nvme nvme1: pci function 346d:00:00.0
[   20.863063] nvme 346d:00:00.0: enabling device (0000 -> 0002)
[   20.880666] blk-mq: reduced tag depth to 10240
[   20.910741] PPP generic driver version 2.4.2
[   20.914323] nvme nvme2: pci function 8010:00:00.0
[   20.915001] nvme 8010:00:00.0: enabling device (0000 -> 0002)
[   20.918556] nvme nvme3: pci function bb5d:00:00.0
[   20.919483] nvme bb5d:00:00.0: enabling device (0000 -> 0002)
[   20.952147] workqueue: work_for_cpu_fn hogged CPU for >10000us 4 times, consider switching to WQ_UNBOUND
[   20.972632] nvme nvme4: pci function 374d:00:00.0
[   20.998131] workqueue: work_for_cpu_fn hogged CPU for >10000us 5 times, consider switching to WQ_UNBOUND
[   20.998317] i8042: PNP: No PS/2 controller found.
[   21.032451] nvme 374d:00:00.0: enabling device (0000 -> 0002)
[   21.057766] mousedev: PS/2 mouse device common for all mice
[   21.094444] nvme nvme5: pci function 36e8:00:00.0
[   21.112038] rtc_cmos 00:02: registered as rtc0
[   21.145191] nvme 36e8:00:00.0: enabling device (0000 -> 0002)
[   21.172534] rtc_cmos 00:02: setting system clock to 2025-11-06T09:47:28 UTC (1762422448)
[   21.252148] nvme nvme6: pci function decd:00:00.0
[   21.261778] rtc_cmos 00:02: alarms up to one month, 114 bytes nvram
[   21.289117] workqueue: work_for_cpu_fn hogged CPU for >10000us 7 times, consider switching to WQ_UNBOUND
[   21.289903] nvme decd:00:00.0: enabling device (0000 -> 0002)
[   21.346447] device-mapper: core: CONFIG_IMA_DISABLE_HTABLE is disabled. Duplicate IMA measurements will not be recorded in the IMA log.
[   21.796341] device-mapper: uevent: version 1.0.3
[   21.823414] device-mapper: ioctl: 4.50.0-ioctl (2025-04-28) initialised: dm-devel@lists.linux.dev
[   21.875836] intel_pstate: Intel P-state driver initializing
[   21.932637] [drm] Initialized simpledrm 1.0.0 for simple-framebuffer.0 on minor 0
[   21.979531] Console: switching to colour frame buffer device 128x48
[   22.017538] simple-framebuffer simple-framebuffer.0: [drm] fb0: simpledrmdrmfb frame buffer device
[   22.074236] hv_utils: Registering HyperV Utility Driver
[   22.104949] hv_vmbus: registering driver hv_utils
[   22.132614] hv_vmbus: registering driver hv_balloon
[   22.133066] hv_utils: Shutdown IC version 3.2
[   22.161440] drop_monitor: Initializing network drop monitor service
[   22.187690] hv_utils: Heartbeat IC version 3.0
[   22.234796] NET: Registered PF_INET6 protocol family
[   22.250257] hv_utils: TimeSync IC version 4.0
[   22.279372] Segment Routing with IPv6
[   22.305429] hv_balloon: Using Dynamic Memory protocol version 2.0
[   22.329171] In-situ OAM (IOAM) with IPv6
[   22.391620] NET: Registered PF_PACKET protocol family
[   22.421596] Key type dns_resolver registered
[   22.494153] IPI shorthand broadcast: enabled
[   22.520144] sched_clock: Marking stable (21875004097, 645122492)->(27581925689, -5061799100)
[   22.574068] registered taskstats version 1
[   22.648910] Loading compiled-in X.509 certificates
[   22.680212] Loaded X.509 cert 'Build time autogenerated kernel key: a436b153e82af29216400c176a0cfa40a8b44fc2'
[   22.741250] Demotion targets for Node 0: null
[   22.766827] Demotion targets for Node 1: null
[   22.792377] Demotion targets for Node 2: null
[   22.817951] Demotion targets for Node 3: null
[   22.844648] Key type .fscrypt registered
[   22.867338] Key type fscrypt-provisioning registered
[   22.896280] Key type trusted registered
[   22.906375] nvme nvme0: 124/0/0 default/read/poll queues
[   22.970402]  nvme0n1: p1
[   22.974537]  nvme0n2: p1 p14 p15
[   26.580110] nvme nvme1: 126/0/0 default/read/poll queues
[   26.658814] nvme nvme3: 126/0/0 default/read/poll queues
[   26.738076] nvme nvme4: 126/0/0 default/read/poll queues
[   26.783987] nvme nvme6: 126/0/0 default/read/poll queues
[   26.817133] nvme nvme2: 126/0/0 default/read/poll queues
[   26.862779] nvme nvme5: 126/0/0 default/read/poll queues
[   26.982356] Key type encrypted registered
[   27.008219] AppArmor: AppArmor sha256 policy hashing enabled
[   27.042380] integrity: Loading X.509 certificate: UEFI:db
[   27.074648] integrity: Loaded X.509 cert 'Microsoft Corporation UEFI CA 2011: 13adbf4309bd82709c8cd54f316ed522988a1bd4'
[   27.138248] integrity: Loading X.509 certificate: UEFI:db
[   27.170136] integrity: Loaded X.509 cert 'Microsoft UEFI CA 2023: 81aa6b3244c935bce0d6628af39827421e32497d'
[   27.227540] integrity: Loading X.509 certificate: UEFI:db
[   27.260250] integrity: Loaded X.509 cert 'Microsoft Corporation: Azure Services Linux Kmod PCA: 697cc4f41a2209a7abd0604c1f196f4d8c5735d9'
[   27.334583] Loading compiled-in module X.509 certificates
[   27.366845] Loaded X.509 cert 'Build time autogenerated kernel key: a436b153e82af29216400c176a0cfa40a8b44fc2'
[   27.425407] ima: Allocated hash algorithm: sha256
[   27.461781] ima: No architecture policies found
[   27.488565] evm: Initialising EVM extended attributes:
[   27.518352] evm: security.selinux
[   27.537917] evm: security.SMACK64
[   27.557460] evm: security.SMACK64EXEC
[   27.579045] evm: security.SMACK64TRANSMUTE
[   27.602675] evm: security.SMACK64MMAP
[   27.624373] evm: security.apparmor
[   27.643919] evm: security.ima
[   27.661419] evm: security.capability
[   27.681994] evm: HMAC attrs: 0x1
[   27.700851] PM:   Magic number: 1:670:777
[   27.724782] misc rfkill: hash matches
[   27.749831] RAS: Correctable Errors collector initialized.
[   27.792362] clk: Disabling unused clocks
[   27.822284] Freeing unused decrypted memory: 2028K
[   27.828889] Freeing unused kernel image (initmem) memory: 4768K
[   27.835185] Write protecting the kernel read-only data: 34816k
[   27.843208] Freeing unused kernel image (text/rodata gap) memory: 728K
[   27.850112] Freeing unused kernel image (rodata/data gap) memory: 556K
[   27.904318] x86/mm: Checked W+X mappings: passed, no W+X pages found.
[   27.909750] Run /init as init process
[   27.913031]   with arguments:
[   27.916290]     /init
[   27.918512]   with environment:
[   27.921770]     HOME=/
[   27.923995]     TERM=linux
[   28.025275] hv_vmbus: registering driver hyperv_drm
[   28.030579] hid: raw HID events driver (C) Jiri Kosina
[   28.031650] hyperv_drm 5620e0c7-8062-4dce-aeb7-520c7ef76171: [drm] Synthvid Version major 3, minor 5
[   28.047822] hv_vmbus: registering driver hyperv_keyboard
[   28.052712] Console: switching to colour dummy device 80x25
[   28.062632] input: AT Translated Set 2 keyboard as /devices/LNXSYSTM:00/LNXSYBUS:00/ACPI0004:00/MSFT1000:00/d34b2567-b9b6-42b9-8778-0a4ec0b955bf/serio0/input/input0
[   28.075776] hv_vmbus: registering driver hv_netvsc
[   28.089073] hv_netvsc f8615163-0000-1000-2000-6045bda67ddf (unnamed net_device) (uninitialized): VF slot 1 added
[   28.105220] [drm] Initialized hyperv_drm 1.0.0 for 5620e0c7-8062-4dce-aeb7-520c7ef76171 on minor 1
[   28.115031] Console: switching to colour frame buffer device 128x48
[   28.121262] hyperv_drm 5620e0c7-8062-4dce-aeb7-520c7ef76171: [drm] fb0: hyperv_drmdrmfb frame buffer device
[   28.199417] hv_vmbus: registering driver hid_hyperv
[   28.204647] input: Microsoft Vmbus HID-compliant Mouse as /devices/0006:045E:0621.0001/input/input1
[   28.212710] hid-hyperv 0006:045E:0621.0001: input: VIRTUAL HID v0.01 Mouse [Microsoft Vmbus HID-compliant Mouse] on 
[   29.250310] hv_pci 00000001-7870-47b5-b203-907d12ca697e: PCI VMBus probing: Using version 0x10004
[   29.258563] hv_pci 00000001-7870-47b5-b203-907d12ca697e: PCI host bridge to bus 7870:00
[   29.265147] pci_bus 7870:00: root bus resource [mem 0xfc2000000-0xfc4007fff window]
[   29.271701] pci_bus 7870:00: No busn resource found for root bus, will use [bus 00-ff]
[   29.280100] pci 7870:00:00.0: [1414:00ba] type 00 class 0x020000 PCIe Endpoint
[   29.295529] pci 7870:00:00.0: BAR 0 [mem 0xfc2000000-0xfc3ffffff 64bit pref]
[   29.302531] pci 7870:00:00.0: BAR 4 [mem 0xfc4000000-0xfc4007fff 64bit pref]
[   29.308913] pci 7870:00:00.0: enabling Extended Tags
[   29.344130] raid6: avx512x4 gen() 42751 MB/s
[   29.351507] pci_bus 7870:00: busn_res: [bus 00-ff] end is updated to 00
[   29.355970] pci 7870:00:00.0: BAR 0 [mem 0xfc2000000-0xfc3ffffff 64bit pref]: assigned
[   29.364130] raid6: avx512x2 gen() 43608 MB/s
[   29.364421] pci 7870:00:00.0: BAR 4 [mem 0xfc4000000-0xfc4007fff 64bit pref]: assigned
[   29.376538] mana 7870:00:00.0: enabling device (0000 -> 0002)
[   29.384130] raid6: avx512x1 gen() 28290 MB/s
[   29.404129] raid6: avx2x4   gen() 40974 MB/s
[   29.413683] mana 7870:00:00.0: Microsoft Azure Network Adapter protocol version: 0.1.1
[   29.424127] raid6: avx2x2   gen() 41081 MB/s
[   29.429300] hv_netvsc f8615163-0000-1000-2000-6045bda67ddf eth0: VF registering: eth1
[   29.435211] mana 7870:00:00.0 eth1: joined to eth0
[   29.439964] mana 7870:00:00.0 enP30832s1: renamed from eth1
[   29.444127] raid6: avx2x1   gen() 30045 MB/s
[   29.447788] raid6: using algorithm avx512x2 gen() 43608 MB/s
[   29.469127] raid6: .... xor() 36146 MB/s, rmw enabled
[   29.473540] raid6: using avx512x2 recovery algorithm
[   29.483495] xor: automatically using best checksumming function   avx       
[   29.494776] async_tx: api initialized (async)
[   29.749562] Btrfs loaded, zoned=yes, fsverity=yes
[   29.825069] EXT4-fs (nvme0n2p1): Supports (experimental) DIO atomic writes awu_min: 4096, awu_max: 4096
[   29.834263] EXT4-fs (nvme0n2p1): mounted filesystem 85a32921-52b7-4d2d-9c02-a565b70bc919 ro with ordered data mode. Quota mode: none.
[   29.983907] systemd[1]: Inserted module 'autofs4'
[   29.994907] systemd[1]: systemd 249.11-0ubuntu3.17 running in system mode (+PAM +AUDIT +SELINUX +APPARMOR +IMA +SMACK +SECCOMP +GCRYPT +GNUTLS +OPENSSL +ACL +BLKID +CURL +ELFUTILS +FIDO2 +IDN2 -IDN +IPTC +KMOD +LIBCRYPTSETUP +LIBFDISK +PCRE2 -PWQUALITY -P11KIT -QRENCODE +BZIP2 +LZ4 +XZ +ZLIB +ZSTD -XKBCOMMON +UTMP +SYSVINIT default-hierarchy=unified)
[   30.019981] systemd[1]: Detected virtualization microsoft.
[   30.024605] systemd[1]: Detected architecture x86-64.
[   30.032580] systemd[1]: Hostname set to <madiL192-7>.
[   30.126300] block nvme0n2: the capability attribute has been deprecated.
[   30.203168] systemd[1]: Configuration file /run/systemd/system/netplan-ovs-cleanup.service is marked world-inaccessible. This has no effect as configuration data is accessible via APIs without restrictions. Proceeding anyway.
[   30.239212] systemd[1]: /lib/systemd/system/snapd.service:23: Unknown key name 'RestartMode' in section 'Service', ignoring.
[   30.311473] systemd[1]: Queued start job for default target Graphical Interface.
[   30.317206] systemd[1]: Unnecessary job was removed for /sys/devices/virtual/misc/vmbus!hv_vss.
[   30.325026] systemd[1]: Unnecessary job was removed for /sys/devices/virtual/misc/vmbus!hv_fcopy.
[   30.354227] systemd[1]: Created slice Slice for Azure VM Agent and Extensions.
[   30.365225] systemd[1]: Created slice Slice /system/modprobe.
[   30.374173] systemd[1]: Created slice Slice /system/serial-getty.
[   30.381239] systemd[1]: Created slice Slice /system/systemd-fsck.
[   30.388246] systemd[1]: Created slice User and Session Slice.
[   30.396206] systemd[1]: Started Forward Password Requests to Wall Directory Watch.
[   30.403589] systemd[1]: Set up automount Arbitrary Executable File Formats File System Automount Point.
[   30.411996] systemd[1]: Reached target Slice Units.
[   30.416953] systemd[1]: Reached target Mounting snaps.
[   30.423178] systemd[1]: Reached target Swaps.
[   30.429179] systemd[1]: Reached target System Time Set.
[   30.436202] systemd[1]: Reached target Local Verity Protected Volumes.
[   30.444218] systemd[1]: Listening on Device-mapper event daemon FIFOs.
[   30.452256] systemd[1]: Listening on LVM2 poll daemon socket.
[   30.460222] systemd[1]: Listening on multipathd control socket.
[   30.468224] systemd[1]: Listening on Syslog Socket.
[   30.474219] systemd[1]: Listening on fsck to fsckd communication Socket.
[   30.482193] systemd[1]: Listening on initctl Compatibility Named Pipe.
[   30.490277] systemd[1]: Listening on Journal Audit Socket.
[   30.497224] systemd[1]: Listening on Journal Socket (/dev/log).
[   30.505228] systemd[1]: Listening on Journal Socket.
[   30.510246] systemd[1]: Listening on Network Service Netlink Socket.
[   30.516391] systemd[1]: Listening on udev Control Socket.
[   30.523207] systemd[1]: Listening on udev Kernel Socket.
[   30.541210] systemd[1]: Mounting Huge Pages File System...
