[H[J[1;1H[?25l[m[H[J[1;1H[2;30HGNU GRUB  version 2.06

[m[4;2H+----------------------------------------------------------------------------+[5;2H|[5;79H|[6;2H|[6;79H|[7;2H|[7;79H|[8;2H|[8;79H|[9;2H|[9;79H|[10;2H|[10;79H|[11;2H|[11;79H|[12;2H|[12;79H|[13;2H|[13;79H|[14;2H|[14;79H|[15;2H|[15;79H|[16;2H|[16;79H|[17;2H+----------------------------------------------------------------------------+[m[18;2H[19;2H[m     Use the ^ and v keys to select which entry is highlighted.          
      Press enter to boot the selected OS, `e' to edit the commands       
      before booting or `c' for a command-line.                           [5;80H [7m[5;3H*Ubuntu                                                                     [m[5;78H[m[m[6;3H Advanced options for Ubuntu                                                [m[6;78H[m[m[7;3H                                                                            [m[7;78H[m[m[8;3H                                                                            [m[8;78H[m[m[9;3H                                                                            [m[9;78H[m[m[10;3H                                                                            [m[10;78H[m[m[11;3H                                                                            [m[11;78H[m[m[12;3H                                                                            [m[12;78H[m[m[13;3H                                                                            [m[13;78H[m[m[14;3H                                                                            [m[14;78H[m[m[15;3H                                                                            [m[15;78H[m[m[16;3H                                                                            [m[16;78H[m[16;80H [5;78H[22;1H   The highlighted entry will be executed automatically in 20s.                [5;78H[22;1H   The highlighted entry will be executed automatically in 19s.                [5;78H[22;1H   The highlighted entry will be executed automatically in 18s.                [5;78H[22;1H   The highlighted entry will be executed automatically in 17s.                [5;78H[22;1H   The highlighted entry will be executed automatically in 16s.                [5;78H[22;1H   The highlighted entry will be executed automatically in 15s.                [5;78H[22;1H   The highlighted entry will be executed automatically in 14s.                [5;78H[22;1H   The highlighted entry will be executed automatically in 13s.                [5;78H[22;1H   The highlighted entry will be executed automatically in 12s.                [5;78H[22;1H   The highlighted entry will be executed automatically in 11s.                [5;78H[22;1H   The highlighted entry will be executed automatically in 10s.                [5;78H[22;1H   The highlighted entry will be executed automatically in 9s.                 [5;78H[22;1H   The highlighted entry will be executed automatically in 8s.                 [5;78H[22;1H   The highlighted entry will be executed automatically in 7s.                 [5;78H[22;1H   The highlighted entry will be executed automatically in 6s.                 [5;78H[22;1H   The highlighted entry will be executed automatically in 5s.                 [5;78H[22;1H   The highlighted entry will be executed automatically in 4s.                 [5;78H[22;1H   The highlighted entry will be executed automatically in 3s.                 [5;78H[22;1H   The highlighted entry will be executed automatically in 2s.                 [5;78H[22;1H   The highlighted entry will be executed automatically in 1s.                 [5;78H[22;1H   The highlighted entry will be executed automatically in 0s.                 [5;78H[?25h[H[J[1;1H[H[J[1;1HGRUB_FORCE_PARTUUID set, attempting initrdless boot.
[    0.000000] Linux version 6.8.12-decui+ (root@lisa--206-e0-n0) (gcc (Ubuntu 11.4.0-1ubuntu1~22.04.2) 11.4.0, GNU ld (GNU Binutils for Ubuntu) 2.38) #13 SMP Sun Aug 24 19:31:53 UTC 2025 (Ubuntu 6.8.0-1029.34~22.04.1-azure 6.8.12)
[    0.000000] Command line: BOOT_IMAGE=/boot/vmlinuz-6.8.12-decui+ root=PARTUUID=0e079217-021e-4ddf-b9f5-1da584a06e20 ro console=tty1 console=ttyS0 earlyprintk=ttyS0 nvme_core.io_timeout=240 ignore_loglevel sysrq_always_enabled trace_buf_size=10M panic=-1
[    0.000000] KERNEL supported cpus:
[    0.000000]   Intel GenuineIntel
[    0.000000]   AMD AuthenticAMD
[    0.000000]   Hygon HygonGenuine
[    0.000000]   Centaur CentaurHauls
[    0.000000]   zhaoxin   Shanghai  
[    0.000000] BIOS-provided physical RAM map:
[    0.000000] BIOS-e820: [mem 0x0000000000000000-0x000000000009fbff] usable
[    0.000000] BIOS-e820: [mem 0x000000000009fc00-0x000000000009ffff] reserved
[    0.000000] BIOS-e820: [mem 0x00000000000e0000-0x00000000000fffff] reserved
[    0.000000] BIOS-e820: [mem 0x0000000000100000-0x000000003ffeffff] usable
[    0.000000] BIOS-e820: [mem 0x000000003fff0000-0x000000003fffefff] ACPI data
[    0.000000] BIOS-e820: [mem 0x000000003ffff000-0x000000003fffffff] ACPI NVS
[    0.000000] BIOS-e820: [mem 0x0000000100000000-0x0000000fdfffffff] usable
[    0.000000] BIOS-e820: [mem 0x0000001000000000-0x00000040dfffffff] usable
[    0.000000] printk: legacy bootconsole [earlyser0] enabled
[    0.000000] printk: debug: ignoring loglevel setting.
[    0.000000] NX (Execute Disable) protection: active
[    0.000000] APIC: Static calls initialized
[    0.000000] SMBIOS 2.3 present.
[    0.000000] DMI: Microsoft Corporation Virtual Machine/Virtual Machine, BIOS 090008  12/07/2018
[    0.000000] Hypervisor detected: Microsoft Hyper-V
[    0.000000] Hyper-V: privilege flags low 0x2e7f, high 0x388030, hints 0x40c2c, misc 0xbed7b2
[    0.000000] Hyper-V: Host Build 10.0.20348.3115-3-0
[    0.000000] Hyper-V: Nested features: 0x0
[    0.000000] Hyper-V: LAPIC Timer Frequency: 0x30d40
[    0.000000] Hyper-V: Using hypercall for remote TLB flush
[    0.000000] clocksource: hyperv_clocksource_tsc_page: mask: 0xffffffffffffffff max_cycles: 0x24e6a1710, max_idle_ns: 440795202120 ns
[    0.000001] clocksource: hyperv_clocksource_msr: mask: 0xffffffffffffffff max_cycles: 0x24e6a1710, max_idle_ns: 440795202120 ns
[    0.005244] tsc: Marking TSC unstable due to running on Hyper-V
[    0.007909] tsc: Detected 2445.429 MHz processor
[    0.010515] e820: update [mem 0x00000000-0x00000fff] usable ==> reserved
[    0.013546] e820: remove [mem 0x000a0000-0x000fffff] usable
[    0.016079] last_pfn = 0x40e0000 max_arch_pfn = 0x400000000
[    0.018624] MTRR map: 3 entries (1 fixed + 2 variable; max 17), built from 8 variable MTRRs
[    0.022373] x86/PAT: Configuration [0-7]: WB  WC  UC- UC  WB  WP  UC- WT  
[    0.025590] e820: update [mem 0x40000000-0xffffffff] usable ==> reserved
Memory KASLR using RDRAND RDTSC...
[    0.030272] last_pfn = 0x3fff0 max_arch_pfn = 0x400000000
[    0.036275] found SMP MP-table at [mem 0x000ff780-0x000ff78f]
[    0.038905] Using GB pages for direct mapping
[    0.040970] ACPI: Early table checksum verification disabled
[    0.043683] ACPI: RSDP 0x00000000000F5C00 000014 (v00 ACPIAM)
[    0.046291] ACPI: RSDT 0x000000003FFF0000 000040 (v01 VRTUAL MICROSFT 12001807 MSFT 00000097)
[    0.050107] ACPI: FACP 0x000000003FFF0200 000081 (v02 VRTUAL MICROSFT 12001807 MSFT 00000097)
[    0.053957] ACPI: DSDT 0x000000003FFF1D24 003CD5 (v01 MSFTVM MSFTVM02 00000002 INTL 02002026)
[    0.057794] ACPI: FACS 0x000000003FFFF000 000040
[    0.059985] ACPI: WAET 0x000000003FFF1A80 000028 (v01 VRTUAL MICROSFT 12001807 MSFT 00000097)
[    0.063826] ACPI: SLIC 0x000000003FFF1AC0 000176 (v01 VRTUAL MICROSFT 12001807 MSFT 00000097)
[    0.067673] ACPI: OEM0 0x000000003FFF1CC0 000064 (v01 VRTUAL MICROSFT 12001807 MSFT 00000097)
[    0.071510] ACPI: SRAT 0x000000003FFF0800 0003C0 (v02 VRTUAL MICROSFT 00000001 MSFT 00000001)
[    0.076168] ACPI: APIC 0x000000003FFF0300 000152 (v01 VRTUAL MICROSFT 12001807 MSFT 00000097)
[    0.079984] ACPI: OEMB 0x000000003FFFF040 000064 (v01 VRTUAL MICROSFT 12001807 MSFT 00000097)
[    0.083852] ACPI: Reserving FACP table memory at [mem 0x3fff0200-0x3fff0280]
[    0.087065] ACPI: Reserving DSDT table memory at [mem 0x3fff1d24-0x3fff59f8]
[    0.090367] ACPI: Reserving FACS table memory at [mem 0x3ffff000-0x3ffff03f]
[    0.093674] ACPI: Reserving WAET table memory at [mem 0x3fff1a80-0x3fff1aa7]
[    0.096957] ACPI: Reserving SLIC table memory at [mem 0x3fff1ac0-0x3fff1c35]
[    0.100150] ACPI: Reserving OEM0 table memory at [mem 0x3fff1cc0-0x3fff1d23]
[    0.103374] ACPI: Reserving SRAT table memory at [mem 0x3fff0800-0x3fff0bbf]
[    0.106762] ACPI: Reserving APIC table memory at [mem 0x3fff0300-0x3fff0451]
[    0.109917] ACPI: Reserving OEMB table memory at [mem 0x3ffff040-0x3ffff0a3]
[    0.113173] SRAT: PXM 0 -> APIC 0x00 -> Node 0
[    0.115155] SRAT: PXM 0 -> APIC 0x01 -> Node 0
[    0.117189] SRAT: PXM 0 -> APIC 0x02 -> Node 0
[    0.119174] SRAT: PXM 0 -> APIC 0x03 -> Node 0
[    0.121168] SRAT: PXM 0 -> APIC 0x04 -> Node 0
[    0.123310] SRAT: PXM 0 -> APIC 0x05 -> Node 0
[    0.125291] SRAT: PXM 0 -> APIC 0x06 -> Node 0
[    0.127313] SRAT: PXM 0 -> APIC 0x07 -> Node 0
[    0.129300] SRAT: PXM 0 -> APIC 0x08 -> Node 0
[    0.131284] SRAT: PXM 0 -> APIC 0x09 -> Node 0
[    0.133269] SRAT: PXM 0 -> APIC 0x0a -> Node 0
[    0.135284] SRAT: PXM 0 -> APIC 0x0b -> Node 0
[    0.137380] SRAT: PXM 0 -> APIC 0x0c -> Node 0
[    0.139566] SRAT: PXM 0 -> APIC 0x0d -> Node 0
[    0.141561] SRAT: PXM 0 -> APIC 0x0e -> Node 0
[    0.143576] SRAT: PXM 0 -> APIC 0x0f -> Node 0
[    0.145565] SRAT: PXM 1 -> APIC 0x10 -> Node 1
[    0.147583] SRAT: PXM 1 -> APIC 0x11 -> Node 1
[    0.149567] SRAT: PXM 1 -> APIC 0x12 -> Node 1
[    0.151564] SRAT: PXM 1 -> APIC 0x13 -> Node 1
[    0.153561] SRAT: PXM 1 -> APIC 0x14 -> Node 1
[    0.155724] SRAT: PXM 1 -> APIC 0x15 -> Node 1
[    0.157738] SRAT: PXM 1 -> APIC 0x16 -> Node 1
[    0.159859] SRAT: PXM 1 -> APIC 0x17 -> Node 1
[    0.161867] SRAT: PXM 1 -> APIC 0x18 -> Node 1
[    0.163856] SRAT: PXM 1 -> APIC 0x19 -> Node 1
[    0.165864] SRAT: PXM 1 -> APIC 0x1a -> Node 1
[    0.167895] SRAT: PXM 1 -> APIC 0x1b -> Node 1
[    0.170330] SRAT: PXM 1 -> APIC 0x1c -> Node 1
[    0.172434] SRAT: PXM 1 -> APIC 0x1d -> Node 1
[    0.174479] SRAT: PXM 1 -> APIC 0x1e -> Node 1
[    0.176502] SRAT: PXM 1 -> APIC 0x1f -> Node 1
[    0.178528] ACPI: SRAT: Node 0 PXM 0 [mem 0x00000000-0x3fffffff] hotplug
[    0.181553] ACPI: SRAT: Node 0 PXM 0 [mem 0x100000000-0xfdfffffff] hotplug
[    0.184673] ACPI: SRAT: Node 0 PXM 0 [mem 0x1000000000-0x20dfffffff] hotplug
[    0.188889] ACPI: SRAT: Node 1 PXM 1 [mem 0x20e0000000-0x40dfffffff] hotplug
[    0.192048] ACPI: SRAT: Node 0 PXM 0 [mem 0x40e0000000-0x9eefffffff] hotplug
[    0.195289] ACPI: SRAT: Node 0 PXM 0 [mem 0x10000000000-0x17fffffffff] hotplug
[    0.198554] ACPI: SRAT: Node 0 PXM 0 [mem 0x20000000000-0x2ffffffffff] hotplug
[    0.202115] ACPI: SRAT: Node 1 PXM 1 [mem 0x9ef0000000-0xfcffffffff] hotplug
[    0.205834] ACPI: SRAT: Node 1 PXM 1 [mem 0x18000000000-0x1ffffffffff] hotplug
[    0.209156] ACPI: SRAT: Node 1 PXM 1 [mem 0x30000000000-0x3ffffffffff] hotplug
[    0.212430] NUMA: Node 0 [mem 0x00000000-0x3fffffff] + [mem 0x100000000-0xfdfffffff] -> [mem 0x00000000-0xfdfffffff]
[    0.217336] NUMA: Node 0 [mem 0x00000000-0xfdfffffff] + [mem 0x1000000000-0x20dfffffff] -> [mem 0x00000000-0x20dfffffff]
[    0.222376] NODE_DATA(0) allocated [mem 0x20dffd5000-0x20dfffffff]
[    0.225169] NODE_DATA(1) allocated [mem 0x40dffd4000-0x40dfffefff]
[    0.228298] Zone ranges:
[    0.229473]   DMA      [mem 0x0000000000001000-0x0000000000ffffff]
[    0.232282]   DMA32    [mem 0x0000000001000000-0x00000000ffffffff]
[    0.235335]   Normal   [mem 0x0000000100000000-0x00000040dfffffff]
[    0.238150]   Device   empty
[    0.239518] Movable zone start for each node
[    0.241482] Early memory node ranges
[    0.243110]   node   0: [mem 0x0000000000001000-0x000000000009efff]
[    0.245983]   node   0: [mem 0x0000000000100000-0x000000003ffeffff]
[    0.248923]   node   0: [mem 0x0000000100000000-0x0000000fdfffffff]
[    0.252106]   node   0: [mem 0x0000001000000000-0x00000020dfffffff]
[    0.254967]   node   1: [mem 0x00000020e0000000-0x00000040dfffffff]
[    0.257865] Initmem setup node 0 [mem 0x0000000000001000-0x00000020dfffffff]
[    0.261135] Initmem setup node 1 [mem 0x00000020e0000000-0x00000040dfffffff]
[    0.264462] On node 0, zone DMA: 1 pages in unavailable ranges
[    0.267336] On node 0, zone DMA: 97 pages in unavailable ranges
[    0.322690] On node 0, zone Normal: 16 pages in unavailable ranges
[    0.497634] ACPI: PM-Timer IO Port: 0x408
[    0.499444] ACPI: LAPIC_NMI (acpi_id[0xff] dfl dfl lint[0x1])
[    0.503199] IOAPIC[0]: apic_id 0, version 17, address 0xfec00000, GSI 0-23
[    0.506271] ACPI: INT_SRC_OVR (bus 0 bus_irq 0 global_irq 2 dfl dfl)
[    0.509319] ACPI: INT_SRC_OVR (bus 0 bus_irq 9 global_irq 9 high level)
[    0.512265] ACPI: Using ACPI (MADT) for SMP configuration information
[    0.515180] smpboot: Allowing 32 CPUs, 0 hotplug CPUs
[    0.517430] PM: hibernation: Registered nosave memory: [mem 0x00000000-0x00000fff]
[    0.520883] PM: hibernation: Registered nosave memory: [mem 0x0009f000-0x0009ffff]
[    0.524344] PM: hibernation: Registered nosave memory: [mem 0x000a0000-0x000dffff]
[    0.527790] PM: hibernation: Registered nosave memory: [mem 0x000e0000-0x000fffff]
[    0.531140] PM: hibernation: Registered nosave memory: [mem 0x3fff0000-0x3fffefff]
[    0.534530] PM: hibernation: Registered nosave memory: [mem 0x3ffff000-0x3fffffff]
[    0.537907] PM: hibernation: Registered nosave memory: [mem 0x40000000-0xffffffff]
[    0.541399] PM: hibernation: Registered nosave memory: [mem 0xfe0000000-0xfffffffff]
[    0.544858] [mem 0x40000000-0xffffffff] available for PCI devices
[    0.547591] Booting paravirtualized kernel on Hyper-V
[    0.549923] clocksource: refined-jiffies: mask: 0xffffffff max_cycles: 0xffffffff, max_idle_ns: 1910969940391419 ns
[    0.554665] setup_percpu: NR_CPUS:8192 nr_cpumask_bits:32 nr_cpu_ids:32 nr_node_ids:2
[    0.559570] percpu: Embedded 84 pages/cpu s221184 r8192 d114688 u524288
[    0.562752] pcpu-alloc: s221184 r8192 d114688 u524288 alloc=1*2097152
[    0.565711] pcpu-alloc: [0] 00 01 02 03 [0] 04 05 06 07 
[    0.568156] pcpu-alloc: [0] 08 09 10 11 [0] 12 13 14 15 
[    0.570561] pcpu-alloc: [1] 16 17 18 19 [1] 20 21 22 23 
[    0.573118] pcpu-alloc: [1] 24 25 26 27 [1] 28 29 30 31 
[    0.575559] Hyper-V: PV spinlocks enabled
[    0.577372] PV qspinlock hash table entries: 256 (order: 0, 4096 bytes, linear)
[    0.580710] Kernel command line: BOOT_IMAGE=/boot/vmlinuz-6.8.12-decui+ root=PARTUUID=0e079217-021e-4ddf-b9f5-1da584a06e20 ro console=tty1 console=ttyS0 earlyprintk=ttyS0 nvme_core.io_timeout=240 ignore_loglevel sysrq_always_enabled trace_buf_size=10M panic=-1
[    0.591617] sysrq: sysrq always enabled.
[    0.593435] Unknown kernel command line parameters "BOOT_IMAGE=/boot/vmlinuz-6.8.12-decui+", will be passed to user space.
[    0.598583] random: crng init done
[    0.600283] Fallback order for Node 0: 0 1 
[    0.600286] Fallback order for Node 1: 1 0 
[    0.600290] Built 2 zonelists, mobility grouping on.  Total pages: 66057968
[    0.607306] Policy zone: Normal
[    0.608755] mem auto-init: stack:off, heap alloc:on, heap free:off
[    0.611539] software IO TLB: area num 32.
[    0.945584] Memory: 264112696K/268435000K available (20480K kernel code, 4337K rwdata, 13092K rodata, 4684K init, 5132K bss, 4322044K reserved, 0K cma-reserved)
[    0.953270] SLUB: HWalign=64, Order=0-3, MinObjects=0, CPUs=32, Nodes=2
Poking KASLR using RDRAND RDTSC...
[    0.959001] ftrace: allocating 54091 entries in 212 pages
[    0.972432] ftrace: allocated 212 pages with 4 groups
[    0.975613] rcu: Hierarchical RCU implementation.
[    0.977741] rcu: 	RCU restricting CPUs from NR_CPUS=8192 to nr_cpu_ids=32.
[    0.981281] 	Rude variant of Tasks RCU enabled.
[    0.983689] 	Tracing variant of Tasks RCU enabled.
[    0.986080] rcu: RCU calculated value of scheduler-enlistment delay is 100 jiffies.
[    0.989684] rcu: Adjusting geometry for rcu_fanout_leaf=16, nr_cpu_ids=32
[    0.995352] NR_IRQS: 524544, nr_irqs: 680, preallocated irqs: 16
[    0.998571] rcu: srcu_init: Setting srcu_struct sizes based on contention.
[    1.006085] Console: colour VGA+ 80x25
[    1.007797] printk: legacy console [tty1] enabled
[    1.079437] printk: legacy console [ttyS0] enabled
[    1.079437] printk: legacy console [ttyS0] enabled
[    1.084245] printk: legacy bootconsole [earlyser0] disabled
[    1.084245] printk: legacy bootconsole [earlyser0] disabled
[    1.090206] mempolicy: Enabling automatic NUMA balancing. Configure with numa_balancing= or the kernel.numa_balancing sysctl
[    1.096275] ACPI: Core revision 20230628
[    1.098785] APIC: Switch to symmetric I/O mode setup
[    1.104882] Hyper-V: enabling crash_kexec_post_notifiers
[    1.107823] Hyper-V: Using IPI hypercalls
[    1.110097] APIC: send_IPI() replaced with hv_send_ipi()
[    1.112963] APIC: send_IPI_mask() replaced with hv_send_ipi_mask()
[    1.116210] APIC: send_IPI_mask_allbutself() replaced with hv_send_ipi_mask_allbutself()
[    1.120645] APIC: send_IPI_allbutself() replaced with hv_send_ipi_allbutself()
[    1.124476] APIC: send_IPI_all() replaced with hv_send_ipi_all()
[    1.127659] APIC: send_IPI_self() replaced with hv_send_ipi_self()
[    1.130958] Hyper-V: Using enlightened APIC (xapic mode)
[    1.130967] APIC: eoi() replaced with hv_apic_eoi_write()
[    1.136948] APIC: read() replaced with hv_apic_read()
[    1.139770] APIC: write() replaced with hv_apic_write()
[    1.142693] APIC: icr_write() replaced with hv_apic_icr_write()
[    1.146125] APIC: icr_read() replaced with hv_apic_icr_read()
[    1.161536] ..TIMER: vector=0x30 apic1=0 pin1=2 apic2=-1 pin2=-1
[    1.165088] Calibrating delay loop (skipped), value calculated using timer frequency.. 4890.85 BogoMIPS (lpj=2445429)
[    1.168145] x86/cpu: User Mode Instruction Prevention (UMIP) activated
[    1.169489] Last level iTLB entries: 4KB 512, 2MB 512, 4MB 256
[    1.170470] Last level dTLB entries: 4KB 2048, 2MB 2048, 4MB 1024, 1GB 0
[    1.172089] Spectre V1 : Mitigation: usercopy/swapgs barriers and __user pointer sanitization
[    1.173518] Spectre V2 : Mitigation: Retpolines
[    1.174468] Spectre V2 : Spectre v2 / SpectreRSB mitigation: Filling RSB on context switch
[    1.176086] Spectre V2 : Spectre v2 / SpectreRSB : Filling RSB on VMEXIT
[    1.177498] Speculative Store Bypass: Vulnerable
[    1.178483] Speculative Return Stack Overflow: IBPB-extending microcode not applied!
[    1.179532] Speculative Return Stack Overflow: WARNING: See https://kernel.org/doc/html/latest/admin-guide/hw-vuln/srso.html for mitigation options.
[    1.179533] Speculative Return Stack Overflow: Vulnerable: Safe RET, no microcode
[    1.183102] x86/fpu: Supporting XSAVE feature 0x001: 'x87 floating point registers'
[    1.185086] x86/fpu: Supporting XSAVE feature 0x002: 'SSE registers'
[    1.186467] x86/fpu: Supporting XSAVE feature 0x004: 'AVX registers'
[    1.188086] x86/fpu: xstate_offset[2]:  576, xstate_sizes[2]:  256
[    1.190086] x86/fpu: Enabled xstate features 0x7, context size is 832 bytes, using 'compacted' format.
[    1.258705] Freeing SMP alternatives memory: 48K
[    1.260088] pid_max: default: 32768 minimum: 301
[    1.262121] LSM: initializing lsm=lockdown,capability,landlock,yama,apparmor,integrity
[    1.265105] landlock: Up and running.
[    1.267087] Yama: becoming mindful.
[    1.269127] AppArmor: AppArmor initialized
[    1.280296] Dentry cache hash table entries: 16777216 (order: 15, 134217728 bytes, vmalloc hugepage)
[    1.288394] Inode-cache hash table entries: 8388608 (order: 14, 67108864 bytes, vmalloc hugepage)
[    1.290228] Mount-cache hash table entries: 262144 (order: 9, 2097152 bytes, vmalloc)
[    1.294093] Mountpoint-cache hash table entries: 262144 (order: 9, 2097152 bytes, vmalloc)
[    1.296652] smpboot: CPU0: AMD EPYC 7763 64-Core Processor (family: 0x19, model: 0x1, stepping: 0x1)
[    1.297709] RCU Tasks Rude: Setting shift to 5 and lim to 1 rcu_task_cb_adjust=1 rcu_task_cpu_ids=32.
[    1.298529] RCU Tasks Trace: Setting shift to 5 and lim to 1 rcu_task_cb_adjust=1 rcu_task_cpu_ids=32.
[    1.299561] Performance Events: PMU not available due to virtualization, using software events only.
[    1.300517] signal: max sigframe size: 1776
[    1.301526] rcu: Hierarchical SRCU implementation.
[    1.302470] rcu: 	Max phase no-delay instances is 400.
[    1.304758] NMI watchdog: Perf NMI watchdog permanently disabled
[    1.305760] smp: Bringing up secondary CPUs ...
[    1.306613] smpboot: x86: Booting SMP configuration:
[    1.307483] .... node  #0, CPUs:        #2  #4  #6  #8 #10 #12 #14
[    1.310470] .... node  #1, CPUs:   #16 #18 #20 #22 #24 #26 #28 #30
[    0.158785] ------------[ cut here ]------------
[    0.158785] sched: CPU #16's llc-sibling CPU #0 is not on the same node! [node: 1 != 0]. Ignoring dependency.
[    0.158785] WARNING: CPU: 16 PID: 0 at arch/x86/kernel/smpboot.c:473 topology_sane.isra.0+0xda/0x1a0
[    0.158785] Modules linked in:
[    0.158785] CPU: 16 PID: 0 Comm: swapper/16 Not tainted 6.8.12-decui+ #13
[    0.158785] Hardware name: Microsoft Corporation Virtual Machine/Virtual Machine, BIOS 090008  12/07/2018
[    0.158785] RIP: 0010:topology_sane.isra.0+0xda/0x1a0
[    0.158785] Code: 81 fe ff 1f 00 00 0f 87 83 00 00 00 4a 8b 34 f5 e0 89 66 92 48 c7 c7 08 8b 53 92 88 45 d4 46 8b 04 26 44 89 ee e8 a6 57 05 00 <0f> 0b 0f b6 45 d4 48 83 c4 20 5b 41 5c 41 5d 41 5e 41 5f 5d e9 38
[    0.158785] RSP: 0000:ffffab7740183e28 EFLAGS: 00010086
[    0.158785] RAX: 0000000000000000 RBX: 000000000002f9c0 RCX: ffffffff92f7b8e8
[    0.158785] RDX: 0000000000000000 RSI: 0000000000000003 RDI: 0000000000000001
[    0.158785] RBP: ffffab7740183e70 R08: 0000000000000003 R09: 2073273631232055
[    0.158785] R10: ffffffff937735e0 R11: 2055504320676e73 R12: 000000000002f9c0
[    0.158785] R13: 0000000000000010 R14: 0000000000000010 R15: 0000000000000000
[    0.158785] FS:  0000000000000000(0000) GS:ffff95e85f600000(0000) knlGS:0000000000000000
[    0.158785] CS:  0010 DS: 0000 ES: 0000 CR0: 0000000080050033
[    0.158785] CR2: 0000000000000000 CR3: 000000090aa36000 CR4: 0000000000350ef0
[    0.158785] Call Trace:
[    0.158785]  <TASK>
[    0.158785]  set_cpu_sibling_map+0x16d/0xd90
[    0.158785]  start_secondary+0x85/0x150
[    0.158785]  secondary_startup_64_no_verify+0x184/0x18b
[    0.158785]  </TASK>
[    0.158785] ---[ end trace 0000000000000000 ]---
[    2.391303] 
[    2.405088] .... node  #0, CPUs:    #1  #3  #5  #7  #9 #11 #13 #15
[    2.408482] .... node  #1, CPUs:   #17 #19 #21 #23 #25 #27 #29 #31
[    3.452246] smp: Brought up 2 nodes, 32 CPUs
[    3.454475] smpboot: Max logical packages: 1
[    3.455481] smpboot: Total of 32 processors activated (157512.44 BogoMIPS)
[    3.462147] devtmpfs: initialized
[    3.463556] x86/mm: Memory block size: 512MB
[    3.474654] ACPI: PM: Registering ACPI NVS region [mem 0x3ffff000-0x3fffffff] (4096 bytes)
[    3.475661] clocksource: jiffies: mask: 0xffffffff max_cycles: 0xffffffff, max_idle_ns: 1911260446275000 ns
[    3.476540] futex hash table entries: 8192 (order: 7, 524288 bytes, vmalloc)
[    3.477637] pinctrl core: initialized pinctrl subsystem
[    3.479089] PM: RTC time: 05:13:51, date: 2025-08-25
[    3.481686] NET: Registered PF_NETLINK/PF_ROUTE protocol family
[    3.482888] DMA: preallocated 4096 KiB GFP_KERNEL pool for atomic allocations
[    3.483678] DMA: preallocated 4096 KiB GFP_KERNEL|GFP_DMA pool for atomic allocations
[    3.484717] DMA: preallocated 4096 KiB GFP_KERNEL|GFP_DMA32 pool for atomic allocations
[    3.485518] audit: initializing netlink subsys (disabled)
[    3.486486] audit: type=2000 audit(1756098830.326:1): state=initialized audit_enabled=0 res=1
[    3.486486] thermal_sys: Registered thermal governor 'fair_share'
[    3.487511] thermal_sys: Registered thermal governor 'bang_bang'
[    3.488473] thermal_sys: Registered thermal governor 'step_wise'
[    3.489469] thermal_sys: Registered thermal governor 'user_space'
[    3.490475] thermal_sys: Registered thermal governor 'power_allocator'
[    3.491514] EISA bus registered
[    3.493663] cpuidle: using governor ladder
[    3.494482] cpuidle: using governor menu
[    3.498202] acpiphp: ACPI Hot Plug PCI Controller Driver version: 0.5
[    3.499845] PCI: Using configuration type 1 for base access
[    3.500506] PCI: Using configuration type 1 for extended access
[    3.501830] kprobes: kprobe jump-optimization is enabled. All kprobes are optimized if possible.
[    3.502520] HugeTLB: registered 1.00 GiB page size, pre-allocated 0 pages
[    3.503470] HugeTLB: 16380 KiB vmemmap can be freed for a 1.00 GiB page
[    3.504477] HugeTLB: registered 2.00 MiB page size, pre-allocated 0 pages
[    3.505492] HugeTLB: 28 KiB vmemmap can be freed for a 2.00 MiB page
[    3.518256] ACPI: Added _OSI(Module Device)
[    3.519477] ACPI: Added _OSI(Processor Device)
[    3.520474] ACPI: Added _OSI(3.0 _SCP Extensions)
[    3.521523] ACPI: Added _OSI(Processor Aggregator Device)
[    3.527201] ACPI: 1 ACPI AML tables successfully acquired and loaded
[    3.532397] ACPI: _OSC evaluation for CPUs failed, trying _PDC
[    3.534146] ACPI: Interpreter enabled
[    3.535487] ACPI: PM: (supports S0 S5)
[    3.536472] ACPI: Using IOAPIC for interrupt routing
[    3.537991] PCI: Using host bridge windows from ACPI; if necessary, use "pci=nocrs" and report a bug
[    3.538507] PCI: Using E820 reservations for host bridge windows
[    3.539963] ACPI: Enabled 1 GPEs in block 00 to 0F
[    3.568106] ACPI: PCI Root Bridge [PCI0] (domain 0000 [bus 00-ff])
[    3.569481] acpi PNP0A03:00: _OSC: OS supports [ExtendedConfig ASPM ClockPM Segments MSI HPX-Type3]
[    3.570777] PCI host bridge to bus 0000:00
[    3.571502] pci_bus 0000:00: Unknown NUMA node; performance will be reduced
[    3.572477] pci_bus 0000:00: root bus resource [mem 0xfe0000000-0xfffffffff window]
[    3.573505] pci_bus 0000:00: root bus resource [io  0x0000-0x0cf7 window]
[    3.574527] pci_bus 0000:00: root bus resource [io  0x0d00-0xffff window]
[    3.575473] pci_bus 0000:00: root bus resource [mem 0x000a0000-0x000bffff window]
[    3.576504] pci_bus 0000:00: root bus resource [mem 0x40000000-0xfffbffff window]
[    3.577510] pci_bus 0000:00: root bus resource [bus 00-ff]
[    3.579191] pci 0000:00:00.0: [8086:7192] type 00 class 0x060000 conventional PCI endpoint
[    3.583957] pci 0000:00:07.0: [8086:7110] type 00 class 0x060100 conventional PCI endpoint
[    3.586612] pci 0000:00:07.1: [8086:7111] type 00 class 0x010180 conventional PCI endpoint
[    3.589122] pci 0000:00:07.1: BAR 4 [io  0xffa0-0xffaf]
[    3.590668] pci 0000:00:07.1: BAR 0 [io  0x01f0-0x01f7]: legacy IDE quirk
[    3.591470] pci 0000:00:07.1: BAR 1 [io  0x03f6]: legacy IDE quirk
[    3.592590] pci 0000:00:07.1: BAR 2 [io  0x0170-0x0177]: legacy IDE quirk
[    3.593475] pci 0000:00:07.1: BAR 3 [io  0x0376]: legacy IDE quirk
[    3.595035] * Found PM-Timer Bug on the chipset. Due to workarounds for a bug,
[    3.595035] * this clock source is slow. Consider trying other clock sources
[    3.595566] pci 0000:00:07.3: [8086:7113] type 00 class 0x068000 conventional PCI endpoint
[    3.598067] pci 0000:00:07.3: quirk: [io  0x0400-0x043f] claimed by PIIX4 ACPI
[    3.599327] pci 0000:00:08.0: [1414:5353] type 00 class 0x030000 conventional PCI endpoint
[    3.601804] pci 0000:00:08.0: BAR 0 [mem 0xf8000000-0xfbffffff]
[    3.602862] pci 0000:00:08.0: Video device with shadowed ROM at [mem 0x000c0000-0x000dffff]
[    3.628719] ACPI: PCI: Interrupt link LNKA configured for IRQ 11
[    3.629731] ACPI: PCI: Interrupt link LNKB configured for IRQ 0
[    3.630473] ACPI: PCI: Interrupt link LNKB disabled
[    3.631728] ACPI: PCI: Interrupt link LNKC configured for IRQ 0
[    3.632474] ACPI: PCI: Interrupt link LNKC disabled
[    3.633770] ACPI: PCI: Interrupt link LNKD configured for IRQ 0
[    3.634471] ACPI: PCI: Interrupt link LNKD disabled
[    3.635748] iommu: Default domain type: Translated
[    3.636474] iommu: DMA domain TLB invalidation policy: lazy mode
[    3.637715] SCSI subsystem initialized
[    3.638487] libata version 3.00 loaded.
[    3.639505] ACPI: bus type USB registered
[    3.640523] usbcore: registered new interface driver usbfs
[    3.641483] usbcore: registered new interface driver hub
[    3.642494] usbcore: registered new device driver usb
[    3.643495] pps_core: LinuxPPS API ver. 1 registered
[    3.644471] pps_core: Software ver. 5.3.6 - Copyright 2005-2007 Rodolfo Giometti <giometti@linux.it>
[    3.645511] PTP clock support registered
[    3.646497] EDAC MC: Ver: 3.0.0
[    3.649113] hv_vmbus: Vmbus version:5.2
[    3.650884] NetLabel: Initializing
[    3.651498] NetLabel:  domain hash size = 128
[    3.652483] NetLabel:  protocols = UNLABELED CIPSOv4 CALIPSO
[    3.654025] NetLabel:  unlabeled traffic allowed by default
[    3.654504] mctp: management component transport protocol core
[    3.655474] NET: Registered PF_MCTP protocol family
[    3.656478] PCI: Using ACPI for IRQ routing
[    3.657491] PCI: pci_cache_line_size set to 64 bytes
[    3.658818] e820: reserve RAM buffer [mem 0x0009fc00-0x0009ffff]
[    3.659476] e820: reserve RAM buffer [mem 0x3fff0000-0x3fffffff]
[    3.660499] pci 0000:00:08.0: vgaarb: setting as boot VGA device
[    3.661085] pci 0000:00:08.0: vgaarb: bridge control possible
[    3.661085] pci 0000:00:08.0: vgaarb: VGA device added: decodes=io+mem,owns=io+mem,locks=none
[    3.661089] vgaarb: loaded
[    3.662476] clocksource: Switched to clocksource hyperv_clocksource_tsc_page
[    3.667335] VFS: Disk quotas dquot_6.6.0
[    3.669804] VFS: Dquot-cache hash table entries: 512 (order 0, 4096 bytes)
[    3.673653] AppArmor: AppArmor Filesystem Enabled
[    3.676322] pnp: PnP ACPI init
[    3.679248] pnp 00:03: [dma 0 disabled]
[    3.682272] pnp 00:04: [dma 0 disabled]
[    3.685334] pnp 00:05: [dma 2]
[    3.687424] system 00:06: [io  0x01e0-0x01ef] has been reserved
[    3.690566] system 00:06: [io  0x0160-0x016f] has been reserved
[    3.693745] system 00:06: [io  0x0278-0x027f] has been reserved
[    3.696952] system 00:06: [io  0x0378-0x037f] has been reserved
[    3.700103] system 00:06: [io  0x0678-0x067f] has been reserved
[    3.703435] system 00:06: [io  0x0778-0x077f] has been reserved
[    3.706586] system 00:06: [io  0x04d0-0x04d1] has been reserved
[    3.710082] system 00:07: [io  0x0400-0x043f] has been reserved
[    3.713303] system 00:07: [io  0x0370-0x0371] has been reserved
[    3.716452] system 00:07: [io  0x0440-0x044f] has been reserved
[    3.719795] system 00:07: [mem 0xfec00000-0xfec00fff] could not be reserved
[    3.723416] system 00:07: [mem 0xfee00000-0xfee00fff] has been reserved
[    3.727157] system 00:08: [mem 0x00000000-0x0009ffff] could not be reserved
[    3.730810] system 00:08: [mem 0x000c0000-0x000dffff] could not be reserved
[    3.734673] system 00:08: [mem 0x000e0000-0x000fffff] could not be reserved
[    3.738365] system 00:08: [mem 0x00100000-0x3fffffff] could not be reserved
[    3.742011] system 00:08: [mem 0xfffc0000-0xffffffff] has been reserved
[    3.745770] pnp: PnP ACPI: found 9 devices
[    3.755618] clocksource: acpi_pm: mask: 0xffffff max_cycles: 0xffffff, max_idle_ns: 2085701024 ns
[    3.760430] NET: Registered PF_INET protocol family
[    3.763293] IP idents hash table entries: 262144 (order: 9, 2097152 bytes, vmalloc)
[    3.785024] tcp_listen_portaddr_hash hash table entries: 65536 (order: 8, 1048576 bytes, vmalloc)
[    3.789761] Table-perturb hash table entries: 65536 (order: 6, 262144 bytes, vmalloc)
[    3.794035] TCP established hash table entries: 524288 (order: 10, 4194304 bytes, vmalloc hugepage)
[    3.799274] TCP bind hash table entries: 65536 (order: 9, 2097152 bytes, vmalloc)
[    3.803280] TCP: Hash tables configured (established 524288 bind 65536)
[    3.806930] MPTCP token hash table entries: 65536 (order: 8, 1572864 bytes, vmalloc)
[    3.811194] UDP hash table entries: 65536 (order: 9, 2097152 bytes, vmalloc)
[    3.815497] UDP-Lite hash table entries: 65536 (order: 9, 2097152 bytes, vmalloc)
[    3.819726] NET: Registered PF_UNIX/PF_LOCAL protocol family
[    3.822807] NET: Registered PF_XDP protocol family
[    3.825453] pci_bus 0000:00: resource 4 [mem 0xfe0000000-0xfffffffff window]
[    3.829169] pci_bus 0000:00: resource 5 [io  0x0000-0x0cf7 window]
[    3.832625] pci_bus 0000:00: resource 6 [io  0x0d00-0xffff window]
[    3.835861] pci_bus 0000:00: resource 7 [mem 0x000a0000-0x000bffff window]
[    3.839580] pci_bus 0000:00: resource 8 [mem 0x40000000-0xfffbffff window]
[    3.843218] pci 0000:00:00.0: Limiting direct PCI/PCI transfers
[    3.846753] PCI: CLS 0 bytes, default 64
[    3.849277] PCI-DMA: Using software bounce buffering for IO (SWIOTLB)
[    3.852673] software IO TLB: mapped [mem 0x000000003bff0000-0x000000003fff0000] (64MB)
[    3.857849] Initialise system trusted keyrings
[    3.860336] Key type blacklist registered
[    3.863255] workingset: timestamp_bits=36 max_order=26 bucket_order=0
[    3.866709] zbud: loaded
[    3.868860] squashfs: version 4.0 (2009/01/31) Phillip Lougher
[    3.872284] fuse: init (API version 7.39)
[    3.875070] integrity: Platform Keyring initialized
[    3.878886] integrity: Machine keyring initialized
[    3.893474] Key type asymmetric registered
[    3.896405] Asymmetric key parser 'x509' registered
[    3.899238] Block layer SCSI generic (bsg) driver version 0.4 loaded (major 244)
[    3.903187] io scheduler mq-deadline registered
[   30.031088] watchdog: cdx: BUG: soft lockup - CPU#18 stuck for 26s! [swapper/18:0]
[   30.034832] ------------[ cut here ]------------
[   30.038832] WARNING: CPU: 18 PID: 0 at kernel/smp.c:786 smp_call_function_many_cond+0x426/0x4f0
[   30.042832] Modules linked in:
[   30.042832] CPU: 18 PID: 0 Comm: swapper/18 Tainted: G        W          6.8.12-decui+ #13
[   30.046832] Hardware name: Microsoft Corporation Virtual Machine/Virtual Machine, BIOS 090008  12/07/2018
[   30.054831] RIP: 0010:smp_call_function_many_cond+0x426/0x4f0
[   30.058831] Code: 0f 83 29 ff ff ff 48 8b 05 af d0 3f 02 48 85 c0 74 13 48 8b 78 08 48 c7 c1 c0 9c de 90 4c 89 f6 e8 9f 50 f3 ff e9 05 ff ff ff <0f> 0b 85 d2 0f 85 16 fd ff ff c6 45 b3 00 e9 37 fc ff ff 8b 7d 9c
[   30.066832] RSP: 0018:ffffab77483dccf0 EFLAGS: 00010006
[   30.070832] RAX: 0000000000010100 RBX: 0000000000000000 RCX: 0000000000000002
[   30.074832] RDX: 0000000000000002 RSI: ffffffff90e36a60 RDI: ffffffff93230020
[   30.078832] RBP: ffffab77483dcd60 R08: 0000000000000000 R09: 0000000000000019
[   30.082832] R10: ffffffff937735e0 R11: 0000000063746177 R12: 000000000000001a
[   30.086831] R13: 0000000000000000 R14: 0000000000000012 R15: ffffffff93230020
[   30.091300] FS:  0000000000000000(0000) GS:ffff95e85f700000(0000) knlGS:0000000000000000
[   30.094832] CS:  0010 DS: 0000 ES: 0000 CR0: 0000000080050033
[   30.098832] CR2: 0000000000000000 CR3: 000000090aa36000 CR4: 0000000000350ef0
[   30.102832] Call Trace:
[   30.102832]  <IRQ>
[   30.142832]  on_each_cpu_cond_mask+0x1d/0x30
[   30.146832]  watchdog_timer_fn+0x1f3/0x280
[   30.151301]  __hrtimer_run_queues+0x111/0x240
[   30.158832]  hrtimer_interrupt+0x101/0x240
[   30.158832]  hv_stimer0_isr+0x20/0x30
[   30.162831]  __sysvec_hyperv_stimer0+0x32/0x60
[   30.162831]  sysvec_hyperv_stimer0+0x3e/0x90
[   30.166832]  asm_sysvec_hyperv_stimer0+0x1b/0x20
[   30.170832] RIP: 0010:handle_softirqs+0x73/0x2c0
[   30.170832] Code: ff f7 ff ff 89 75 b8 65 81 05 7d c8 34 6f 00 01 00 00 c7 45 bc 0a 00 00 00 65 66 c7 05 8c c8 34 6f 00 00 fb 41 ba ff ff ff ff <49> c7 c3 c0 60 e0 92 45 0f bc d4 41 83 c2 01 4c 89 db 45 89 d7 0f
[   30.182831] RSP: 0018:ffffab77483dcf60 EFLAGS: 00000286
[   30.186832] RAX: ffff95c8e63e2880 RBX: 0000000000000000 RCX: 0000000040000070
[   30.190832] RDX: 0000000000000000 RSI: 0000000004200042 RDI: 0000000000000000
[   30.194832] RBP: ffffab77483dcfb8 R08: 00000007c45268d7 R09: 8e9a268ef799bdfe
[   30.198831] R10: 00000000ffffffff R11: ffffffffffe610f0 R12: 0000000000000080
[   30.202832] R13: 0000000000000001 R14: 0000000000000000 R15: 0000000000000000
[   30.206832]  __irq_exit_rcu+0xb2/0xd0
[   30.211301]  irq_exit_rcu+0xe/0x20
[   30.211301]  sysvec_hyperv_stimer0+0x80/0x90
[   30.216806]  </IRQ>
[   30.216806]  <TASK>
[   30.218831]  asm_sysvec_hyperv_stimer0+0x1b/0x20
[   30.218831] RIP: 0010:default_idle+0xb/0x20
[   30.222831] Code: ff eb c9 cc cc cc cc cc cc cc cc cc cc cc cc 90 90 90 90 90 90 90 90 90 90 90 90 90 90 90 90 eb 07 0f 00 2d c7 91 35 00 fb f4 <fa> e9 da 6e 25 00 66 66 2e 0f 1f 84 00 00 00 00 00 0f 1f 40 00 90
[   30.230831] RSP: 0018:ffffab7740193e98 EFLAGS: 00000216
[   30.238831] RAX: ffff95e85f72efe8 RBX: ffff95c8e63e2880 RCX: 0000000000000000
[   30.238831] RDX: 0000000000000000 RSI: ffff95e85f723ec0 RDI: 000000000001401c
[   30.242831] RBP: ffffab7740193ea0 R08: 00000000da4cf3a8 R09: 0000000000000000
[   30.246832] R10: ffffab7740193e48 R11: 0000000000000000 R12: 0000000000000012
[   30.250831] R13: 0000000000000000 R14: 0000000000000000 R15: 0000000000000000
[   30.262832]  default_idle_call+0x2c/0xa0
[   30.262832]  do_idle+0x1f7/0x240
[   30.271347]  cpu_startup_entry+0x2d/0x30
[   30.274832]  start_secondary+0x120/0x150
[   30.274832]  secondary_startup_64_no_verify+0x184/0x18b
[   30.278832]  </TASK>
[   30.278832] ---[ end trace 0000000000000000 ]---
[   30.284453] cdx: on cpu19, refcnt=402602433 (msr=592862238), tsc1=0x16ec4a6aff, tsc2=0x16ec4a7a1e, tsc_diff=0xf1f, tsc_pg: seq=1, scale=10bfe6c40c62b10, off=0
[   30.282832] cdx: on cpu18, refcnt=402602657 (msr=592862458), tsc1=0x16ec4b40f8, tsc2=0x16ec4b4995, tsc_diff=0x89d, tsc_pg: seq=1, scale=10bfe6c40c62b10, off=0
[   30.285184] cdx: on cpu21, refcnt=592862486 (msr=592862493), tsc1=0x21c1804f31, tsc2=0x21c1805b89, tsc_diff=0xc58, tsc_pg: seq=1, scale=10bfe6c40c62b10, off=0
[   30.285183] cdx: on cpu20, refcnt=592862472 (msr=592862481), tsc1=0x21c18041b7, tsc2=0x21c18052f1, tsc_diff=0x113a, tsc_pg: seq=1, scale=10bfe6c40c62b10, off=0
[   30.285184] cdx: on cpu24, refcnt=592862479 (msr=592862487), tsc1=0x21c1804876, tsc2=0x21c1805b69, tsc_diff=0x12f3, tsc_pg: seq=1, scale=10bfe6c40c62b10, off=0
[   30.285185] cdx: on cpu16, refcnt=592862485 (msr=592862496), tsc1=0x21c1804eaa, tsc2=0x21c18061e6, tsc_diff=0x133c, tsc_pg: seq=1, scale=10bfe6c40c62b10, off=0
[   30.285186] cdx: on cpu25, refcnt=592862504 (msr=592862510), tsc1=0x21c1806021, tsc2=0x21c1806cf4, tsc_diff=0xcd3, tsc_pg: seq=1, scale=10bfe6c40c62b10, off=0
[   30.285185] cdx: on cpu17, refcnt=592862490 (msr=592862497), tsc1=0x21c180532f, tsc2=0x21c1806235, tsc_diff=0xf06, tsc_pg: seq=1, scale=10bfe6c40c62b10, off=0
[   30.285185] cdx: on cpu22, refcnt=592862491 (msr=592862499), tsc1=0x21c180544f, tsc2=0x21c18066e0, tsc_diff=0x1291, tsc_pg: seq=1, scale=10bfe6c40c62b10, off=0
[   30.285187] cdx: on cpu23, refcnt=592862520 (msr=592862526), tsc1=0x21c1806f5d, tsc2=0x21c1807c49, tsc_diff=0xcec, tsc_pg: seq=1, scale=10bfe6c40c62b10, off=0
[   30.285187] cdx: on cpu0, refcnt=592862512 (msr=592862520), tsc1=0x21c180682f, tsc2=0x21c180771d, tsc_diff=0xeee, tsc_pg: seq=1, scale=10bfe6c40c62b10, off=0
[   30.285189] cdx: on cpu2, refcnt=592862537 (msr=592862544), tsc1=0x21c1807f97, tsc2=0x21c1808ecf, tsc_diff=0xf38, tsc_pg: seq=1, scale=10bfe6c40c62b10, off=0
[   30.285188] cdx: on cpu3, refcnt=592862522 (msr=592862532), tsc1=0x21c1807214, tsc2=0x21c1808271, tsc_diff=0x105d, tsc_pg: seq=1, scale=10bfe6c40c62b10, off=0
[   30.285187] cdx: on cpu1, refcnt=592862512 (msr=592862520), tsc1=0x21c1806838, tsc2=0x21c18077a1, tsc_diff=0xf69, tsc_pg: seq=1, scale=10bfe6c40c62b10, off=0
[   30.285209] cdx: on cpu13, refcnt=592862721 (msr=592862732), tsc1=0x21c1812f78, tsc2=0x21c181474d, tsc_diff=0x17d5, tsc_pg: seq=1, scale=10bfe6c40c62b10, off=0
[   30.285209] cdx: on cpu12, refcnt=592862721 (msr=592862731), tsc1=0x21c1812f71, tsc2=0x21c18146cb, tsc_diff=0x175a, tsc_pg: seq=1, scale=10bfe6c40c62b10, off=0
[   30.285212] cdx: on cpu11, refcnt=592862751 (msr=592862762), tsc1=0x21c1814c1c, tsc2=0x21c18164cd, tsc_diff=0x18b1, tsc_pg: seq=1, scale=10bfe6c40c62b10, off=0
[   30.285212] cdx: on cpu10, refcnt=592862751 (msr=592862762), tsc1=0x21c1814c0a, tsc2=0x21c181651d, tsc_diff=0x1913, tsc_pg: seq=1, scale=10bfe6c40c62b10, off=0
[   30.285211] cdx: on cpu15, refcnt=592862742 (msr=592862754), tsc1=0x21c18143c2, tsc2=0x21c1815ebf, tsc_diff=0x1afd, tsc_pg: seq=1, scale=10bfe6c40c62b10, off=0
[   30.285211] cdx: on cpu14, refcnt=592862742 (msr=592862754), tsc1=0x21c18143af, tsc2=0x21c1815e4a, tsc_diff=0x1a9b, tsc_pg: seq=1, scale=10bfe6c40c62b10, off=0
[   30.285214] cdx: on cpu5, refcnt=592862773 (msr=592862785), tsc1=0x21c181610c, tsc2=0x21c1817b45, tsc_diff=0x1a39, tsc_pg: seq=1, scale=10bfe6c40c62b10, off=0
[   30.285214] cdx: on cpu4, refcnt=592862778 (msr=592862787), tsc1=0x21c18166b5, tsc2=0x21c1817bc3, tsc_diff=0x150e, tsc_pg: seq=1, scale=10bfe6c40c62b10, off=0
[   30.285214] cdx: on cpu27, refcnt=592862780 (msr=592862789), tsc1=0x21c18167cb, tsc2=0x21c1817d6c, tsc_diff=0x15a1, tsc_pg: seq=1, scale=10bfe6c40c62b10, off=0
[   30.285214] cdx: on cpu26, refcnt=592862773 (msr=592862787), tsc1=0x21c1816198, tsc2=0x21c1817cde, tsc_diff=0x1b46, tsc_pg: seq=1, scale=10bfe6c40c62b10, off=0
[   30.285215] cdx: on cpu9, refcnt=592862786 (msr=592862798), tsc1=0x21c1816e46, tsc2=0x21c181867d, tsc_diff=0x1837, tsc_pg: seq=1, scale=10bfe6c40c62b10, off=0
[   30.285215] cdx: on cpu8, refcnt=592862787 (msr=592862798), tsc1=0x21c1816e97, tsc2=0x21c18186e6, tsc_diff=0x184f, tsc_pg: seq=1, scale=10bfe6c40c62b10, off=0
[   30.285217] cdx: on cpu7, refcnt=592862803 (msr=592862814), tsc1=0x21c1817e27, tsc2=0x21c18196d8, tsc_diff=0x18b1, tsc_pg: seq=1, scale=10bfe6c40c62b10, off=0
[   30.285217] cdx: on cpu6, refcnt=592862803 (msr=592862814), tsc1=0x21c1817e0a, tsc2=0x21c1819659, tsc_diff=0x184f, tsc_pg: seq=1, scale=10bfe6c40c62b10, off=0
[   30.285217] cdx: on cpu28, refcnt=592862798 (msr=592862809), tsc1=0x21c1817905, tsc2=0x21c1819528, tsc_diff=0x1c23, tsc_pg: seq=1, scale=10bfe6c40c62b10, off=0
[   30.285217] cdx: on cpu29, refcnt=592862798 (msr=592862810), tsc1=0x21c18178e5, tsc2=0x21c18194a6, tsc_diff=0x1bc1, tsc_pg: seq=1, scale=10bfe6c40c62b10, off=0
[   30.285218] cdx: on cpu30, refcnt=592862814 (msr=592862825), tsc1=0x21c1818817, tsc2=0x21c181a281, tsc_diff=0x1a6a, tsc_pg: seq=1, scale=10bfe6c40c62b10, off=0
[   30.285218] cdx: on cpu31, refcnt=592862814 (msr=592862825), tsc1=0x21c1818828, tsc2=0x21c181a2f4, tsc_diff=0x1acc, tsc_pg: seq=1, scale=10bfe6c40c62b10, off=0
[   30.522831] Modules linked in:
[   30.526832] CPU: 18 PID: 0 Comm: swapper/18 Tainted: G        W          6.8.12-decui+ #13
[   30.530831] Hardware name: Microsoft Corporation Virtual Machine/Virtual Machine, BIOS 090008  12/07/2018
[   30.534831] RIP: 0010:handle_softirqs+0x73/0x2c0
[   30.538831] Code: ff f7 ff ff 89 75 b8 65 81 05 7d c8 34 6f 00 01 00 00 c7 45 bc 0a 00 00 00 65 66 c7 05 8c c8 34 6f 00 00 fb 41 ba ff ff ff ff <49> c7 c3 c0 60 e0 92 45 0f bc d4 41 83 c2 01 4c 89 db 45 89 d7 0f
[   30.546831] RSP: 0018:ffffab77483dcf60 EFLAGS: 00000286
[   30.550831] RAX: ffff95c8e63e2880 RBX: 0000000000000000 RCX: 0000000040000070
[   30.554831] RDX: 0000000000000000 RSI: 0000000004200042 RDI: 0000000000000000
[   30.558831] RBP: ffffab77483dcfb8 R08: 00000007c45268d7 R09: 8e9a268ef799bdfe
[   30.562831] R10: 00000000ffffffff R11: ffffffffffe610f0 R12: 0000000000000080
[   30.566832] R13: 0000000000000001 R14: 0000000000000000 R15: 0000000000000000
[   30.570832] FS:  0000000000000000(0000) GS:ffff95e85f700000(0000) knlGS:0000000000000000
[   30.574832] CS:  0010 DS: 0000 ES: 0000 CR0: 0000000080050033
[   30.578832] CR2: 0000000000000000 CR3: 000000090aa36000 CR4: 0000000000350ef0
[   30.582831] Call Trace:
[   30.582831]  <IRQ>
[   30.618831]  __irq_exit_rcu+0xb2/0xd0
[   30.618831]  irq_exit_rcu+0xe/0x20
[   30.622831]  sysvec_hyperv_stimer0+0x80/0x90
[   30.626832]  </IRQ>
[   30.626832]  <TASK>
[   30.626832]  asm_sysvec_hyperv_stimer0+0x1b/0x20
[   30.630831] RIP: 0010:default_idle+0xb/0x20
[   30.634831] Code: ff eb c9 cc cc cc cc cc cc cc cc cc cc cc cc 90 90 90 90 90 90 90 90 90 90 90 90 90 90 90 90 eb 07 0f 00 2d c7 91 35 00 fb f4 <fa> e9 da 6e 25 00 66 66 2e 0f 1f 84 00 00 00 00 00 0f 1f 40 00 90
[   30.642831] RSP: 0018:ffffab7740193e98 EFLAGS: 00000216
[   30.646832] RAX: ffff95e85f72efe8 RBX: ffff95c8e63e2880 RCX: 0000000000000000
[   30.650833] RDX: 0000000000000000 RSI: ffff95e85f723ec0 RDI: 000000000001401c
[   30.654831] RBP: ffffab7740193ea0 R08: 00000000da4cf3a8 R09: 0000000000000000
[   30.658831] R10: ffffab7740193e48 R11: 0000000000000000 R12: 0000000000000012
[   30.662832] R13: 0000000000000000 R14: 0000000000000000 R15: 0000000000000000
[   30.670831]  default_idle_call+0x2c/0xa0
[   30.674831]  do_idle+0x1f7/0x240
[   30.682832]  cpu_startup_entry+0x2d/0x30
[   30.682832]  start_secondary+0x120/0x150
[   30.686832]  secondary_startup_64_no_verify+0x184/0x18b
[   30.690832]  </TASK>
[   55.092088] watchdog: cdx: BUG: soft lockup - CPU#19 stuck for 49s! [swapper/19:0]
[   55.096624] cdx: on cpu18, refcnt=650723993 (msr=840983983), tsc1=0x250ce26b55, tsc2=0x250ce27ec3, tsc_diff=0x136e, tsc_pg: seq=1, scale=10bfe6c40c62b10, off=0
[   55.093085] cdx: on cpu19, refcnt=650724220 (msr=840984203), tsc1=0x250ce34450, tsc2=0x250ce34de2, tsc_diff=0x992, tsc_pg: seq=1, scale=10bfe6c40c62b10, off=0
[   55.097359] cdx: on cpu20, refcnt=840984232 (msr=840984245), tsc1=0x2fe21900e4, tsc2=0x2fe2191546, tsc_diff=0x1462, tsc_pg: seq=1, scale=10bfe6c40c62b10, off=0
[   55.097361] cdx: on cpu21, refcnt=840984254 (msr=840984261), tsc1=0x2fe21915d4, tsc2=0x2fe21923cd, tsc_diff=0xdf9, tsc_pg: seq=1, scale=10bfe6c40c62b10, off=0
[   55.097360] cdx: on cpu16, refcnt=840984241 (msr=840984250), tsc1=0x2fe219096f, tsc2=0x2fe2191c00, tsc_diff=0x1291, tsc_pg: seq=1, scale=10bfe6c40c62b10, off=0
[   55.097360] cdx: on cpu17, refcnt=840984241 (msr=840984250), tsc1=0x2fe2190944, tsc2=0x2fe2191b73, tsc_diff=0x122f, tsc_pg: seq=1, scale=10bfe6c40c62b10, off=0
[   55.097360] cdx: on cpu24, refcnt=840984237 (msr=840984246), tsc1=0x2fe219061a, tsc2=0x2fe2191c1d, tsc_diff=0x1603, tsc_pg: seq=1, scale=10bfe6c40c62b10, off=0
[   55.097362] cdx: on cpu25, refcnt=840984265 (msr=840984271), tsc1=0x2fe219205b, tsc2=0x2fe2192d90, tsc_diff=0xd35, tsc_pg: seq=1, scale=10bfe6c40c62b10, off=0
[   55.097362] cdx: on cpu23, refcnt=840984262 (msr=840984270), tsc1=0x2fe2191dfb, tsc2=0x2fe2192bf4, tsc_diff=0xdf9, tsc_pg: seq=1, scale=10bfe6c40c62b10, off=0
[   55.097361] cdx: on cpu22, refcnt=840984245 (msr=840984257), tsc1=0x2fe2190d5c, tsc2=0x2fe219240a, tsc_diff=0x16ae, tsc_pg: seq=1, scale=10bfe6c40c62b10, off=0
[   55.097363] cdx: on cpu3, refcnt=840984269 (msr=840984276), tsc1=0x2fe2192455, tsc2=0x2fe219332a, tsc_diff=0xed5, tsc_pg: seq=1, scale=10bfe6c40c62b10, off=0
[   55.097363] cdx: on cpu0, refcnt=840984259 (msr=840984275), tsc1=0x2fe2191b0c, tsc2=0x2fe219332a, tsc_diff=0x181e, tsc_pg: seq=1, scale=10bfe6c40c62b10, off=0
[   55.097364] cdx: on cpu1, refcnt=840984285 (msr=840984292), tsc1=0x2fe21930ee, tsc2=0x2fe219406f, tsc_diff=0xf81, tsc_pg: seq=1, scale=10bfe6c40c62b10, off=0
[   55.097364] cdx: on cpu2, refcnt=840984285 (msr=840984291), tsc1=0x2fe2193209, tsc2=0x2fe2193f26, tsc_diff=0xd1d, tsc_pg: seq=1, scale=10bfe6c40c62b10, off=0
[   55.097372] cdx: on cpu8, refcnt=840984357 (msr=840984366), tsc1=0x2fe21977ee, tsc2=0x2fe2198bd6, tsc_diff=0x13e8, tsc_pg: seq=1, scale=10bfe6c40c62b10, off=0
[   55.097372] cdx: on cpu9, refcnt=840984357 (msr=840984366), tsc1=0x2fe21977f2, tsc2=0x2fe2198b60, tsc_diff=0x136e, tsc_pg: seq=1, scale=10bfe6c40c62b10, off=0
[   55.097384] cdx: on cpu13, refcnt=840984471 (msr=840984482), tsc1=0x2fe219e513, tsc2=0x2fe219fc6d, tsc_diff=0x175a, tsc_pg: seq=1, scale=10bfe6c40c62b10, off=0
[   55.097384] cdx: on cpu12, refcnt=840984471 (msr=840984481), tsc1=0x2fe219e50c, tsc2=0x2fe219fcc8, tsc_diff=0x17bc, tsc_pg: seq=1, scale=10bfe6c40c62b10, off=0
[   55.097386] cdx: on cpu10, refcnt=840984490 (msr=840984500), tsc1=0x2fe219f736, tsc2=0x2fe21a10f4, tsc_diff=0x19be, tsc_pg: seq=1, scale=10bfe6c40c62b10, off=0
[   55.097386] cdx: on cpu11, refcnt=840984490 (msr=840984500), tsc1=0x2fe219f760, tsc2=0x2fe21a1181, tsc_diff=0x1a21, tsc_pg: seq=1, scale=10bfe6c40c62b10, off=0
[   55.097387] cdx: on cpu5, refcnt=840984498 (msr=840984510), tsc1=0x2fe219ff34, tsc2=0x2fe21a1816, tsc_diff=0x18e2, tsc_pg: seq=1, scale=10bfe6c40c62b10, off=0
[   55.097387] cdx: on cpu4, refcnt=840984499 (msr=840984510), tsc1=0x2fe21a0014, tsc2=0x2fe21a187b, tsc_diff=0x1867, tsc_pg: seq=1, scale=10bfe6c40c62b10, off=0
[   55.097386] cdx: on cpu14, refcnt=840984493 (msr=840984505), tsc1=0x2fe219fa3e, tsc2=0x2fe21a16dc, tsc_diff=0x1c9e, tsc_pg: seq=1, scale=10bfe6c40c62b10, off=0
[   55.097386] cdx: on cpu15, refcnt=840984493 (msr=840984505), tsc1=0x2fe219fa21, tsc2=0x2fe21a1751, tsc_diff=0x1d30, tsc_pg: seq=1, scale=10bfe6c40c62b10, off=0
[   55.097390] cdx: on cpu7, refcnt=840984531 (msr=840984541), tsc1=0x2fe21a1e08, tsc2=0x2fe21a3562, tsc_diff=0x175a, tsc_pg: seq=1, scale=10bfe6c40c62b10, off=0
[   55.097390] cdx: on cpu6, refcnt=840984531 (msr=840984541), tsc1=0x2fe21a1e1c, tsc2=0x2fe21a34fc, tsc_diff=0x16e0, tsc_pg: seq=1, scale=10bfe6c40c62b10, off=0
[   55.097389] cdx: on cpu28, refcnt=840984525 (msr=840984537), tsc1=0x2fe21a189c, tsc2=0x2fe21a3273, tsc_diff=0x19d7, tsc_pg: seq=1, scale=10bfe6c40c62b10, off=0
[   55.097389] cdx: on cpu29, refcnt=840984525 (msr=840984537), tsc1=0x2fe21a18c6, tsc2=0x2fe21a32e6, tsc_diff=0x1a20, tsc_pg: seq=1, scale=10bfe6c40c62b10, off=0
[   55.097392] cdx: on cpu30, refcnt=840984545 (msr=840984556), tsc1=0x2fe21a2bfd, tsc2=0x2fe21a45bc, tsc_diff=0x19bf, tsc_pg: seq=1, scale=10bfe6c40c62b10, off=0
[   55.097392] cdx: on cpu31, refcnt=840984545 (msr=840984557), tsc1=0x2fe21a2bdd, tsc2=0x2fe21a453a, tsc_diff=0x195d, tsc_pg: seq=1, scale=10bfe6c40c62b10, off=0
[   55.097394] cdx: on cpu27, refcnt=840984569 (msr=840984580), tsc1=0x2fe21a426f, tsc2=0x2fe21a6033, tsc_diff=0x1dc4, tsc_pg: seq=1, scale=10bfe6c40c62b10, off=0
[   55.097394] cdx: on cpu26, refcnt=840984569 (msr=840984580), tsc1=0x2fe21a425c, tsc2=0x2fe21a5fa5, tsc_diff=0x1d49, tsc_pg: seq=1, scale=10bfe6c40c62b10, off=0
[   55.332164] Modules linked in:
[   55.332164] CPU: 19 PID: 0 Comm: swapper/19 Tainted: G        W    L     6.8.12-decui+ #13
[   55.332164] Hardware name: Microsoft Corporation Virtual Machine/Virtual Machine, BIOS 090008  12/07/2018
[   55.332164] RIP: 0010:handle_softirqs+0x73/0x2c0
[   55.392162] Code: ff f7 ff ff 89 75 b8 65 81 05 7d c8 34 6f 00 01 00 00 c7 45 bc 0a 00 00 00 65 66 c7 05 8c c8 34 6f 00 00 fb 41 ba ff ff ff ff <49> c7 c3 c0 60 e0 92 45 0f bc d4 41 83 c2 01 4c 89 db 45 89 d7 0f
[   55.392162] RSP: 0018:ffffab774cb28f60 EFLAGS: 00000286
[   55.408832] RAX: ffff95c8e63ed100 RBX: 0000000000000000 RCX: 0000000040000070
[   55.408832] RDX: 0000000000000000 RSI: 0000000004200042 RDI: 0000000000000000
[   55.418822] RBP: ffffab774cb28fb8 R08: 00000007c4ca0ab3 R09: e2687bda82c73e68
[   55.418822] R10: 00000000ffffffff R11: 0000000000325c30 R12: 0000000000000282
[   55.418822] R13: 0000000000000001 R14: 0000000000000000 R15: 0000000000000000
[   55.418822] FS:  0000000000000000(0000) GS:ffff95e85f780000(0000) knlGS:0000000000000000
[   55.433831] CS:  0010 DS: 0000 ES: 0000 CR0: 0000000080050033
[   55.433831] CR2: 0000000000000000 CR3: 000000090aa36000 CR4: 0000000000350ef0
[   55.433831] Call Trace:
[   55.433831]  <IRQ>
[   55.452167]  __irq_exit_rcu+0xb2/0xd0
[   55.452167]  irq_exit_rcu+0xe/0x20
[   55.452167]  sysvec_hyperv_stimer0+0x80/0x90
[   55.452167]  </IRQ>
[   55.452167]  <TASK>
[   55.452167]  asm_sysvec_hyperv_stimer0+0x1b/0x20
[   55.452167] RIP: 0010:default_idle+0xb/0x20
[   55.452167] Code: ff eb c9 cc cc cc cc cc cc cc cc cc cc cc cc 90 90 90 90 90 90 90 90 90 90 90 90 90 90 90 90 eb 07 0f 00 2d c7 91 35 00 fb f4 <fa> e9 da 6e 25 00 66 66 2e 0f 1f 84 00 00 00 00 00 0f 1f 40 00 90
[   55.452167] RSP: 0018:ffffab774019be98 EFLAGS: 00000212
[   55.452167] RAX: ffff95e85f7aefe8 RBX: ffff95c8e63ed100 RCX: 0000000000000000
[   55.452167] RDX: 0000000000000000 RSI: ffff95e85f7a3ec0 RDI: 000000000000ec8c
[   55.452167] RBP: ffffab774019bea0 R08: 00000000da4cf3a8 R09: 0000000000000000
[   55.452167] R10: ffffab774019be48 R11: 0000000000000000 R12: 0000000000000013
[   55.452167] R13: 0000000000000000 R14: 0000000000000000 R15: 0000000000000000
[   55.452167]  default_idle_call+0x2c/0xa0
[   55.452167]  do_idle+0x1f7/0x240
[   55.452167]  cpu_startup_entry+0x2d/0x30
[   55.452167]  start_secondary+0x120/0x150
[   55.452167]  secondary_startup_64_no_verify+0x184/0x18b
[   55.452167]  </TASK>
[   63.666085] rcu: INFO: rcu_sched self-detected stall on CPU
[   63.666832] rcu: 	18-....: (59237 ticks this GP) idle=402c/0/0x3 softirq=63/65 fqs=15000
[   63.666832] rcu: 	         hardirqs   softirqs   csw/system
[   63.666832] rcu: 	 number:        0          0            0
[   63.666832] rcu: 	cputime:        0      29990            0   ==> 30010(ms)
[   63.666832] rcu: 	(t=60018 jiffies g=-1027 q=11 ncpus=32)
[   63.688809] CPU: 18 PID: 0 Comm: swapper/18 Tainted: G        W    L     6.8.12-decui+ #13
[   63.688809] Hardware name: Microsoft Corporation Virtual Machine/Virtual Machine, BIOS 090008  12/07/2018
[   63.688809] RIP: 0010:handle_softirqs+0x73/0x2c0
[   63.688809] Code: ff f7 ff ff 89 75 b8 65 81 05 7d c8 34 6f 00 01 00 00 c7 45 bc 0a 00 00 00 65 66 c7 05 8c c8 34 6f 00 00 fb 41 ba ff ff ff ff <49> c7 c3 c0 60 e0 92 45 0f bc d4 41 83 c2 01 4c 89 db 45 89 d7 0f
[   63.688809] RSP: 0018:ffffab77483dcf60 EFLAGS: 00000286
[   63.688809] RAX: ffff95c8e63e2880 RBX: 0000000000000000 RCX: 0000000040000070
[   63.688809] RDX: 0000000000000000 RSI: 0000000004200042 RDI: 0000000000000000
[   63.688809] RBP: ffffab77483dcfb8 R08: 00000007c45268d7 R09: 8e9a268ef799bdfe
[   63.688809] R10: 00000000ffffffff R11: ffffffffffe610f0 R12: 0000000000000080
[   63.688809] R13: 0000000000000001 R14: 0000000000000000 R15: 0000000000000000
[   63.688809] FS:  0000000000000000(0000) GS:ffff95e85f700000(0000) knlGS:0000000000000000
[   63.688809] CS:  0010 DS: 0000 ES: 0000 CR0: 0000000080050033
[   63.688809] CR2: 0000000000000000 CR3: 000000090aa36000 CR4: 0000000000350ef0
[   63.688809] Call Trace:
[   63.688809]  <IRQ>
[   63.688809]  __irq_exit_rcu+0xb2/0xd0
[   63.688809]  irq_exit_rcu+0xe/0x20
[   63.688809]  sysvec_hyperv_stimer0+0x80/0x90
[   63.688809]  </IRQ>
[   63.688809]  <TASK>
[   63.688809]  asm_sysvec_hyperv_stimer0+0x1b/0x20
[   63.688809] RIP: 0010:default_idle+0xb/0x20
[   63.688809] Code: ff eb c9 cc cc cc cc cc cc cc cc cc cc cc cc 90 90 90 90 90 90 90 90 90 90 90 90 90 90 90 90 eb 07 0f 00 2d c7 91 35 00 fb f4 <fa> e9 da 6e 25 00 66 66 2e 0f 1f 84 00 00 00 00 00 0f 1f 40 00 90
[   63.688809] RSP: 0018:ffffab7740193e98 EFLAGS: 00000216
[   63.688809] RAX: ffff95e85f72efe8 RBX: ffff95c8e63e2880 RCX: 0000000000000000
[   63.688809] RDX: 0000000000000000 RSI: ffff95e85f723ec0 RDI: 000000000001401c
[   63.688809] RBP: ffffab7740193ea0 R08: 00000000da4cf3a8 R09: 0000000000000000
[   63.688809] R10: ffffab7740193e48 R11: 0000000000000000 R12: 0000000000000012
[   63.688809] R13: 0000000000000000 R14: 0000000000000000 R15: 0000000000000000
[   63.688809]  default_idle_call+0x2c/0xa0
[   63.688809]  do_idle+0x1f7/0x240
[   63.688809]  cpu_startup_entry+0x2d/0x30
[   63.688809]  start_secondary+0x120/0x150
[   63.688809]  secondary_startup_64_no_verify+0x184/0x18b
[   63.688809]  </TASK>
[   63.688809] Sending NMI from CPU 18 to CPUs 19:
[   63.877022] NMI backtrace for cpu 19
[   63.877024] CPU: 19 PID: 0 Comm: swapper/19 Tainted: G        W    L     6.8.12-decui+ #13
[   63.877027] Hardware name: Microsoft Corporation Virtual Machine/Virtual Machine, BIOS 090008  12/07/2018
[   63.877028] RIP: 0010:hv_set_non_nested_register+0x34/0xa0
[   63.877032] Code: ff bf 48 89 e5 41 54 41 89 fc 48 83 ec 08 83 f8 1f 77 09 f6 05 7c 85 ab 02 01 75 2e 48 89 f2 44 89 e1 89 f0 48 c1 ea 20 0f 30 <66> 90 4c 8b 65 f8 c9 e9 6b f5 27 01 44 89 e7 31 d2 e8 e6 18 7e 00
[   63.877034] RSP: 0018:ffffab774cb28d40 EFLAGS: 00000056
[   63.877037] RAX: 000000002c0525bb RBX: 0000000000000000 RCX: 00000000400000b1
[   63.877038] RDX: 0000000000000000 RSI: 000000002c0525bb RDI: 00000000400000b1
[   63.877040] RBP: ffffab774cb28d50 R08: 010bfe6c40c62b10 R09: 0000000000000000
[   63.877041] R10: ffffab774cb28d88 R11: 0000000000000000 R12: 00000000400000b1
[   63.877043] R13: 000000002c0525bb R14: 0000000000001b53 R15: ffff95e85f7a3a78
[   63.877044] FS:  0000000000000000(0000) GS:ffff95e85f780000(0000) knlGS:0000000000000000
[   63.877047] CS:  0010 DS: 0000 ES: 0000 CR0: 0000000080050033
[   63.877048] CR2: 0000000000000000 CR3: 000000090aa36000 CR4: 0000000000350ef0
[   63.877050] Call Trace:
[   63.877051]  <NMI>
[   63.877085]  </NMI>
[   63.877085]  <IRQ>
[   63.877085]  hv_set_register+0x58/0x70
[   63.877085]  hv_ce_set_next_event+0x57/0xd0
[   63.877085]  clockevents_program_event+0xad/0x130
[   63.877085]  tick_program_event+0x41/0x90
[   63.877085]  hrtimer_interrupt+0x12b/0x240
[   63.877085]  hv_stimer0_isr+0x20/0x30
[   63.877085]  __sysvec_hyperv_stimer0+0x32/0x60
[   63.877085]  sysvec_hyperv_stimer0+0x3e/0x90
[   63.877085]  asm_sysvec_hyperv_stimer0+0x1b/0x20
[   63.877085] RIP: 0010:handle_softirqs+0x73/0x2c0
[   63.877085] Code: ff f7 ff ff 89 75 b8 65 81 05 7d c8 34 6f 00 01 00 00 c7 45 bc 0a 00 00 00 65 66 c7 05 8c c8 34 6f 00 00 fb 41 ba ff ff ff ff <49> c7 c3 c0 60 e0 92 45 0f bc d4 41 83 c2 01 4c 89 db 45 89 d7 0f
[   63.877085] RSP: 0018:ffffab774cb28f60 EFLAGS: 00000286
[   63.877085] RAX: ffff95c8e63ed100 RBX: 0000000000000000 RCX: 0000000040000070
[   63.877085] RDX: 0000000000000000 RSI: 0000000004200042 RDI: 0000000000000000
[   63.877085] RBP: ffffab774cb28fb8 R08: 00000007c4ca0ab3 R09: e2687bda82c73e68
[   63.877085] R10: 00000000ffffffff R11: 0000000000325c30 R12: 0000000000000282
[   63.877085] R13: 0000000000000001 R14: 0000000000000000 R15: 0000000000000000
[   63.877085]  __irq_exit_rcu+0xb2/0xd0
[   63.877085]  irq_exit_rcu+0xe/0x20
[   63.877085]  sysvec_hyperv_stimer0+0x80/0x90
[   63.877085]  </IRQ>
[   63.877085]  <TASK>
[   63.877085]  asm_sysvec_hyperv_stimer0+0x1b/0x20
[   63.877085] RIP: 0010:default_idle+0xb/0x20
[   63.877085] Code: ff eb c9 cc cc cc cc cc cc cc cc cc cc cc cc 90 90 90 90 90 90 90 90 90 90 90 90 90 90 90 90 eb 07 0f 00 2d c7 91 35 00 fb f4 <fa> e9 da 6e 25 00 66 66 2e 0f 1f 84 00 00 00 00 00 0f 1f 40 00 90
[   63.877085] RSP: 0018:ffffab774019be98 EFLAGS: 00000212
[   63.877085] RAX: ffff95e85f7aefe8 RBX: ffff95c8e63ed100 RCX: 0000000000000000
[   63.877085] RDX: 0000000000000000 RSI: ffff95e85f7a3ec0 RDI: 000000000000ec8c
[   63.877085] RBP: ffffab774019bea0 R08: 00000000da4cf3a8 R09: 0000000000000000
[   63.877085] R10: ffffab774019be48 R11: 0000000000000000 R12: 0000000000000013
[   63.877085] R13: 0000000000000000 R14: 0000000000000000 R15: 0000000000000000
[   63.877085]  default_idle_call+0x2c/0xa0
[   63.877085]  do_idle+0x1f7/0x240
[   63.877085]  cpu_startup_entry+0x2d/0x30
[   63.877085]  start_secondary+0x120/0x150
[   63.877085]  secondary_startup_64_no_verify+0x184/0x18b
[   63.877085]  </TASK>
[   90.031088] watchdog: cdx: BUG: soft lockup - CPU#18 stuck for 82s! [swapper/18:0]
[   90.035627] cdx: on cpu19, refcnt=1000113756 (msr=1190373997), tsc1=0x38f18d8861, tsc2=0x38f18d9a2e, tsc_diff=0x11cd, tsc_pg: seq=1, scale=10bfe6c40c62b10, off=0
[   90.033832] cdx: on cpu18, refcnt=1000113980 (msr=1190374218), tsc1=0x38f18e5f06, tsc2=0x38f18e6ab3, tsc_diff=0xbad, tsc_pg: seq=1, scale=10bfe6c40c62b10, off=0
[   90.036361] cdx: on cpu17, refcnt=1190374258 (msr=1190374266), tsc1=0x43c6c5193b, tsc2=0x43c6c527e0, tsc_diff=0xea5, tsc_pg: seq=1, scale=10bfe6c40c62b10, off=0
[   90.036361] cdx: on cpu16, refcnt=1190374242 (msr=1190374255), tsc1=0x43c6c50aaa, tsc2=0x43c6c520de, tsc_diff=0x1634, tsc_pg: seq=1, scale=10bfe6c40c62b10, off=0
[   90.036361] cdx: on cpu20, refcnt=1190374258 (msr=1190374266), tsc1=0x43c6c51978, tsc2=0x43c6c52943, tsc_diff=0xfcb, tsc_pg: seq=1, scale=10bfe6c40c62b10, off=0
[   90.036361] cdx: on cpu21, refcnt=1190374258 (msr=1190374266), tsc1=0x43c6c5195b, tsc2=0x43c6c528dc, tsc_diff=0xf81, tsc_pg: seq=1, scale=10bfe6c40c62b10, off=0
[   90.036363] cdx: on cpu25, refcnt=1190374269 (msr=1190374279), tsc1=0x43c6c52443, tsc2=0x43c6c537fa, tsc_diff=0x13b7, tsc_pg: seq=1, scale=10bfe6c40c62b10, off=0
[   90.036363] cdx: on cpu24, refcnt=1190374269 (msr=1190374279), tsc1=0x43c6c5246d, tsc2=0x43c6c537a9, tsc_diff=0x133c, tsc_pg: seq=1, scale=10bfe6c40c62b10, off=0
[   90.036363] cdx: on cpu23, refcnt=1190374270 (msr=1190374279), tsc1=0x43c6c5250c, tsc2=0x43c6c539a0, tsc_diff=0x1494, tsc_pg: seq=1, scale=10bfe6c40c62b10, off=0
[   90.036364] cdx: on cpu2, refcnt=1190374283 (msr=1190374291), tsc1=0x43c6c531bc, tsc2=0x43c6c540f3, tsc_diff=0xf37, tsc_pg: seq=1, scale=10bfe6c40c62b10, off=0
[   90.036363] cdx: on cpu0, refcnt=1190374264 (msr=1190374272), tsc1=0x43c6c51f7f, tsc2=0x43c6c52e9e, tsc_diff=0xf1f, tsc_pg: seq=1, scale=10bfe6c40c62b10, off=0
[   90.036363] cdx: on cpu22, refcnt=1190374271 (msr=1190374279), tsc1=0x43c6c5255d, tsc2=0x43c6c53976, tsc_diff=0x1419, tsc_pg: seq=1, scale=10bfe6c40c62b10, off=0
[   90.036365] cdx: on cpu1, refcnt=1190374302 (msr=1190374307), tsc1=0x43c6c54353, tsc2=0x43c6c54f49, tsc_diff=0xbf6, tsc_pg: seq=1, scale=10bfe6c40c62b10, off=0
[   90.036364] cdx: on cpu3, refcnt=1190374283 (msr=1190374291), tsc1=0x43c6c531cf, tsc2=0x43c6c540a5, tsc_diff=0xed6, tsc_pg: seq=1, scale=10bfe6c40c62b10, off=0
[   90.036382] cdx: on cpu13, refcnt=1190374466 (msr=1190374475), tsc1=0x43c6c5e077, tsc2=0x43c6c5f1b1, tsc_diff=0x113a, tsc_pg: seq=1, scale=10bfe6c40c62b10, off=0
[   90.036382] cdx: on cpu12, refcnt=1190374456 (msr=1190374466), tsc1=0x43c6c5d694, tsc2=0x43c6c5ecf9, tsc_diff=0x1665, tsc_pg: seq=1, scale=10bfe6c40c62b10, off=0
[   90.036383] cdx: on cpu14, refcnt=1190374464 (msr=1190374475), tsc1=0x43c6c5de61, tsc2=0x43c6c5f697, tsc_diff=0x1836, tsc_pg: seq=1, scale=10bfe6c40c62b10, off=0
[   90.036383] cdx: on cpu15, refcnt=1190374464 (msr=1190374475), tsc1=0x43c6c5de74, tsc2=0x43c6c5f70d, tsc_diff=0x1899, tsc_pg: seq=1, scale=10bfe6c40c62b10, off=0
[   90.036386] cdx: on cpu11, refcnt=1190374490 (msr=1190374501), tsc1=0x43c6c5f72b, tsc2=0x43c6c61164, tsc_diff=0x1a39, tsc_pg: seq=1, scale=10bfe6c40c62b10, off=0
[   90.036386] cdx: on cpu10, refcnt=1190374491 (msr=1190374501), tsc1=0x43c6c5f7c5, tsc2=0x43c6c610d8, tsc_diff=0x1913, tsc_pg: seq=1, scale=10bfe6c40c62b10, off=0
[   90.036388] cdx: on cpu5, refcnt=1190374514 (msr=1190374525), tsc1=0x43c6c60e67, tsc2=0x43c6c6294c, tsc_diff=0x1ae5, tsc_pg: seq=1, scale=10bfe6c40c62b10, off=0
[   90.036389] cdx: on cpu7, refcnt=1190374525 (msr=1190374533), tsc1=0x43c6c6182e, tsc2=0x43c6c62b39, tsc_diff=0x130b, tsc_pg: seq=1, scale=10bfe6c40c62b10, off=0
[   90.036389] cdx: on cpu4, refcnt=1190374514 (msr=1190374525), tsc1=0x43c6c60e83, tsc2=0x43c6c628ed, tsc_diff=0x1a6a, tsc_pg: seq=1, scale=10bfe6c40c62b10, off=0
[   90.036387] cdx: on cpu6, refcnt=1190374515 (msr=1190374528), tsc1=0x43c6c60f74, tsc2=0x43c6c6289f, tsc_diff=0x192b, tsc_pg: seq=1, scale=10bfe6c40c62b10, off=0
[   90.036390] cdx: on cpu31, refcnt=1190374530 (msr=1190374540), tsc1=0x43c6c61dc8, tsc2=0x43c6c634a7, tsc_diff=0x16df, tsc_pg: seq=1, scale=10bfe6c40c62b10, off=0
[   90.036390] cdx: on cpu28, refcnt=1190374528 (msr=1190374538), tsc1=0x43c6c61b15, tsc2=0x43c6c63536, tsc_diff=0x1a21, tsc_pg: seq=1, scale=10bfe6c40c62b10, off=0
[   90.036390] cdx: on cpu29, refcnt=1190374527 (msr=1190374538), tsc1=0x43c6c61af5, tsc2=0x43c6c635a9, tsc_diff=0x1ab4, tsc_pg: seq=1, scale=10bfe6c40c62b10, off=0
[   90.036390] cdx: on cpu30, refcnt=1190374530 (msr=1190374541), tsc1=0x43c6c61db7, tsc2=0x43c6c63511, tsc_diff=0x175a, tsc_pg: seq=1, scale=10bfe6c40c62b10, off=0
[   90.036392] cdx: on cpu8, refcnt=1190374555 (msr=1190374566), tsc1=0x43c6c634d5, tsc2=0x43c6c64d55, tsc_diff=0x1880, tsc_pg: seq=1, scale=10bfe6c40c62b10, off=0
[   90.036392] cdx: on cpu9, refcnt=1190374555 (msr=1190374566), tsc1=0x43c6c634d9, tsc2=0x43c6c64da3, tsc_diff=0x18ca, tsc_pg: seq=1, scale=10bfe6c40c62b10, off=0
[   90.036393] cdx: on cpu27, refcnt=1190374565 (msr=1190374576), tsc1=0x43c6c63ec8, tsc2=0x43c6c65887, tsc_diff=0x19bf, tsc_pg: seq=1, scale=10bfe6c40c62b10, off=0
[   90.036393] cdx: on cpu26, refcnt=1190374565 (msr=1190374576), tsc1=0x43c6c63ecd, tsc2=0x43c6c65594, tsc_diff=0x16c7, tsc_pg: seq=1, scale=10bfe6c40c62b10, off=0
[   90.281832] Modules linked in:
[   90.285832] CPU: 18 PID: 0 Comm: swapper/18 Tainted: G        W    L     6.8.12-decui+ #13
[   90.289832] Hardware name: Microsoft Corporation Virtual Machine/Virtual Machine, BIOS 090008  12/07/2018
[   90.293832] RIP: 0010:handle_softirqs+0x73/0x2c0
[   90.297831] Code: ff f7 ff ff 89 75 b8 65 81 05 7d c8 34 6f 00 01 00 00 c7 45 bc 0a 00 00 00 65 66 c7 05 8c c8 34 6f 00 00 fb 41 ba ff ff ff ff <49> c7 c3 c0 60 e0 92 45 0f bc d4 41 83 c2 01 4c 89 db 45 89 d7 0f
[   90.309832] RSP: 0018:ffffab77483dcf60 EFLAGS: 00000286
[   90.309832] RAX: ffff95c8e63e2880 RBX: 0000000000000000 RCX: 0000000040000070
[   90.313832] RDX: 0000000000000000 RSI: 0000000004200042 RDI: 0000000000000000
[   90.317831] RBP: ffffab77483dcfb8 R08: 00000007c45268d7 R09: 8e9a268ef799bdfe
[   90.321832] R10: 00000000ffffffff R11: ffffffffffe610f0 R12: 0000000000000080
[   90.325832] R13: 0000000000000001 R14: 0000000000000000 R15: 0000000000000000
[   90.331145] FS:  0000000000000000(0000) GS:ffff95e85f700000(0000) knlGS:0000000000000000
[   90.333832] CS:  0010 DS: 0000 ES: 0000 CR0: 0000000080050033
[   90.337831] CR2: 0000000000000000 CR3: 000000090aa36000 CR4: 0000000000350ef0
[   90.341832] Call Trace:
[   90.345831]  <IRQ>
[   90.377832]  __irq_exit_rcu+0xb2/0xd0
[   90.381832]  irq_exit_rcu+0xe/0x20
[   90.381832]  sysvec_hyperv_stimer0+0x80/0x90
[   90.385832]  </IRQ>
[   90.385832]  <TASK>
[   90.389832]  asm_sysvec_hyperv_stimer0+0x1b/0x20
[   90.391148] RIP: 0010:default_idle+0xb/0x20
[   90.393832] Code: ff eb c9 cc cc cc cc cc cc cc cc cc cc cc cc 90 90 90 90 90 90 90 90 90 90 90 90 90 90 90 90 eb 07 0f 00 2d c7 91 35 00 fb f4 <fa> e9 da 6e 25 00 66 66 2e 0f 1f 84 00 00 00 00 00 0f 1f 40 00 90
[   90.401831] RSP: 0018:ffffab7740193e98 EFLAGS: 00000216
[   90.405832] RAX: ffff95e85f72efe8 RBX: ffff95c8e63e2880 RCX: 0000000000000000
[   90.409831] RDX: 0000000000000000 RSI: ffff95e85f723ec0 RDI: 000000000001401c
[   90.413831] RBP: ffffab7740193ea0 R08: 00000000da4cf3a8 R09: 0000000000000000
[   90.417832] R10: ffffab7740193e48 R11: 0000000000000000 R12: 0000000000000012
[   90.421832] R13: 0000000000000000 R14: 0000000000000000 R15: 0000000000000000
[   90.429832]  default_idle_call+0x2c/0xa0
[   90.433831]  do_idle+0x1f7/0x240
[   90.441832]  cpu_startup_entry+0x2d/0x30
[   90.441832]  start_secondary+0x120/0x150
[   90.445832]  secondary_startup_64_no_verify+0x184/0x18b
[   90.449831]  </TASK>
[  115.092087] watchdog: cdx: BUG: soft lockup - CPU#19 stuck for 105s! [swapper/19:0]
[  115.096586] cdx: on cpu18, refcnt=1250723174 (msr=1440983597), tsc1=0x473668cc4f, tsc2=0x473668de65, tsc_diff=0x1216, tsc_pg: seq=1, scale=10bfe6c40c62b10, off=0
[  115.093085] cdx: on cpu19, refcnt=1250723419 (msr=1440983840), tsc1=0x473669b652, tsc2=0x473669c743, tsc_diff=0x10f1, tsc_pg: seq=1, scale=10bfe6c40c62b10, off=0
[  115.097323] cdx: on cpu17, refcnt=1440983869 (msr=1440983879), tsc1=0x520ba115e1, tsc2=0x520ba12829, tsc_diff=0x1248, tsc_pg: seq=1, scale=10bfe6c40c62b10, off=0
[  115.097323] cdx: on cpu16, refcnt=1440983869 (msr=1440983879), tsc1=0x520ba115dc, tsc2=0x520ba1289e, tsc_diff=0x12c2, tsc_pg: seq=1, scale=10bfe6c40c62b10, off=0
[  115.097323] cdx: on cpu24, refcnt=1440983868 (msr=1440983880), tsc1=0x520ba114ba, tsc2=0x520ba12a74, tsc_diff=0x15ba, tsc_pg: seq=1, scale=10bfe6c40c62b10, off=0
[  115.097323] cdx: on cpu20, refcnt=1440983866 (msr=1440983876), tsc1=0x520ba11358, tsc2=0x520ba12a06, tsc_diff=0x16ae, tsc_pg: seq=1, scale=10bfe6c40c62b10, off=0
[  115.097323] cdx: on cpu22, refcnt=1440983869 (msr=1440983882), tsc1=0x520ba115ab, tsc2=0x520ba12b64, tsc_diff=0x15b9, tsc_pg: seq=1, scale=10bfe6c40c62b10, off=0
[  115.097324] cdx: on cpu25, refcnt=1440983884 (msr=1440983892), tsc1=0x520ba123e1, tsc2=0x520ba13318, tsc_diff=0xf37, tsc_pg: seq=1, scale=10bfe6c40c62b10, off=0
[  115.097325] cdx: on cpu23, refcnt=1440983895 (msr=1440983901), tsc1=0x520ba12e3c, tsc2=0x520ba13c35, tsc_diff=0xdf9, tsc_pg: seq=1, scale=10bfe6c40c62b10, off=0
[  115.097325] cdx: on cpu21, refcnt=1440983899 (msr=1440983906), tsc1=0x520ba13224, tsc2=0x520ba14035, tsc_diff=0xe11, tsc_pg: seq=1, scale=10bfe6c40c62b10, off=0
[  115.097327] cdx: on cpu2, refcnt=1440983915 (msr=1440983923), tsc1=0x520ba14181, tsc2=0x520ba1506f, tsc_diff=0xeee, tsc_pg: seq=1, scale=10bfe6c40c62b10, off=0
[  115.097325] cdx: on cpu0, refcnt=1440983884 (msr=1440983902), tsc1=0x520ba123cd, tsc2=0x520ba13da4, tsc_diff=0x19d7, tsc_pg: seq=1, scale=10bfe6c40c62b10, off=0
[  115.097326] cdx: on cpu1, refcnt=1440983911 (msr=1440983918), tsc1=0x520ba13e0f, tsc2=0x520ba14a98, tsc_diff=0xc89, tsc_pg: seq=1, scale=10bfe6c40c62b10, off=0
[  115.097326] cdx: on cpu3, refcnt=1440983902 (msr=1440983909), tsc1=0x520ba135c0, tsc2=0x520ba145bc, tsc_diff=0xffc, tsc_pg: seq=1, scale=10bfe6c40c62b10, off=0
[  115.097335] cdx: on cpu8, refcnt=1440983986 (msr=1440983995), tsc1=0x520ba1851e, tsc2=0x520ba198ee, tsc_diff=0x13d0, tsc_pg: seq=1, scale=10bfe6c40c62b10, off=0
[  115.097335] cdx: on cpu9, refcnt=1440983985 (msr=1440983995), tsc1=0x520ba184f2, tsc2=0x520ba1993c, tsc_diff=0x144a, tsc_pg: seq=1, scale=10bfe6c40c62b10, off=0
[  115.097346] cdx: on cpu13, refcnt=1440984085 (msr=1440984097), tsc1=0x520ba1e494, tsc2=0x520ba1ff60, tsc_diff=0x1acc, tsc_pg: seq=1, scale=10bfe6c40c62b10, off=0
[  115.097346] cdx: on cpu12, refcnt=1440984085 (msr=1440984097), tsc1=0x520ba1e45c, tsc2=0x520ba1ffbb, tsc_diff=0x1b5f, tsc_pg: seq=1, scale=10bfe6c40c62b10, off=0
[  115.097348] cdx: on cpu10, refcnt=1440984107 (msr=1440984118), tsc1=0x520ba1f91b, tsc2=0x520ba21400, tsc_diff=0x1ae5, tsc_pg: seq=1, scale=10bfe6c40c62b10, off=0
[  115.097348] cdx: on cpu11, refcnt=1440984107 (msr=1440984118), tsc1=0x520ba1f977, tsc2=0x520ba21474, tsc_diff=0x1afd, tsc_pg: seq=1, scale=10bfe6c40c62b10, off=0
[  115.097350] cdx: on cpu7, refcnt=1440984134 (msr=1440984145), tsc1=0x520ba212ea, tsc2=0x520ba22b51, tsc_diff=0x1867, tsc_pg: seq=1, scale=10bfe6c40c62b10, off=0
[  115.097350] cdx: on cpu6, refcnt=1440984134 (msr=1440984145), tsc1=0x520ba2132f, tsc2=0x520ba22aeb, tsc_diff=0x17bc, tsc_pg: seq=1, scale=10bfe6c40c62b10, off=0
[  115.097349] cdx: on cpu28, refcnt=1440984120 (msr=1440984132), tsc1=0x520ba205ee, tsc2=0x520ba220d3, tsc_diff=0x1ae5, tsc_pg: seq=1, scale=10bfe6c40c62b10, off=0
[  115.097349] cdx: on cpu14, refcnt=1440984121 (msr=1440984133), tsc1=0x520ba206f4, tsc2=0x520ba2209a, tsc_diff=0x19a6, tsc_pg: seq=1, scale=10bfe6c40c62b10, off=0
[  115.097349] cdx: on cpu15, refcnt=1440984120 (msr=1440984133), tsc1=0x520ba205fa, tsc2=0x520ba22110, tsc_diff=0x1b16, tsc_pg: seq=1, scale=10bfe6c40c62b10, off=0
[  115.097349] cdx: on cpu29, refcnt=1440984120 (msr=1440984132), tsc1=0x520ba20585, tsc2=0x520ba22051, tsc_diff=0x1acc, tsc_pg: seq=1, scale=10bfe6c40c62b10, off=0
[  115.097350] cdx: on cpu4, refcnt=1440984137 (msr=1440984145), tsc1=0x520ba2154e, tsc2=0x520ba22b6a, tsc_diff=0x161c, tsc_pg: seq=1, scale=10bfe6c40c62b10, off=0
[  115.097352] cdx: on cpu30, refcnt=1440984146 (msr=1440984159), tsc1=0x520ba21e00, tsc2=0x520ba23946, tsc_diff=0x1b46, tsc_pg: seq=1, scale=10bfe6c40c62b10, off=0
[  115.097352] cdx: on cpu31, refcnt=1440984150 (msr=1440984160), tsc1=0x520ba2225f, tsc2=0x520ba239b9, tsc_diff=0x175a, tsc_pg: seq=1, scale=10bfe6c40c62b10, off=0
[  115.097350] cdx: on cpu5, refcnt=1440984130 (msr=1440984145), tsc1=0x520ba20f74, tsc2=0x520ba22b04, tsc_diff=0x1b90, tsc_pg: seq=1, scale=10bfe6c40c62b10, off=0
[  115.097355] cdx: on cpu26, refcnt=1440984185 (msr=1440984197), tsc1=0x520ba243df, tsc2=0x520ba25c90, tsc_diff=0x18b1, tsc_pg: seq=1, scale=10bfe6c40c62b10, off=0
[  115.097355] cdx: on cpu27, refcnt=1440984185 (msr=1440984197), tsc1=0x520ba243da, tsc2=0x520ba25d1e, tsc_diff=0x1944, tsc_pg: seq=1, scale=10bfe6c40c62b10, off=0
[  115.337814] Modules linked in:
[  115.337814] CPU: 19 PID: 0 Comm: swapper/19 Tainted: G        W    L     6.8.12-decui+ #13
[  115.337814] Hardware name: Microsoft Corporation Virtual Machine/Virtual Machine, BIOS 090008  12/07/2018
[  115.337814] RIP: 0010:handle_softirqs+0x73/0x2c0
[  115.337814] Code: ff f7 ff ff 89 75 b8 65 81 05 7d c8 34 6f 00 01 00 00 c7 45 bc 0a 00 00 00 65 66 c7 05 8c c8 34 6f 00 00 fb 41 ba ff ff ff ff <49> c7 c3 c0 60 e0 92 45 0f bc d4 41 83 c2 01 4c 89 db 45 89 d7 0f
[  115.337814] RSP: 0018:ffffab774cb28f60 EFLAGS: 00000286
[  115.337814] RAX: ffff95c8e63ed100 RBX: 0000000000000000 RCX: 0000000040000070
[  115.337814] RDX: 0000000000000000 RSI: 0000000004200042 RDI: 0000000000000000
[  115.337814] RBP: ffffab774cb28fb8 R08: 00000007c4ca0ab3 R09: e2687bda82c73e68
[  115.392147] R10: 00000000ffffffff R11: 0000000000325c30 R12: 0000000000000282
[  115.392147] R13: 0000000000000001 R14: 0000000000000000 R15: 0000000000000000
[  115.392147] FS:  0000000000000000(0000) GS:ffff95e85f780000(0000) knlGS:0000000000000000
[  115.392147] CS:  0010 DS: 0000 ES: 0000 CR0: 0000000080050033
[  115.392147] CR2: 0000000000000000 CR3: 000000090aa36000 CR4: 0000000000350ef0
[  115.392147] Call Trace:
[  115.392147]  <IRQ>
[  115.392147]  __irq_exit_rcu+0xb2/0xd0
[  115.452150]  irq_exit_rcu+0xe/0x20
[  115.452150]  sysvec_hyperv_stimer0+0x80/0x90
[  115.452150]  </IRQ>
[  115.452150]  <TASK>
[  115.452150]  asm_sysvec_hyperv_stimer0+0x1b/0x20
[  115.452150] RIP: 0010:default_idle+0xb/0x20
[  115.452150] Code: ff eb c9 cc cc cc cc cc cc cc cc cc cc cc cc 90 90 90 90 90 90 90 90 90 90 90 90 90 90 90 90 eb 07 0f 00 2d c7 91 35 00 fb f4 <fa> e9 da 6e 25 00 66 66 2e 0f 1f 84 00 00 00 00 00 0f 1f 40 00 90
[  115.452150] RSP: 0018:ffffab774019be98 EFLAGS: 00000212
[  115.452150] RAX: ffff95e85f7aefe8 RBX: ffff95c8e63ed100 RCX: 0000000000000000
[  115.452150] RDX: 0000000000000000 RSI: ffff95e85f7a3ec0 RDI: 000000000000ec8c
[  115.452150] RBP: ffffab774019bea0 R08: 00000000da4cf3a8 R09: 0000000000000000
[  115.452150] R10: ffffab774019be48 R11: 0000000000000000 R12: 0000000000000013
[  115.452150] R13: 0000000000000000 R14: 0000000000000000 R15: 0000000000000000
[  115.452150]  default_idle_call+0x2c/0xa0
[  115.452150]  do_idle+0x1f7/0x240
[  115.452150]  cpu_startup_entry+0x2d/0x30
[  115.452150]  start_secondary+0x120/0x150
[  115.452150]  secondary_startup_64_no_verify+0x184/0x18b
[  115.452150]  </TASK>
[  142.031092] watchdog: cdx: BUG: soft lockup - CPU#18 stuck for 131s! [swapper/18:0]
[  142.036023] cdx: on cpu19, refcnt=1520117331 (msr=1710377952), tsc1=0x568d11fbc7, tsc2=0x568d120e27, tsc_diff=0x1260, tsc_pg: seq=1, scale=10bfe6c40c62b10, off=0
[  142.033832] cdx: on cpu18, refcnt=1520117557 (msr=1710378174), tsc1=0x568d12d487, tsc2=0x568d12dedd, tsc_diff=0xa56, tsc_pg: seq=1, scale=10bfe6c40c62b10, off=0
[  142.036757] cdx: on cpu16, refcnt=1710378204 (msr=1710378214), tsc1=0x61624aef3d, tsc2=0x61624b0292, tsc_diff=0x1355, tsc_pg: seq=1, scale=10bfe6c40c62b10, off=0
[  142.036757] cdx: on cpu17, refcnt=1710378209 (msr=1710378215), tsc1=0x61624af424, tsc2=0x61624b02f9, tsc_diff=0xed5, tsc_pg: seq=1, scale=10bfe6c40c62b10, off=0
[  142.036758] cdx: on cpu25, refcnt=1710378225 (msr=1710378232), tsc1=0x61624b03ab, tsc2=0x61624b138e, tsc_diff=0xfe3, tsc_pg: seq=1, scale=10bfe6c40c62b10, off=0
[  142.036758] cdx: on cpu24, refcnt=1710378218 (msr=1710378229), tsc1=0x61624afc45, tsc2=0x61624b0ffc, tsc_diff=0x13b7, tsc_pg: seq=1, scale=10bfe6c40c62b10, off=0
[  142.036758] cdx: on cpu0, refcnt=1710378219 (msr=1710378228), tsc1=0x61624afd99, tsc2=0x61624b1555, tsc_diff=0x17bc, tsc_pg: seq=1, scale=10bfe6c40c62b10, off=0
[  142.036759] cdx: on cpu20, refcnt=1710378224 (msr=1710378234), tsc1=0x61624b02ed, tsc2=0x61624b1642, tsc_diff=0x1355, tsc_pg: seq=1, scale=10bfe6c40c62b10, off=0
[  142.036759] cdx: on cpu21, refcnt=1710378224 (msr=1710378235), tsc1=0x61624b0224, tsc2=0x61624b15c2, tsc_diff=0x139e, tsc_pg: seq=1, scale=10bfe6c40c62b10, off=0
[  142.036761] cdx: on cpu1, refcnt=1710378254 (msr=1710378261), tsc1=0x61624b1fba, tsc2=0x61624b2d6a, tsc_diff=0xdb0, tsc_pg: seq=1, scale=10bfe6c40c62b10, off=0
[  142.036759] cdx: on cpu3, refcnt=1710378230 (msr=1710378242), tsc1=0x61624b0851, tsc2=0x61624b1a4f, tsc_diff=0x11fe, tsc_pg: seq=1, scale=10bfe6c40c62b10, off=0
[  142.036761] cdx: on cpu2, refcnt=1710378249 (msr=1710378259), tsc1=0x61624b1ab6, tsc2=0x61624b2a37, tsc_diff=0xf81, tsc_pg: seq=1, scale=10bfe6c40c62b10, off=0
[  142.036759] cdx: on cpu22, refcnt=1710378230 (msr=1710378240), tsc1=0x61624b0837, tsc2=0x61624b1ba5, tsc_diff=0x136e, tsc_pg: seq=1, scale=10bfe6c40c62b10, off=0
[  142.036759] cdx: on cpu23, refcnt=1710378230 (msr=1710378240), tsc1=0x61624b0817, tsc2=0x61624b1bce, tsc_diff=0x13b7, tsc_pg: seq=1, scale=10bfe6c40c62b10, off=0
[  142.036779] cdx: on cpu15, refcnt=1710378419 (msr=1710378431), tsc1=0x61624bbc85, tsc2=0x61624bd4a3, tsc_diff=0x181e, tsc_pg: seq=1, scale=10bfe6c40c62b10, off=0
[  142.036780] cdx: on cpu13, refcnt=1710378442 (msr=1710378450), tsc1=0x61624bd2a1, tsc2=0x61624be46e, tsc_diff=0x11cd, tsc_pg: seq=1, scale=10bfe6c40c62b10, off=0
[  142.036780] cdx: on cpu12, refcnt=1710378433 (msr=1710378445), tsc1=0x61624bc9fd, tsc2=0x61624be10d, tsc_diff=0x1710, tsc_pg: seq=1, scale=10bfe6c40c62b10, off=0
[  142.036779] cdx: on cpu14, refcnt=1710378419 (msr=1710378431), tsc1=0x61624bbc72, tsc2=0x61624bd446, tsc_diff=0x17d4, tsc_pg: seq=1, scale=10bfe6c40c62b10, off=0
[  142.036781] cdx: on cpu10, refcnt=1710378444 (msr=1710378455), tsc1=0x61624bd4c8, tsc2=0x61624beb8f, tsc_diff=0x16c7, tsc_pg: seq=1, scale=10bfe6c40c62b10, off=0
[  142.036781] cdx: on cpu11, refcnt=1710378444 (msr=1710378455), tsc1=0x61624bd4f3, tsc2=0x61624bec1c, tsc_diff=0x1729, tsc_pg: seq=1, scale=10bfe6c40c62b10, off=0
[  142.036782] cdx: on cpu6, refcnt=1710378451 (msr=1710378461), tsc1=0x61624bdaf4, tsc2=0x61624bf24e, tsc_diff=0x175a, tsc_pg: seq=1, scale=10bfe6c40c62b10, off=0
[  142.036782] cdx: on cpu7, refcnt=1710378465 (msr=1710378476), tsc1=0x61624be85e, tsc2=0x61624bfb39, tsc_diff=0x12db, tsc_pg: seq=1, scale=10bfe6c40c62b10, off=0
[  142.036782] cdx: on cpu4, refcnt=1710378452 (msr=1710378463), tsc1=0x61624bdc06, tsc2=0x61624bf360, tsc_diff=0x175a, tsc_pg: seq=1, scale=10bfe6c40c62b10, off=0
[  142.036782] cdx: on cpu5, refcnt=1710378452 (msr=1710378463), tsc1=0x61624bdbea, tsc2=0x61624bf2e2, tsc_diff=0x16f8, tsc_pg: seq=1, scale=10bfe6c40c62b10, off=0
[  142.036786] cdx: on cpu29, refcnt=1710378494 (msr=1710378506), tsc1=0x61624c0482, tsc2=0x61624c1d95, tsc_diff=0x1913, tsc_pg: seq=1, scale=10bfe6c40c62b10, off=0
[  142.036786] cdx: on cpu28, refcnt=1710378494 (msr=1710378506), tsc1=0x61624c04a2, tsc2=0x61624c1dff, tsc_diff=0x195d, tsc_pg: seq=1, scale=10bfe6c40c62b10, off=0
[  142.036787] cdx: on cpu8, refcnt=1710378504 (msr=1710378515), tsc1=0x61624c0e1d, tsc2=0x61624c255e, tsc_diff=0x1741, tsc_pg: seq=1, scale=10bfe6c40c62b10, off=0
[  142.036787] cdx: on cpu9, refcnt=1710378504 (msr=1710378515), tsc1=0x61624c0df0, tsc2=0x61624c25c5, tsc_diff=0x17d5, tsc_pg: seq=1, scale=10bfe6c40c62b10, off=0
[  142.036788] cdx: on cpu30, refcnt=1710378505 (msr=1710378517), tsc1=0x61624c0f1d, tsc2=0x61624c2a7c, tsc_diff=0x1b5f, tsc_pg: seq=1, scale=10bfe6c40c62b10, off=0
[  142.036788] cdx: on cpu31, refcnt=1710378505 (msr=1710378517), tsc1=0x61624c0efd, tsc2=0x61624c2ad6, tsc_diff=0x1bd9, tsc_pg: seq=1, scale=10bfe6c40c62b10, off=0
[  142.036789] cdx: on cpu27, refcnt=1710378516 (msr=1710378528), tsc1=0x61624c19b1, tsc2=0x61624c3388, tsc_diff=0x19d7, tsc_pg: seq=1, scale=10bfe6c40c62b10, off=0
[  142.036789] cdx: on cpu26, refcnt=1710378516 (msr=1710378528), tsc1=0x61624c19b6, tsc2=0x61624c32fa, tsc_diff=0x1944, tsc_pg: seq=1, scale=10bfe6c40c62b10, off=0
[  142.285832] Modules linked in:
[  142.285832] CPU: 18 PID: 0 Comm: swapper/18 Tainted: G        W    L     6.8.12-decui+ #13
[  142.293832] Hardware name: Microsoft Corporation Virtual Machine/Virtual Machine, BIOS 090008  12/07/2018
[  142.297832] RIP: 0010:handle_softirqs+0x73/0x2c0
[  142.301832] Code: ff f7 ff ff 89 75 b8 65 81 05 7d c8 34 6f 00 01 00 00 c7 45 bc 0a 00 00 00 65 66 c7 05 8c c8 34 6f 00 00 fb 41 ba ff ff ff ff <49> c7 c3 c0 60 e0 92 45 0f bc d4 41 83 c2 01 4c 89 db 45 89 d7 0f
[  142.309832] RSP: 0018:ffffab77483dcf60 EFLAGS: 00000286
[  142.313831] RAX: ffff95c8e63e2880 RBX: 0000000000000000 RCX: 0000000040000070
[  142.317832] RDX: 0000000000000000 RSI: 0000000004200042 RDI: 0000000000000000
[  142.321832] RBP: ffffab77483dcfb8 R08: 00000007c45268d7 R09: 8e9a268ef799bdfe
[  142.325832] R10: 00000000ffffffff R11: ffffffffffe610f0 R12: 0000000000000080
[  142.329832] R13: 0000000000000001 R14: 0000000000000000 R15: 0000000000000000
[  142.333832] FS:  0000000000000000(0000) GS:ffff95e85f700000(0000) knlGS:0000000000000000
[  142.337831] CS:  0010 DS: 0000 ES: 0000 CR0: 0000000080050033
[  142.341832] CR2: 0000000000000000 CR3: 000000090aa36000 CR4: 0000000000350ef0
[  142.345832] Call Trace:
[  142.345832]  <IRQ>
[  142.381832]  __irq_exit_rcu+0xb2/0xd0
[  142.381832]  irq_exit_rcu+0xe/0x20
[  142.385833]  sysvec_hyperv_stimer0+0x80/0x90
[  142.385833]  </IRQ>
[  142.391160]  <TASK>
[  142.391160]  asm_sysvec_hyperv_stimer0+0x1b/0x20
[  142.393832] RIP: 0010:default_idle+0xb/0x20
[  142.397832] Code: ff eb c9 cc cc cc cc cc cc cc cc cc cc cc cc 90 90 90 90 90 90 90 90 90 90 90 90 90 90 90 90 eb 07 0f 00 2d c7 91 35 00 fb f4 <fa> e9 da 6e 25 00 66 66 2e 0f 1f 84 00 00 00 00 00 0f 1f 40 00 90
[  142.405831] RSP: 0018:ffffab7740193e98 EFLAGS: 00000216
[  142.409832] RAX: ffff95e85f72efe8 RBX: ffff95c8e63e2880 RCX: 0000000000000000
[  142.413831] RDX: 0000000000000000 RSI: ffff95e85f723ec0 RDI: 000000000001401c
[  142.417832] RBP: ffffab7740193ea0 R08: 00000000da4cf3a8 R09: 0000000000000000
[  142.421831] R10: ffffab7740193e48 R11: 0000000000000000 R12: 0000000000000012
[  142.425832] R13: 0000000000000000 R14: 0000000000000000 R15: 0000000000000000
[  142.433831]  default_idle_call+0x2c/0xa0
[  142.437832]  do_idle+0x1f7/0x240
[  142.441832]  cpu_startup_entry+0x2d/0x30
[  142.445832]  start_secondary+0x120/0x150
[  142.449831]  secondary_startup_64_no_verify+0x184/0x18b
[  142.449831]  </TASK>
[  167.092088] watchdog: cdx: BUG: soft lockup - CPU#19 stuck for 153s! [swapper/19:0]
[  167.096580] cdx: on cpu18, refcnt=1770722734 (msr=1960983538), tsc1=0x64d1de44e2, tsc2=0x64d1de55d3, tsc_diff=0x10f1, tsc_pg: seq=1, scale=10bfe6c40c62b10, off=0
[  167.093085] cdx: on cpu19, refcnt=1770722966 (msr=1960983777), tsc1=0x64d1df225d, tsc2=0x64d1df3da3, tsc_diff=0x1b46, tsc_pg: seq=1, scale=10bfe6c40c62b10, off=0
[  167.097318] cdx: on cpu3, refcnt=1960983820 (msr=1960983828), tsc1=0x6fa718032c, tsc2=0x6fa7181638, tsc_diff=0x130c, tsc_pg: seq=1, scale=10bfe6c40c62b10, off=0
[  167.097318] cdx: on cpu2, refcnt=1960983823 (msr=1960983829), tsc1=0x6fa7180650, tsc2=0x6fa7181a1f, tsc_diff=0x13cf, tsc_pg: seq=1, scale=10bfe6c40c62b10, off=0
[  167.097319] cdx: on cpu1, refcnt=1960983829 (msr=1960983837), tsc1=0x6fa7180bdd, tsc2=0x6fa7181d60, tsc_diff=0x1183, tsc_pg: seq=1, scale=10bfe6c40c62b10, off=0
[  167.097317] cdx: on cpu0, refcnt=1960983816 (msr=1960983822), tsc1=0x6fa717ffc5, tsc2=0x6fa7180f46, tsc_diff=0xf81, tsc_pg: seq=1, scale=10bfe6c40c62b10, off=0
[  167.097321] cdx: on cpu16, refcnt=1960983823 (msr=1960983842), tsc1=0x6fa718064f, tsc2=0x6fa7182beb, tsc_diff=0x259c, tsc_pg: seq=1, scale=10bfe6c40c62b10, off=0
[  167.097321] cdx: on cpu17, refcnt=1960983823 (msr=1960983842), tsc1=0x6fa718063c, tsc2=0x6fa7182c53, tsc_diff=0x2617, tsc_pg: seq=1, scale=10bfe6c40c62b10, off=0
[  167.097322] cdx: on cpu24, refcnt=1960983830 (msr=1960983862), tsc1=0x6fa7180cbd, tsc2=0x6fa7184160, tsc_diff=0x34a3, tsc_pg: seq=1, scale=10bfe6c40c62b10, off=0
[  167.097323] cdx: on cpu25, refcnt=1960983862 (msr=1960983867), tsc1=0x6fa7182bdf, tsc2=0x6fa7184105, tsc_diff=0x1526, tsc_pg: seq=1, scale=10bfe6c40c62b10, off=0
[  167.097322] cdx: on cpu20, refcnt=1960983831 (msr=1960983862), tsc1=0x6fa7180e08, tsc2=0x6fa7183f9b, tsc_diff=0x3193, tsc_pg: seq=1, scale=10bfe6c40c62b10, off=0
[  167.097323] cdx: on cpu21, refcnt=1960983844 (msr=1960983862), tsc1=0x6fa7181a12, tsc2=0x6fa7183f34, tsc_diff=0x2522, tsc_pg: seq=1, scale=10bfe6c40c62b10, off=0
[  167.097324] cdx: on cpu22, refcnt=1960983845 (msr=1960983880), tsc1=0x6fa7181b75, tsc2=0x6fa7184a42, tsc_diff=0x2ecd, tsc_pg: seq=1, scale=10bfe6c40c62b10, off=0
[  167.097324] cdx: on cpu23, refcnt=1960983861 (msr=1960983880), tsc1=0x6fa7182a74, tsc2=0x6fa718498f, tsc_diff=0x1f1b, tsc_pg: seq=1, scale=10bfe6c40c62b10, off=0
[  167.097338] cdx: on cpu13, refcnt=1960984008 (msr=1960984019), tsc1=0x6fa718b743, tsc2=0x6fa718d133, tsc_diff=0x19f0, tsc_pg: seq=1, scale=10bfe6c40c62b10, off=0
[  167.097338] cdx: on cpu12, refcnt=1960984008 (msr=1960984019), tsc1=0x6fa718b70b, tsc2=0x6fa718d175, tsc_diff=0x1a6a, tsc_pg: seq=1, scale=10bfe6c40c62b10, off=0
[  167.097339] cdx: on cpu10, refcnt=1960984023 (msr=1960984034), tsc1=0x6fa718c549, tsc2=0x6fa718df82, tsc_diff=0x1a39, tsc_pg: seq=1, scale=10bfe6c40c62b10, off=0
[  167.097339] cdx: on cpu11, refcnt=1960984023 (msr=1960984034), tsc1=0x6fa718c5bd, tsc2=0x6fa718e00e, tsc_diff=0x1a51, tsc_pg: seq=1, scale=10bfe6c40c62b10, off=0
[  167.097339] cdx: on cpu15, refcnt=1960984019 (msr=1960984031), tsc1=0x6fa718c1ca, tsc2=0x6fa718dc7e, tsc_diff=0x1ab4, tsc_pg: seq=1, scale=10bfe6c40c62b10, off=0
[  167.097339] cdx: on cpu29, refcnt=1960984030 (msr=1960984039), tsc1=0x6fa718cbc3, tsc2=0x6fa718e259, tsc_diff=0x1696, tsc_pg: seq=1, scale=10bfe6c40c62b10, off=0
[  167.097339] cdx: on cpu28, refcnt=1960984020 (msr=1960984034), tsc1=0x6fa718c220, tsc2=0x6fa718ddfa, tsc_diff=0x1bda, tsc_pg: seq=1, scale=10bfe6c40c62b10, off=0
[  167.097339] cdx: on cpu14, refcnt=1960984019 (msr=1960984031), tsc1=0x6fa718c1e8, tsc2=0x6fa718dcfd, tsc_diff=0x1b15, tsc_pg: seq=1, scale=10bfe6c40c62b10, off=0
[  167.097341] cdx: on cpu31, refcnt=1960984053 (msr=1960984061), tsc1=0x6fa718e1d2, tsc2=0x6fa718f540, tsc_diff=0x136e, tsc_pg: seq=1, scale=10bfe6c40c62b10, off=0
[  167.097341] cdx: on cpu30, refcnt=1960984037 (msr=1960984049), tsc1=0x6fa718d2d3, tsc2=0x6fa718ec61, tsc_diff=0x198e, tsc_pg: seq=1, scale=10bfe6c40c62b10, off=0
[  167.097341] cdx: on cpu5, refcnt=1960984041 (msr=1960984053), tsc1=0x6fa718d677, tsc2=0x6fa718efd3, tsc_diff=0x195c, tsc_pg: seq=1, scale=10bfe6c40c62b10, off=0
[  167.097341] cdx: on cpu7, refcnt=1960984038 (msr=1960984049), tsc1=0x6fa718d3e5, tsc2=0x6fa718ee67, tsc_diff=0x1a82, tsc_pg: seq=1, scale=10bfe6c40c62b10, off=0
[  167.097341] cdx: on cpu4, refcnt=1960984048 (msr=1960984057), tsc1=0x6fa718dd46, tsc2=0x6fa718ef75, tsc_diff=0x122f, tsc_pg: seq=1, scale=10bfe6c40c62b10, off=0
[  167.097341] cdx: on cpu6, refcnt=1960984038 (msr=1960984049), tsc1=0x6fa718d3c8, tsc2=0x6fa718ee01, tsc_diff=0x1a39, tsc_pg: seq=1, scale=10bfe6c40c62b10, off=0
[  167.097343] cdx: on cpu26, refcnt=1960984059 (msr=1960984073), tsc1=0x6fa718e760, tsc2=0x6fa71904c2, tsc_diff=0x1d62, tsc_pg: seq=1, scale=10bfe6c40c62b10, off=0
[  167.097344] cdx: on cpu8, refcnt=1960984067 (msr=1960984078), tsc1=0x6fa718ef66, tsc2=0x6fa719082f, tsc_diff=0x18c9, tsc_pg: seq=1, scale=10bfe6c40c62b10, off=0
[  167.097343] cdx: on cpu27, refcnt=1960984064 (msr=1960984073), tsc1=0x6fa718ec55, tsc2=0x6fa7190550, tsc_diff=0x18fb, tsc_pg: seq=1, scale=10bfe6c40c62b10, off=0
[  167.097343] cdx: on cpu9, refcnt=1960984067 (msr=1960984078), tsc1=0x6fa718ef6a, tsc2=0x6fa7190896, tsc_diff=0x192c, tsc_pg: seq=1, scale=10bfe6c40c62b10, off=0
[  167.332150] Modules linked in:
[  167.332150] CPU: 19 PID: 0 Comm: swapper/19 Tainted: G        W    L     6.8.12-decui+ #13
[  167.332150] Hardware name: Microsoft Corporation Virtual Machine/Virtual Machine, BIOS 090008  12/07/2018
[  167.332150] RIP: 0010:handle_softirqs+0x73/0x2c0
[  167.332150] Code: ff f7 ff ff 89 75 b8 65 81 05 7d c8 34 6f 00 01 00 00 c7 45 bc 0a 00 00 00 65 66 c7 05 8c c8 34 6f 00 00 fb 41 ba ff ff ff ff <49> c7 c3 c0 60 e0 92 45 0f bc d4 41 83 c2 01 4c 89 db 45 89 d7 0f
[  167.332150] RSP: 0018:ffffab774cb28f60 EFLAGS: 00000286
[  167.332150] RAX: ffff95c8e63ed100 RBX: 0000000000000000 RCX: 0000000040000070
[  167.332150] RDX: 0000000000000000 RSI: 0000000004200042 RDI: 0000000000000000
[  167.332150] RBP: ffffab774cb28fb8 R08: 00000007c4ca0ab3 R09: e2687bda82c73e68
[  167.332150] R10: 00000000ffffffff R11: 0000000000325c30 R12: 0000000000000282
[  167.392151] R13: 0000000000000001 R14: 0000000000000000 R15: 0000000000000000
[  167.392151] FS:  0000000000000000(0000) GS:ffff95e85f780000(0000) knlGS:0000000000000000
[  167.392151] CS:  0010 DS: 0000 ES: 0000 CR0: 0000000080050033
[  167.392151] CR2: 0000000000000000 CR3: 000000090aa36000 CR4: 0000000000350ef0
[  167.392151] Call Trace:
[  167.392151]  <IRQ>
[  167.392151]  __irq_exit_rcu+0xb2/0xd0
[  167.392151]  irq_exit_rcu+0xe/0x20
[  167.392151]  sysvec_hyperv_stimer0+0x80/0x90
[  167.452150]  </IRQ>
[  167.452150]  <TASK>
[  167.452150]  asm_sysvec_hyperv_stimer0+0x1b/0x20
[  167.452150] RIP: 0010:default_idle+0xb/0x20
[  167.452150] Code: ff eb c9 cc cc cc cc cc cc cc cc cc cc cc cc 90 90 90 90 90 90 90 90 90 90 90 90 90 90 90 90 eb 07 0f 00 2d c7 91 35 00 fb f4 <fa> e9 da 6e 25 00 66 66 2e 0f 1f 84 00 00 00 00 00 0f 1f 40 00 90
[  167.452150] RSP: 0018:ffffab774019be98 EFLAGS: 00000212
[  167.452150] RAX: ffff95e85f7aefe8 RBX: ffff95c8e63ed100 RCX: 0000000000000000
[  167.452150] RDX: 0000000000000000 RSI: ffff95e85f7a3ec0 RDI: 000000000000ec8c
[  167.452150] RBP: ffffab774019bea0 R08: 00000000da4cf3a8 R09: 0000000000000000
[  167.452150] R10: ffffab774019be48 R11: 0000000000000000 R12: 0000000000000013
[  167.452150] R13: 0000000000000000 R14: 0000000000000000 R15: 0000000000000000
[  167.452150]  default_idle_call+0x2c/0xa0
[  167.452150]  do_idle+0x1f7/0x240
[  167.452150]  cpu_startup_entry+0x2d/0x30
[  167.452150]  start_secondary+0x120/0x150
[  167.452150]  secondary_startup_64_no_verify+0x184/0x18b
[  167.452150]  </TASK>
[  194.031092] watchdog: cdx: BUG: soft lockup - CPU#18 stuck for 179s! [swapper/18:0]
[  194.035534] cdx: on cpu19, refcnt=2040112064 (msr=2230373067), tsc1=0x74287570e7, tsc2=0x74287583da, tsc_diff=0x12f3, tsc_pg: seq=1, scale=10bfe6c40c62b10, off=0
[  194.033832] cdx: on cpu18, refcnt=2040112286 (msr=2230373281), tsc1=0x7428764558, tsc2=0x7428764d93, tsc_diff=0x83b, tsc_pg: seq=1, scale=10bfe6c40c62b10, off=0
[  194.036269] cdx: on cpu25, refcnt=2230373324 (msr=2230373332), tsc1=0x7efdafd60f, tsc2=0x7efdafe730, tsc_diff=0x1121, tsc_pg: seq=1, scale=10bfe6c40c62b10, off=0
[  194.036268] cdx: on cpu24, refcnt=2230373324 (msr=2230373332), tsc1=0x7efdafd607, tsc2=0x7efdafe6df, tsc_diff=0x10d8, tsc_pg: seq=1, scale=10bfe6c40c62b10, off=0
[  194.036269] cdx: on cpu16, refcnt=2230373320 (msr=2230373335), tsc1=0x7efdafd2a9, tsc2=0x7efdafec80, tsc_diff=0x19d7, tsc_pg: seq=1, scale=10bfe6c40c62b10, off=0
[  194.036270] cdx: on cpu17, refcnt=2230373339 (msr=2230373350), tsc1=0x7efdafe50f, tsc2=0x7efdaff692, tsc_diff=0x1183, tsc_pg: seq=1, scale=10bfe6c40c62b10, off=0
[  194.036269] cdx: on cpu21, refcnt=2230373330 (msr=2230373340), tsc1=0x7efdafdc48, tsc2=0x7efdafefff, tsc_diff=0x13b7, tsc_pg: seq=1, scale=10bfe6c40c62b10, off=0
[  194.036269] cdx: on cpu20, refcnt=2230373330 (msr=2230373340), tsc1=0x7efdafdc34, tsc2=0x7efdafefa2, tsc_diff=0x136e, tsc_pg: seq=1, scale=10bfe6c40c62b10, off=0
[  194.036270] cdx: on cpu2, refcnt=2230373349 (msr=2230373354), tsc1=0x7efdafeccb, tsc2=0x7efdaff9e7, tsc_diff=0xd1c, tsc_pg: seq=1, scale=10bfe6c40c62b10, off=0
[  194.036270] cdx: on cpu0, refcnt=2230373333 (msr=2230373339), tsc1=0x7efdafdf1b, tsc2=0x7efdaff34d, tsc_diff=0x1432, tsc_pg: seq=1, scale=10bfe6c40c62b10, off=0
[  194.036272] cdx: on cpu1, refcnt=2230373365 (msr=2230373372), tsc1=0x7efdaffd1f, tsc2=0x7efdb00a85, tsc_diff=0xd66, tsc_pg: seq=1, scale=10bfe6c40c62b10, off=0
[  194.036270] cdx: on cpu3, refcnt=2230373346 (msr=2230373354), tsc1=0x7efdafebc2, tsc2=0x7efdaff98a, tsc_diff=0xdc8, tsc_pg: seq=1, scale=10bfe6c40c62b10, off=0
[  194.036270] cdx: on cpu23, refcnt=2230373344 (msr=2230373351), tsc1=0x7efdafe9b2, tsc2=0x7efdaffbfa, tsc_diff=0x1248, tsc_pg: seq=1, scale=10bfe6c40c62b10, off=0
[  194.036270] cdx: on cpu22, refcnt=2230373335 (msr=2230373347), tsc1=0x7efdafe135, tsc2=0x7efdaff536, tsc_diff=0x1401, tsc_pg: seq=1, scale=10bfe6c40c62b10, off=0
[  194.036291] cdx: on cpu4, refcnt=2230373545 (msr=2230373557), tsc1=0x7efdb0a9d1, tsc2=0x7efdb0c26a, tsc_diff=0x1899, tsc_pg: seq=1, scale=10bfe6c40c62b10, off=0
[  194.036292] cdx: on cpu12, refcnt=2230373550 (msr=2230373561), tsc1=0x7efdb0ae46, tsc2=0x7efdb0c5e9, tsc_diff=0x17a3, tsc_pg: seq=1, scale=10bfe6c40c62b10, off=0
[  194.036291] cdx: on cpu5, refcnt=2230373546 (msr=2230373557), tsc1=0x7efdb0a9ff, tsc2=0x7efdb0c2e1, tsc_diff=0x18e2, tsc_pg: seq=1, scale=10bfe6c40c62b10, off=0
[  194.036292] cdx: on cpu13, refcnt=2230373550 (msr=2230373561), tsc1=0x7efdb0ae7e, tsc2=0x7efdb0c58e, tsc_diff=0x1710, tsc_pg: seq=1, scale=10bfe6c40c62b10, off=0
[  194.036292] cdx: on cpu10, refcnt=2230373551 (msr=2230373566), tsc1=0x7efdb0af1d, tsc2=0x7efdb0cb0f, tsc_diff=0x1bf2, tsc_pg: seq=1, scale=10bfe6c40c62b10, off=0
[  194.036292] cdx: on cpu11, refcnt=2230373551 (msr=2230373566), tsc1=0x7efdb0af48, tsc2=0x7efdb0cb9c, tsc_diff=0x1c54, tsc_pg: seq=1, scale=10bfe6c40c62b10, off=0
[  194.036290] cdx: on cpu14, refcnt=2230373522 (msr=2230373535), tsc1=0x7efdb0936d, tsc2=0x7efdb0b1c4, tsc_diff=0x1e57, tsc_pg: seq=1, scale=10bfe6c40c62b10, off=0
[  194.036291] cdx: on cpu15, refcnt=2230373541 (msr=2230373555), tsc1=0x7efdb0a57f, tsc2=0x7efdb0bdb5, tsc_diff=0x1836, tsc_pg: seq=1, scale=10bfe6c40c62b10, off=0
[  194.036295] cdx: on cpu9, refcnt=2230373592 (msr=2230373602), tsc1=0x7efdb0d62f, tsc2=0x7efdb0e9fe, tsc_diff=0x13cf, tsc_pg: seq=1, scale=10bfe6c40c62b10, off=0
[  194.036294] cdx: on cpu6, refcnt=2230373558 (msr=2230373577), tsc1=0x7efdb0b592, tsc2=0x7efdb0d64d, tsc_diff=0x20bb, tsc_pg: seq=1, scale=10bfe6c40c62b10, off=0
[  194.036294] cdx: on cpu8, refcnt=2230373575 (msr=2230373585), tsc1=0x7efdb0c616, tsc2=0x7efdb0dd89, tsc_diff=0x1773, tsc_pg: seq=1, scale=10bfe6c40c62b10, off=0
[  194.036296] cdx: on cpu7, refcnt=2230373593 (msr=2230373607), tsc1=0x7efdb0d790, tsc2=0x7efdb0ed19, tsc_diff=0x1589, tsc_pg: seq=1, scale=10bfe6c40c62b10, off=0
[  194.036301] cdx: on cpu28, refcnt=2230373629 (msr=2230373644), tsc1=0x7efdb0fa0d, tsc2=0x7efdb11c99, tsc_diff=0x228c, tsc_pg: seq=1, scale=10bfe6c40c62b10, off=0
[  194.036301] cdx: on cpu29, refcnt=2230373630 (msr=2230373643), tsc1=0x7efdb0fa1e, tsc2=0x7efdb11d0c, tsc_diff=0x22ee, tsc_pg: seq=1, scale=10bfe6c40c62b10, off=0
[  194.036302] cdx: on cpu31, refcnt=2230373646 (msr=2230373660), tsc1=0x7efdb1097a, tsc2=0x7efdb128c5, tsc_diff=0x1f4b, tsc_pg: seq=1, scale=10bfe6c40c62b10, off=0
[  194.036302] cdx: on cpu30, refcnt=2230373646 (msr=2230373660), tsc1=0x7efdb1099a, tsc2=0x7efdb12852, tsc_diff=0x1eb8, tsc_pg: seq=1, scale=10bfe6c40c62b10, off=0
[  194.036304] cdx: on cpu27, refcnt=2230373661 (msr=2230373677), tsc1=0x7efdb11802, tsc2=0x7efdb1374d, tsc_diff=0x1f4b, tsc_pg: seq=1, scale=10bfe6c40c62b10, off=0
[  194.036304] cdx: on cpu26, refcnt=2230373661 (msr=2230373677), tsc1=0x7efdb11807, tsc2=0x7efdb137b4, tsc_diff=0x1fad, tsc_pg: seq=1, scale=10bfe6c40c62b10, off=0
[  194.277831] Modules linked in:
[  194.281832] CPU: 18 PID: 0 Comm: swapper/18 Tainted: G        W    L     6.8.12-decui+ #13
[  194.285831] Hardware name: Microsoft Corporation Virtual Machine/Virtual Machine, BIOS 090008  12/07/2018
[  194.289832] RIP: 0010:handle_softirqs+0x73/0x2c0
[  194.293832] Code: ff f7 ff ff 89 75 b8 65 81 05 7d c8 34 6f 00 01 00 00 c7 45 bc 0a 00 00 00 65 66 c7 05 8c c8 34 6f 00 00 fb 41 ba ff ff ff ff <49> c7 c3 c0 60 e0 92 45 0f bc d4 41 83 c2 01 4c 89 db 45 89 d7 0f
[  194.301831] RSP: 0018:ffffab77483dcf60 EFLAGS: 00000286
[  194.305831] RAX: ffff95c8e63e2880 RBX: 0000000000000000 RCX: 0000000040000070
[  194.309832] RDX: 0000000000000000 RSI: 0000000004200042 RDI: 0000000000000000
[  194.313832] RBP: ffffab77483dcfb8 R08: 00000007c45268d7 R09: 8e9a268ef799bdfe
[  194.317832] R10: 00000000ffffffff R11: ffffffffffe610f0 R12: 0000000000000080
[  194.321831] R13: 0000000000000001 R14: 0000000000000000 R15: 0000000000000000
[  194.325831] FS:  0000000000000000(0000) GS:ffff95e85f700000(0000) knlGS:0000000000000000
[  194.331144] CS:  0010 DS: 0000 ES: 0000 CR0: 0000000080050033
[  194.333832] CR2: 0000000000000000 CR3: 000000090aa36000 CR4: 0000000000350ef0
[  194.337832] Call Trace:
[  194.337832]  <IRQ>
[  194.373832]  __irq_exit_rcu+0xb2/0xd0
[  194.373832]  irq_exit_rcu+0xe/0x20
[  194.377832]  sysvec_hyperv_stimer0+0x80/0x90
[  194.377832]  </IRQ>
[  194.381832]  <TASK>
[  194.381832]  asm_sysvec_hyperv_stimer0+0x1b/0x20
[  194.385831] RIP: 0010:default_idle+0xb/0x20
[  194.389832] Code: ff eb c9 cc cc cc cc cc cc cc cc cc cc cc cc 90 90 90 90 90 90 90 90 90 90 90 90 90 90 90 90 eb 07 0f 00 2d c7 91 35 00 fb f4 <fa> e9 da 6e 25 00 66 66 2e 0f 1f 84 00 00 00 00 00 0f 1f 40 00 90
[  194.397832] RSP: 0018:ffffab7740193e98 EFLAGS: 00000216
[  194.401832] RAX: ffff95e85f72efe8 RBX: ffff95c8e63e2880 RCX: 0000000000000000
[  194.405831] RDX: 0000000000000000 RSI: ffff95e85f723ec0 RDI: 000000000001401c
[  194.409831] RBP: ffffab7740193ea0 R08: 00000000da4cf3a8 R09: 0000000000000000
[  194.413832] R10: ffffab7740193e48 R11: 0000000000000000 R12: 0000000000000012
[  194.417831] R13: 0000000000000000 R14: 0000000000000000 R15: 0000000000000000
[  194.425832]  default_idle_call+0x2c/0xa0
[  194.429831]  do_idle+0x1f7/0x240
[  194.437832]  cpu_startup_entry+0x2d/0x30
[  194.437832]  start_secondary+0x120/0x150
[  194.441832]  secondary_startup_64_no_verify+0x184/0x18b
[  194.445831]  </TASK>
[  219.092088] watchdog: cdx: BUG: soft lockup - CPU#19 stuck for 202s! [swapper/19:0]
